W/dalvikvm( 1669): VFY: unable to find class referenced in signature (Landroid/os/health/HealthStats;)
W/dalvikvm( 1669): VFY: unable to find class referenced in signature (Landroid/os/health/HealthStats;)
W/dalvikvm( 1669): VFY: unable to find class referenced in signature (Landroid/os/health/HealthStats;)
W/dalvikvm( 1669): VFY: unable to find class referenced in signature (Landroid/os/health/HealthStats;)
W/dalvikvm( 1669): VFY: unable to find class referenced in signature (Landroid/os/health/HealthStats;)
W/dalvikvm( 1669): VFY: unable to find class referenced in signature (Landroid/os/health/HealthStats;)
W/dalvikvm( 1669): VFY: unable to find class referenced in signature (Landroid/os/health/HealthStats;)
W/dalvikvm( 1669): VFY: unable to find class referenced in signature (Landroid/os/health/HealthStats;)
W/dalvikvm( 1669): VFY: unable to find class referenced in signature (Landroid/os/health/HealthStats;)
I/dalvikvm( 1669): Could not find method android.app.Activity.requestPermissions, referenced from method hb.a
W/dalvikvm( 1669): VFY: unable to resolve virtual method 2760: Landroid/app/Activity;.requestPermissions ([Ljava/lang/String;I)V
D/dalvikvm( 1669): VFY: replacing opcode 0x6e at 0x000a
E/dalvikvm( 1669): Could not find class 'android.app.Notification$Action$Builder', referenced from method hb.a
W/dalvikvm( 1669): VFY: unable to resolve new-instance 413 (Landroid/app/Notification$Action$Builder;) in Lhb;
D/dalvikvm( 1669): VFY: replacing opcode 0x22 at 0x0000
W/dalvikvm( 1669): Unable to resolve superclass of Lga; (808)
W/dalvikvm( 1669): Link of class 'Lga;' failed
E/dalvikvm( 1669): Could not find class 'ga', referenced from method hb.a
W/dalvikvm( 1669): VFY: unable to resolve new-instance 5592 (Lga;) in Lhb;
D/dalvikvm( 1669): VFY: replacing opcode 0x22 at 0x0002
I/dalvikvm( 1669): Could not find method android.view.ViewParent.onStopNestedScroll, referenced from method hb.a
W/dalvikvm( 1669): VFY: unable to resolve interface method 6909: Landroid/view/ViewParent;.onStopNestedScroll (Landroid/view/View;)V
D/dalvikvm( 1669): VFY: replacing opcode 0x72 at 0x0000
I/dalvikvm( 1669): Could not find method android.view.ViewParent.onNestedScroll, referenced from method hb.a
W/dalvikvm( 1669): VFY: unable to resolve interface method 6906: Landroid/view/ViewParent;.onNestedScroll (Landroid/view/View;IIII)V
D/dalvikvm( 1669): VFY: replacing opcode 0x78 at 0x0000
I/dalvikvm( 1669): Could not find method android.view.ViewParent.onNestedPreScroll, referenced from method hb.a
W/dalvikvm( 1669): VFY: unable to resolve interface method 6905: Landroid/view/ViewParent;.onNestedPreScroll (Landroid/view/View;II[I)V
D/dalvikvm( 1669): VFY: replacing opcode 0x72 at 0x0000
I/dalvikvm( 1669): Could not find method android.widget.CompoundButton.setButtonTintList, referenced from method hb.a
W/dalvikvm( 1669): VFY: unable to resolve virtual method 7323: Landroid/widget/CompoundButton;.setButtonTintList (Landroid/content/res/ColorStateList;)V
D/dalvikvm( 1669): VFY: replacing opcode 0x6e at 0x0000
I/dalvikvm( 1669): Could not find method android.widget.CompoundButton.setButtonTintMode, referenced from method hb.a
W/dalvikvm( 1669): VFY: unable to resolve virtual method 7324: Landroid/widget/CompoundButton;.setButtonTintMode (Landroid/graphics/PorterDuff$Mode;)V
D/dalvikvm( 1669): VFY: replacing opcode 0x6e at 0x0000
I/dalvikvm( 1669): Could not find method android.widget.PopupWindow.setOverlapAnchor, referenced from method hb.a
W/dalvikvm( 1669): VFY: unable to resolve virtual method 7756: Landroid/widget/PopupWindow;.setOverlapAnchor (Z)V
D/dalvikvm( 1669): VFY: replacing opcode 0x6e at 0x0000
I/dalvikvm( 1669): Could not find method android.widget.TextView.setTextAppearance, referenced from method hb.a
W/dalvikvm( 1669): VFY: unable to resolve virtual method 8073: Landroid/widget/TextView;.setTextAppearance (I)V
D/dalvikvm( 1669): VFY: replacing opcode 0x6e at 0x0000
E/dalvikvm( 1669): Could not find class 'android.app.Notification$MessagingStyle', referenced from method hb.a
W/dalvikvm( 1669): VFY: unable to resolve new-instance 420 (Landroid/app/Notification$MessagingStyle;) in Lhb;
D/dalvikvm( 1669): VFY: replacing opcode 0x22 at 0x0000
E/dalvikvm( 1669): Could not find class 'android.media.MediaDescription$Builder', referenced from method hb.a
W/dalvikvm( 1669): VFY: unable to resolve check-cast 602 (Landroid/media/MediaDescription$Builder;) in Lhb;
D/dalvikvm( 1669): VFY: replacing opcode 0x1f at 0x0000
E/dalvikvm( 1669): Could not find class 'android.media.MediaDescription$Builder', referenced from method hb.a
W/dalvikvm( 1669): VFY: unable to resolve check-cast 602 (Landroid/media/MediaDescription$Builder;) in Lhb;
D/dalvikvm( 1669): VFY: replacing opcode 0x1f at 0x0000
E/dalvikvm( 1669): Could not find class 'android.media.MediaDescription$Builder', referenced from method hb.a
W/dalvikvm( 1669): VFY: unable to resolve check-cast 602 (Landroid/media/MediaDescription$Builder;) in Lhb;
D/dalvikvm( 1669): VFY: replacing opcode 0x1f at 0x0000
E/dalvikvm( 1669): Could not find class 'android.media.MediaDescription', referenced from method hb.a
W/dalvikvm( 1669): VFY: unable to resolve check-cast 603 (Landroid/media/MediaDescription;) in Lhb;
D/dalvikvm( 1669): VFY: replacing opcode 0x1f at 0x0000
W/dalvikvm( 1669): Unable to resolve superclass of Lfy; (808)
W/dalvikvm( 1669): Link of class 'Lfy;' failed
E/dalvikvm( 1669): Could not find class 'fy', referenced from method hb.a
W/dalvikvm( 1669): VFY: unable to resolve new-instance 5537 (Lfy;) in Lhb;
D/dalvikvm( 1669): VFY: replacing opcode 0x22 at 0x0006
E/dalvikvm( 1669): Could not find class 'android.media.MediaDescription$Builder', referenced from method hb.a
W/dalvikvm( 1669): VFY: unable to resolve check-cast 602 (Landroid/media/MediaDescription$Builder;) in Lhb;
D/dalvikvm( 1669): VFY: replacing opcode 0x1f at 0x0000
E/dalvikvm( 1669): Could not find class 'android.media.session.MediaController', referenced from method hb.a
W/dalvikvm( 1669): VFY: unable to resolve check-cast 627 (Landroid/media/session/MediaController;) in Lhb;
D/dalvikvm( 1669): VFY: replacing opcode 0x1f at 0x0000
E/dalvikvm( 1669): Could not find class 'android.media.session.MediaController', referenced from method hb.a
W/dalvikvm( 1669): VFY: unable to resolve check-cast 627 (Landroid/media/session/MediaController;) in Lhb;
D/dalvikvm( 1669): VFY: replacing opcode 0x1f at 0x0000
E/dalvikvm( 1669): Could not find class 'android.media.MediaDescription$Builder', referenced from method hb.a
W/dalvikvm( 1669): VFY: unable to resolve check-cast 602 (Landroid/media/MediaDescription$Builder;) in Lhb;
D/dalvikvm( 1669): VFY: replacing opcode 0x1f at 0x0000
I/dalvikvm( 1669): Could not find method android.transition.TransitionSet.getTransitionCount, referenced from method hb.a
W/dalvikvm( 1669): VFY: unable to resolve virtual method 6214: Landroid/transition/TransitionSet;.getTransitionCount ()I
D/dalvikvm( 1669): VFY: replacing opcode 0x6e at 0x0008
I/dalvikvm( 1669): Could not find method android.view.ViewGroup.isTransitionGroup, referenced from method hb.a
W/dalvikvm( 1669): VFY: unable to resolve virtual method 6828: Landroid/view/ViewGroup;.isTransitionGroup ()Z
D/dalvikvm( 1669): VFY: replacing opcode 0x6e at 0x000c
I/dalvikvm( 1669): Could not find method android.view.View.getTransitionName, referenced from method hb.a
W/dalvikvm( 1669): VFY: unable to resolve virtual method 6581: Landroid/view/View;.getTransitionName ()Ljava/lang/String;
D/dalvikvm( 1669): VFY: replacing opcode 0x6e at 0x0006
I/dalvikvm( 1669): Could not find method android.graphics.drawable.Drawable.setLayoutDirection, referenced from method hb.a
W/dalvikvm( 1669): VFY: unable to resolve virtual method 3828: Landroid/graphics/drawable/Drawable;.setLayoutDirection (I)Z
D/dalvikvm( 1669): VFY: replacing opcode 0x6e at 0x0000
I/dalvikvm( 1669): Could not find method android.transition.Transition.getTargetNames, referenced from method hb.a
W/dalvikvm( 1669): VFY: unable to resolve virtual method 6204: Landroid/transition/Transition;.getTargetNames ()Ljava/util/List;
D/dalvikvm( 1669): VFY: replacing opcode 0x6e at 0x000a
I/dalvikvm( 1669): Could not find method android.view.ViewParent.onNestedPreFling, referenced from method hb.a
W/dalvikvm( 1669): VFY: unable to resolve interface method 6904: Landroid/view/ViewParent;.onNestedPreFling (Landroid/view/View;FF)Z
D/dalvikvm( 1669): VFY: replacing opcode 0x72 at 0x0000
I/dalvikvm( 1669): Could not find method android.view.ViewParent.onNestedFling, referenced from method hb.a
W/dalvikvm( 1669): VFY: unable to resolve interface method 6903: Landroid/view/ViewParent;.onNestedFling (Landroid/view/View;FFZ)Z
D/dalvikvm( 1669): VFY: replacing opcode 0x72 at 0x0000
I/dalvikvm( 1669): Could not find method android.view.ViewParent.onStartNestedScroll, referenced from method hb.a
W/dalvikvm( 1669): VFY: unable to resolve interface method 6908: Landroid/view/ViewParent;.onStartNestedScroll (Landroid/view/View;Landroid/view/View;I)Z
D/dalvikvm( 1669): VFY: replacing opcode 0x72 at 0x0000
I/dalvikvm( 1669): Could not find method android.widget.EdgeEffect.onPull, referenced from method hb.a
W/dalvikvm( 1669): VFY: unable to resolve virtual method 7337: Landroid/widget/EdgeEffect;.onPull (FF)V
D/dalvikvm( 1669): VFY: replacing opcode 0x6e at 0x0002
W/dalvikvm( 1669): VFY: unable to find class referenced in signature ([Landroid/app/RemoteInput;)
E/dalvikvm( 1669): Could not find class 'android.app.RemoteInput[]', referenced from method hb.a
W/dalvikvm( 1669): VFY: unable to resolve new-array 14157 ([Landroid/app/RemoteInput;) in Lhb;
D/dalvikvm( 1669): VFY: replacing opcode 0x23 at 0x0005
I/dalvikvm( 1669): Could not find method android.content.Context.getColorStateList, referenced from method hb.b
W/dalvikvm( 1669): VFY: unable to resolve virtual method 3099: Landroid/content/Context;.getColorStateList (I)Landroid/content/res/ColorStateList;
D/dalvikvm( 1669): VFY: replacing opcode 0x6e at 0x0000
W/dalvikvm( 1669): VFY: unable to find class referenced in signature (Landroid/os/health/HealthStats;)
W/dalvikvm( 1669): VFY: unable to find class referenced in signature (Landroid/os/health/HealthStats;)
W/dalvikvm( 1669): VFY: unable to find class referenced in signature (Landroid/os/health/HealthStats;)
W/dalvikvm( 1669): VFY: unable to find class referenced in signature (Landroid/os/health/HealthStats;)
W/dalvikvm( 1669): VFY: unable to find class referenced in signature (Landroid/os/health/HealthStats;)
W/dalvikvm( 1669): VFY: unable to find class referenced in signature (Landroid/os/health/HealthStats;)
W/dalvikvm( 1669): VFY: unable to find class referenced in signature (Landroid/os/health/HealthStats;)
W/dalvikvm( 1669): VFY: unable to find class referenced in signature (Landroid/os/health/HealthStats;)
I/dalvikvm( 1669): Could not find method android.os.health.HealthStats.hasTimer, referenced from method hb.b
W/dalvikvm( 1669): VFY: unable to resolve virtual method 4422: Landroid/os/health/HealthStats;.hasTimer (I)Z
D/dalvikvm( 1669): VFY: replacing opcode 0x6e at 0x0001
W/dalvikvm( 1669): VFY: unable to find class referenced in signature (Landroid/os/health/TimerStat;)
W/dalvikvm( 1669): VFY: unable to find class referenced in signature (Landroid/os/health/TimerStat;)
I/dalvikvm( 1669): Could not find method android.view.ViewParent.onNestedScrollAccepted, referenced from method hb.b
W/dalvikvm( 1669): VFY: unable to resolve interface method 6907: Landroid/view/ViewParent;.onNestedScrollAccepted (Landroid/view/View;Landroid/view/View;I)V
D/dalvikvm( 1669): VFY: replacing opcode 0x72 at 0x0000
E/dalvikvm( 1669): Could not find class 'android.media.MediaDescription$Builder', referenced from method hb.b
W/dalvikvm( 1669): VFY: unable to resolve check-cast 602 (Landroid/media/MediaDescription$Builder;) in Lhb;
D/dalvikvm( 1669): VFY: replacing opcode 0x1f at 0x0000
I/dalvikvm( 1669): Could not find method android.transition.TransitionSet.getTransitionCount, referenced from method hb.b
W/dalvikvm( 1669): VFY: unable to resolve virtual method 6214: Landroid/transition/TransitionSet;.getTransitionCount ()I
D/dalvikvm( 1669): VFY: replacing opcode 0x6e at 0x0009
E/dalvikvm( 1669): Could not find class 'android.view.accessibility.AccessibilityNodeInfo$AccessibilityAction', referenced from method hb.b
W/dalvikvm( 1669): VFY: unable to resolve check-cast 912 (Landroid/view/accessibility/AccessibilityNodeInfo$AccessibilityAction;) in Lhb;
D/dalvikvm( 1669): VFY: replacing opcode 0x1f at 0x0002
W/dalvikvm( 1669): VFY: unable to find class referenced in signature (Landroid/os/health/HealthStats;)
W/dalvikvm( 1669): VFY: unable to find class referenced in signature (Landroid/os/health/HealthStats;)
I/dalvikvm( 1669): Could not find method android.content.Context.getColor, referenced from method hb.c
W/dalvikvm( 1669): VFY: unable to resolve virtual method 3098: Landroid/content/Context;.getColor (I)I
D/dalvikvm( 1669): VFY: replacing opcode 0x6e at 0x0000
E/dalvikvm( 1669): Could not find class 'android.media.MediaDescription', referenced from method hb.c
W/dalvikvm( 1669): VFY: unable to resolve check-cast 603 (Landroid/media/MediaDescription;) in Lhb;
D/dalvikvm( 1669): VFY: replacing opcode 0x1f at 0x0000
I/dalvikvm( 1669): Could not find method android.app.AppOpsManager.permissionToOp, referenced from method hb.c
W/dalvikvm( 1669): VFY: unable to resolve static method 2812: Landroid/app/AppOpsManager;.permissionToOp (Ljava/lang/String;)Ljava/lang/String;
D/dalvikvm( 1669): VFY: replacing opcode 0x71 at 0x0000
W/dalvikvm( 1669): VFY: unable to find class referenced in signature (Landroid/os/health/HealthStats;)
W/dalvikvm( 1669): VFY: unable to find class referenced in signature (Landroid/os/health/HealthStats;)
W/dalvikvm( 1669): VFY: unable to find class referenced in signature (Landroid/os/health/HealthStats;)
E/dalvikvm( 1669): Could not find class 'android.media.MediaDescription$Builder', referenced from method hb.c
W/dalvikvm( 1669): VFY: unable to resolve check-cast 602 (Landroid/media/MediaDescription$Builder;) in Lhb;
D/dalvikvm( 1669): VFY: replacing opcode 0x1f at 0x0000
W/dalvikvm( 1669): VFY: unable to find class referenced in signature (Landroid/os/health/HealthStats;)
W/dalvikvm( 1669): VFY: unable to find class referenced in signature (Landroid/os/health/HealthStats;)
W/dalvikvm( 1669): VFY: unable to find class referenced in signature (Landroid/os/health/HealthStats;)
I/dalvikvm( 1669): Could not find method android.os.health.HealthStats.hasTimers, referenced from method hb.c
W/dalvikvm( 1669): VFY: unable to resolve virtual method 4423: Landroid/os/health/HealthStats;.hasTimers (I)Z
D/dalvikvm( 1669): VFY: replacing opcode 0x6e at 0x0000
E/dalvikvm( 1669): Could not find class 'android.media.MediaDescription', referenced from method hb.d
W/dalvikvm( 1669): VFY: unable to resolve check-cast 603 (Landroid/media/MediaDescription;) in Lhb;
D/dalvikvm( 1669): VFY: replacing opcode 0x1f at 0x0000
W/dalvikvm( 1669): VFY: unable to find class referenced in signature (Landroid/os/health/HealthStats;)
I/dalvikvm( 1669): Could not find method android.os.health.HealthStats.hasMeasurements, referenced from method hb.d
W/dalvikvm( 1669): VFY: unable to resolve virtual method 4420: Landroid/os/health/HealthStats;.hasMeasurements (I)Z
D/dalvikvm( 1669): VFY: replacing opcode 0x6e at 0x0003
W/dalvikvm( 1669): VFY: unable to find class referenced in signature (Landroid/os/health/HealthStats;)
W/dalvikvm( 1669): VFY: unable to find class referenced in signature (Landroid/os/health/HealthStats;)
W/dalvikvm( 1669): VFY: unable to find class referenced in signature (Landroid/os/health/HealthStats;)
W/dalvikvm( 1669): VFY: unable to find class referenced in signature (Landroid/os/health/HealthStats;)
E/dalvikvm( 1669): Could not find class 'android.media.MediaDescription', referenced from method hb.e
W/dalvikvm( 1669): VFY: unable to resolve check-cast 603 (Landroid/media/MediaDescription;) in Lhb;
D/dalvikvm( 1669): VFY: replacing opcode 0x1f at 0x0000
W/dalvikvm( 1669): VFY: unable to find class referenced in signature (Landroid/os/health/HealthStats;)
I/dalvikvm( 1669): Could not find method android.os.health.HealthStats.hasStats, referenced from method hb.e
W/dalvikvm( 1669): VFY: unable to resolve virtual method 4421: Landroid/os/health/HealthStats;.hasStats (I)Z
D/dalvikvm( 1669): VFY: replacing opcode 0x6e at 0x0000
W/dalvikvm( 1669): VFY: unable to find class referenced in signature (Landroid/os/health/HealthStats;)
W/dalvikvm( 1669): VFY: unable to find class referenced in signature (Landroid/os/health/HealthStats;)
E/dalvikvm( 1669): Could not find class 'android.media.MediaDescription', referenced from method hb.f
W/dalvikvm( 1669): VFY: unable to resolve check-cast 603 (Landroid/media/MediaDescription;) in Lhb;
D/dalvikvm( 1669): VFY: replacing opcode 0x1f at 0x0000
W/dalvikvm( 1669): VFY: unable to find class referenced in signature (Landroid/os/health/HealthStats;)
W/dalvikvm( 1669): VFY: unable to find class referenced in signature (Landroid/os/health/HealthStats;)
E/dalvikvm( 1669): Could not find class 'android.media.MediaDescription', referenced from method hb.g
W/dalvikvm( 1669): VFY: unable to resolve check-cast 603 (Landroid/media/MediaDescription;) in Lhb;
D/dalvikvm( 1669): VFY: replacing opcode 0x1f at 0x0000
E/dalvikvm( 1669): Could not find class 'android.media.MediaDescription', referenced from method hb.h
W/dalvikvm( 1669): VFY: unable to resolve check-cast 603 (Landroid/media/MediaDescription;) in Lhb;
D/dalvikvm( 1669): VFY: replacing opcode 0x1f at 0x0000
E/dalvikvm( 1669): Could not find class 'android.media.MediaDescription', referenced from method hb.i
W/dalvikvm( 1669): VFY: unable to resolve check-cast 603 (Landroid/media/MediaDescription;) in Lhb;
D/dalvikvm( 1669): VFY: replacing opcode 0x1f at 0x0000
E/dalvikvm( 1669): Could not find class 'android.media.MediaDescription$Builder', referenced from method hb.j
W/dalvikvm( 1669): VFY: unable to resolve check-cast 602 (Landroid/media/MediaDescription$Builder;) in Lhb;
D/dalvikvm( 1669): VFY: replacing opcode 0x1f at 0x0000
E/dalvikvm( 1669): Could not find class 'android.media.session.MediaController', referenced from method hb.k
W/dalvikvm( 1669): VFY: unable to resolve check-cast 627 (Landroid/media/session/MediaController;) in Lhb;
D/dalvikvm( 1669): VFY: replacing opcode 0x1f at 0x0000
E/dalvikvm( 1669): Could not find class 'android.media.session.MediaController', referenced from method hb.l
W/dalvikvm( 1669): VFY: unable to resolve check-cast 627 (Landroid/media/session/MediaController;) in Lhb;
D/dalvikvm( 1669): VFY: replacing opcode 0x1f at 0x0000
E/dalvikvm( 1669): Could not find class 'android.media.session.MediaController', referenced from method hb.m
W/dalvikvm( 1669): VFY: unable to resolve check-cast 627 (Landroid/media/session/MediaController;) in Lhb;
D/dalvikvm( 1669): VFY: replacing opcode 0x1f at 0x0000
E/dalvikvm( 1669): Could not find class 'android.media.session.MediaController', referenced from method hb.n
W/dalvikvm( 1669): VFY: unable to resolve check-cast 627 (Landroid/media/session/MediaController;) in Lhb;
D/dalvikvm( 1669): VFY: replacing opcode 0x1f at 0x0000
E/dalvikvm( 1669): Could not find class 'android.media.session.MediaController$TransportControls', referenced from method hb.o
W/dalvikvm( 1669): VFY: unable to resolve check-cast 626 (Landroid/media/session/MediaController$TransportControls;) in Lhb;
D/dalvikvm( 1669): VFY: replacing opcode 0x1f at 0x0000
E/dalvikvm( 1669): Could not find class 'android.media.session.MediaController$TransportControls', referenced from method hb.p
W/dalvikvm( 1669): VFY: unable to resolve check-cast 626 (Landroid/media/session/MediaController$TransportControls;) in Lhb;
D/dalvikvm( 1669): VFY: replacing opcode 0x1f at 0x0000
E/dalvikvm( 1669): Could not find class 'android.media.session.PlaybackState', referenced from method hb.q
W/dalvikvm( 1669): VFY: unable to resolve check-cast 630 (Landroid/media/session/PlaybackState;) in Lhb;
D/dalvikvm( 1669): VFY: replacing opcode 0x1f at 0x0000
E/dalvikvm( 1669): Could not find class 'android.media.session.PlaybackState', referenced from method hb.r
W/dalvikvm( 1669): VFY: unable to resolve check-cast 630 (Landroid/media/session/PlaybackState;) in Lhb;
D/dalvikvm( 1669): VFY: replacing opcode 0x1f at 0x0000
E/dalvikvm( 1669): Could not find class 'android.media.session.PlaybackState', referenced from method hb.s
W/dalvikvm( 1669): VFY: unable to resolve check-cast 630 (Landroid/media/session/PlaybackState;) in Lhb;
D/dalvikvm( 1669): VFY: replacing opcode 0x1f at 0x0000
I/dalvikvm( 1669): Could not find method android.content.Context.getNoBackupFilesDir, referenced from method hb.s
W/dalvikvm( 1669): VFY: unable to resolve virtual method 3110: Landroid/content/Context;.getNoBackupFilesDir ()Ljava/io/File;
D/dalvikvm( 1669): VFY: replacing opcode 0x6e at 0x0006
E/dalvikvm( 1669): Could not find class 'android.media.session.PlaybackState', referenced from method hb.t
W/dalvikvm( 1669): VFY: unable to resolve check-cast 630 (Landroid/media/session/PlaybackState;) in Lhb;
D/dalvikvm( 1669): VFY: replacing opcode 0x1f at 0x0000
E/dalvikvm( 1669): Could not find class 'android.media.session.PlaybackState', referenced from method hb.u
W/dalvikvm( 1669): VFY: unable to resolve check-cast 630 (Landroid/media/session/PlaybackState;) in Lhb;
D/dalvikvm( 1669): VFY: replacing opcode 0x1f at 0x0000
E/dalvikvm( 1669): Could not find class 'android.media.session.PlaybackState', referenced from method hb.v
W/dalvikvm( 1669): VFY: unable to resolve check-cast 630 (Landroid/media/session/PlaybackState;) in Lhb;
D/dalvikvm( 1669): VFY: replacing opcode 0x1f at 0x0000
E/dalvikvm( 1669): Could not find class 'android.media.session.PlaybackState', referenced from method hb.w
W/dalvikvm( 1669): VFY: unable to resolve check-cast 630 (Landroid/media/session/PlaybackState;) in Lhb;
D/dalvikvm( 1669): VFY: replacing opcode 0x1f at 0x0000
E/dalvikvm( 1669): Could not find class 'android.media.session.PlaybackState', referenced from method hb.x
W/dalvikvm( 1669): VFY: unable to resolve check-cast 630 (Landroid/media/session/PlaybackState;) in Lhb;
D/dalvikvm( 1669): VFY: replacing opcode 0x1f at 0x0000
E/dalvikvm( 1669): Could not find class 'android.media.session.PlaybackState', referenced from method hb.y
W/dalvikvm( 1669): VFY: unable to resolve check-cast 630 (Landroid/media/session/PlaybackState;) in Lhb;
D/dalvikvm( 1669): VFY: replacing opcode 0x1f at 0x0000
D/dalvikvm( 1669): DexOpt: unable to opt direct call 0x0b2d at 0x0e in Lhb;.a
D/dalvikvm( 1669): DexOpt: unable to opt direct call 0x0f11 at 0x0b in Lhb;.a
D/dalvikvm( 1669): DexOpt: unable to opt direct call 0x0f3d at 0x02 in Lhb;.a
D/dalvikvm( 1669): DexOpt: unable to opt direct call 0x1b51 at 0x02 in Lhb;.a
D/dalvikvm( 1669): DexOpt: unable to opt direct call 0x0f98 at 0x04 in Lhb;.a
W/dalvikvm( 1669): Unable to resolve superclass of Lmh; (625)
W/dalvikvm( 1669): Link of class 'Lmh;' failed
D/dalvikvm( 1669): DexOpt: unable to opt direct call 0xde37 at 0x02 in Lhb;.a
D/dalvikvm( 1669): DexOpt: unable to opt direct call 0x0b2d at 0x0e in Lhb;.a
W/dalvikvm( 1669): Unable to resolve superclass of Lga; (808)
W/dalvikvm( 1669): Link of class 'Lga;' failed
D/dalvikvm( 1669): DexOpt: unable to opt direct call 0x8607 at 0x04 in Lhb;.a
D/dalvikvm( 1669): DexOpt: unable to opt direct call 0x0b70 at 0x02 in Lhb;.a
D/dalvikvm( 1669): DexOpt: unable to opt direct call 0x0b6e at 0x29 in Lhb;.a
W/dalvikvm( 1669): Unable to resolve superclass of Lfy; (808)
W/dalvikvm( 1669): Link of class 'Lfy;' failed
D/dalvikvm( 1669): DexOpt: unable to opt direct call 0x8502 at 0x08 in Lhb;.a
D/dalvikvm( 1669): DexOpt: unable to opt direct call 0x0b90 at 0x13 in Lhb;.a
E/dalvikvm( 1669): Could not find class 'android.media.session.PlaybackState$CustomAction', referenced from method lyk.getAction
W/dalvikvm( 1669): VFY: unable to resolve check-cast 629 (Landroid/media/session/PlaybackState$CustomAction;) in Llyk;
D/dalvikvm( 1669): VFY: replacing opcode 0x1f at 0x0000
I/dalvikvm( 1669): Could not find method android.content.res.Resources.getDrawable, referenced from method lyk.getDrawable
W/dalvikvm( 1669): VFY: unable to resolve virtual method 3336: Landroid/content/res/Resources;.getDrawable (ILandroid/content/res/Resources$Theme;)Landroid/graphics/drawable/Drawable;
D/dalvikvm( 1669): VFY: replacing opcode 0x6e at 0x0000
E/dalvikvm( 1669): Could not find class 'android.media.session.PlaybackState$CustomAction', referenced from method lyk.getExtras
W/dalvikvm( 1669): VFY: unable to resolve check-cast 629 (Landroid/media/session/PlaybackState$CustomAction;) in Llyk;
D/dalvikvm( 1669): VFY: replacing opcode 0x1f at 0x0000
E/dalvikvm( 1669): Could not find class 'android.media.session.PlaybackState$CustomAction', referenced from method lyk.getIcon
W/dalvikvm( 1669): VFY: unable to resolve check-cast 629 (Landroid/media/session/PlaybackState$CustomAction;) in Llyk;
D/dalvikvm( 1669): VFY: replacing opcode 0x1f at 0x0000
E/dalvikvm( 1669): Could not find class 'android.media.session.PlaybackState$CustomAction', referenced from method lyk.getName
W/dalvikvm( 1669): VFY: unable to resolve check-cast 629 (Landroid/media/session/PlaybackState$CustomAction;) in Llyk;
D/dalvikvm( 1669): VFY: replacing opcode 0x1f at 0x0000
E/dalvikvm( 1669): Could not find class 'android.content.pm.LauncherApps', referenced from method lyk.isWearAppInstalledL
W/dalvikvm( 1669): VFY: unable to resolve check-cast 482 (Landroid/content/pm/LauncherApps;) in Llyk;
D/dalvikvm( 1669): VFY: replacing opcode 0x1f at 0x000e
E/dalvikvm( 1669): Could not find class 'android.media.MediaMetadata', referenced from method lyk.writeToParcel
W/dalvikvm( 1669): VFY: unable to resolve check-cast 604 (Landroid/media/MediaMetadata;) in Llyk;
D/dalvikvm( 1669): VFY: replacing opcode 0x1f at 0x0000
I/dalvikvm( 1669): Could not find method android.os.BatteryManager.getIntProperty, referenced from method rmx.a
W/dalvikvm( 1669): VFY: unable to resolve virtual method 4144: Landroid/os/BatteryManager;.getIntProperty (I)I
D/dalvikvm( 1669): VFY: replacing opcode 0x6e at 0x0024
I/dalvikvm( 1669): Could not find method android.os.BatteryManager.isCharging, referenced from method rdg.a
W/dalvikvm( 1669): VFY: unable to resolve virtual method 4145: Landroid/os/BatteryManager;.isCharging ()Z
D/dalvikvm( 1669): VFY: replacing opcode 0x6e at 0x0011
I/dalvikvm( 1669): Could not find method android.os.BatteryManager.isCharging, referenced from method rdg.a
W/dalvikvm( 1669): VFY: unable to resolve virtual method 4145: Landroid/os/BatteryManager;.isCharging ()Z
D/dalvikvm( 1669): VFY: replacing opcode 0x6e at 0x0017
I/dalvikvm( 1669): Could not find method android.content.pm.PackageManager.getPackageInstaller, referenced from method ewh.a
W/dalvikvm( 1669): VFY: unable to resolve virtual method 3291: Landroid/content/pm/PackageManager;.getPackageInstaller ()Landroid/content/pm/PackageInstaller;
D/dalvikvm( 1669): VFY: replacing opcode 0x6e at 0x000c
W/dalvikvm( 1669): No implementation found for native Lcom/google/android/libraries/social/jni/crashreporter/NativeCrashHandler;.setup:()V
D/dalvikvm( 1669): Trying to load lib /data/app-lib/com.google.android.apps.plus-1/libcrashreporterer.so 0x4196a4e0
D/dalvikvm( 1669): Added shared lib /data/app-lib/com.google.android.apps.plus-1/libcrashreporterer.so 0x4196a4e0
I/dalvikvm( 1669): Could not find method android.os.PowerManager.isInteractive, referenced from method ogd.onActivityPaused
W/dalvikvm( 1669): VFY: unable to resolve virtual method 836: Landroid/os/PowerManager;.isInteractive ()Z
D/dalvikvm( 1669): VFY: replacing opcode 0x6e at 0x0020
D/dalvikvm( 1039): GC_EXPLICIT freed 1076K, 21% free 15484K/19408K, paused 4ms+11ms, total 113ms
E/dalvikvm( 1669): Could not find class 'android.media.session.PlaybackState', referenced from method bs.a
W/dalvikvm( 1669): VFY: unable to resolve check-cast 630 (Landroid/media/session/PlaybackState;) in Lbs;
D/dalvikvm( 1669): VFY: replacing opcode 0x1f at 0x0000
I/dalvikvm( 1669): Could not find method android.view.View.onApplyWindowInsets, referenced from method bs.a
W/dalvikvm( 1669): VFY: unable to resolve virtual method 6624: Landroid/view/View;.onApplyWindowInsets (Landroid/view/WindowInsets;)Landroid/view/WindowInsets;
D/dalvikvm( 1669): VFY: replacing opcode 0x6e at 0x0009
I/dalvikvm( 1669): Could not find method android.view.View.requestApplyInsets, referenced from method bs.a
W/dalvikvm( 1669): VFY: unable to resolve virtual method 6645: Landroid/view/View;.requestApplyInsets ()V
D/dalvikvm( 1669): VFY: replacing opcode 0x6e at 0x0000
I/dalvikvm( 1669): Could not find method android.view.View.setElevation, referenced from method bs.a
W/dalvikvm( 1669): VFY: unable to resolve virtual method 6671: Landroid/view/View;.setElevation (F)V
D/dalvikvm( 1669): VFY: replacing opcode 0x6e at 0x0000
I/dalvikvm( 1669): Could not find method android.view.View.setBackgroundTintList, referenced from method bs.a
W/dalvikvm( 1669): VFY: unable to resolve virtual method 6665: Landroid/view/View;.setBackgroundTintList (Landroid/content/res/ColorStateList;)V
D/dalvikvm( 1669): VFY: replacing opcode 0x6e at 0x0000
I/dalvikvm( 1669): Could not find method android.view.View.setBackgroundTintMode, referenced from method bs.a
W/dalvikvm( 1669): VFY: unable to resolve virtual method 6666: Landroid/view/View;.setBackgroundTintMode (Landroid/graphics/PorterDuff$Mode;)V
D/dalvikvm( 1669): VFY: replacing opcode 0x6e at 0x0000
I/dalvikvm( 1669): Could not find method android.view.View.setOnApplyWindowInsetsListener, referenced from method bs.a
W/dalvikvm( 1669): VFY: unable to resolve virtual method 6682: Landroid/view/View;.setOnApplyWindowInsetsListener (Landroid/view/View$OnApplyWindowInsetsListener;)V
D/dalvikvm( 1669): VFY: replacing opcode 0x6e at 0x0003
I/dalvikvm( 1669): Failed resolving Lsa; interface 383 'Landroid/view/View$OnApplyWindowInsetsListener;'
W/dalvikvm( 1669): Link of class 'Lsa;' failed
E/dalvikvm( 1669): Could not find class 'sa', referenced from method bs.a
W/dalvikvm( 1669): VFY: unable to resolve new-instance 12973 (Lsa;) in Lbs;
D/dalvikvm( 1669): VFY: replacing opcode 0x22 at 0x0007
I/dalvikvm( 1669): Could not find method android.view.View.getElevation, referenced from method bs.b
W/dalvikvm( 1669): VFY: unable to resolve virtual method 6542: Landroid/view/View;.getElevation ()F
D/dalvikvm( 1669): VFY: replacing opcode 0x6e at 0x0000
I/dalvikvm( 1669): Could not find method android.view.View.dispatchApplyWindowInsets, referenced from method bs.b
W/dalvikvm( 1669): VFY: unable to resolve virtual method 6522: Landroid/view/View;.dispatchApplyWindowInsets (Landroid/view/WindowInsets;)Landroid/view/WindowInsets;
D/dalvikvm( 1669): VFY: replacing opcode 0x6e at 0x0009
I/dalvikvm( 1669): Could not find method android.view.View.getTranslationZ, referenced from method bs.c
W/dalvikvm( 1669): VFY: unable to resolve virtual method 6584: Landroid/view/View;.getTranslationZ ()F
D/dalvikvm( 1669): VFY: replacing opcode 0x6e at 0x0000
I/dalvikvm( 1669): Could not find method android.view.View.getBackgroundTintList, referenced from method bs.d
W/dalvikvm( 1669): VFY: unable to resolve virtual method 6534: Landroid/view/View;.getBackgroundTintList ()Landroid/content/res/ColorStateList;
D/dalvikvm( 1669): VFY: replacing opcode 0x6e at 0x0000
I/dalvikvm( 1669): Could not find method android.view.View.getBackgroundTintMode, referenced from method bs.e
W/dalvikvm( 1669): VFY: unable to resolve virtual method 6535: Landroid/view/View;.getBackgroundTintMode ()Landroid/graphics/PorterDuff$Mode;
D/dalvikvm( 1669): VFY: replacing opcode 0x6e at 0x0000
I/dalvikvm( 1669): Could not find method android.view.View.isNestedScrollingEnabled, referenced from method bs.f
W/dalvikvm( 1669): VFY: unable to resolve virtual method 6613: Landroid/view/View;.isNestedScrollingEnabled ()Z
D/dalvikvm( 1669): VFY: replacing opcode 0x6e at 0x0000
I/dalvikvm( 1669): Could not find method android.view.View.stopNestedScroll, referenced from method bs.g
W/dalvikvm( 1669): VFY: unable to resolve virtual method 6707: Landroid/view/View;.stopNestedScroll ()V
D/dalvikvm( 1669): VFY: replacing opcode 0x6e at 0x0000
I/dalvikvm( 1669): Could not find method android.view.View.getZ, referenced from method bs.h
W/dalvikvm( 1669): VFY: unable to resolve virtual method 6593: Landroid/view/View;.getZ ()F
D/dalvikvm( 1669): VFY: replacing opcode 0x6e at 0x0000
I/dalvikvm( 1669): Failed resolving Lsa; interface 383 'Landroid/view/View$OnApplyWindowInsetsListener;'
W/dalvikvm( 1669): Link of class 'Lsa;' failed
D/dalvikvm( 1669): DexOpt: unable to opt direct call 0xf1bf at 0x09 in Lbs;.a
I/ActivityManager( 1039): Start proc com.android.chrome for broadcast com.android.chrome/org.chromium.base.PowerStatusReceiver: pid=1697 uid=10054 gids={50054, 3003, 1028, 1015}
I/ActivityManager( 1039): Killing 828:com.android.calendar/u0a6 (adj 15): empty #9
W/ContextImpl( 1267): Calling a method in the system process without a qualified user: android.app.ContextImpl.sendBroadcast:1252 android.content.ContextWrapper.sendBroadcast:365 com.motorola.motocare.util.TriggerHelper$TriggerBuilder.send:76 com.motorola.motocare.internal.frameworkevents.ProcessKillTrigger.sendTrigger:147 com.motorola.motocare.internal.frameworkevents.ProcessKillTrigger.handleFrameworkEvent:164 
W/dalvikvm( 1697): VFY: unable to resolve static field 4561 (common_full_open_on_phone) in Lcom/google/android/gms/R$drawable;
D/dalvikvm( 1697): VFY: replacing opcode 0x60 at 0x005a
I/dalvikvm( 1697): Could not find method android.content.pm.PackageManager.getPackageInstaller, referenced from method com.google.android.gms.common.L.v
W/dalvikvm( 1697): VFY: unable to resolve virtual method 742: Landroid/content/pm/PackageManager;.getPackageInstaller ()Landroid/content/pm/PackageInstaller;
D/dalvikvm( 1697): VFY: replacing opcode 0x6e at 0x0013
W/DynamiteModule( 1697): Local module descriptor class for com.google.android.gms.googlecertificates not found.
I/DynamiteModule( 1697): Considering local module com.google.android.gms.googlecertificates:0 and remote module com.google.android.gms.googlecertificates:2
I/DynamiteModule( 1697): Selected remote version of com.google.android.gms.googlecertificates, version >= 2
D/dalvikvm( 1697): DexOpt: couldn't find static field Landroid/os/Build;.SUPPORTED_64_BIT_ABIS
W/dalvikvm( 1697): VFY: unable to resolve static field 784 (SUPPORTED_64_BIT_ABIS) in Landroid/os/Build;
D/dalvikvm( 1697): VFY: replacing opcode 0x62 at 0x0008
D/dalvikvm( 1697): DexOpt: couldn't find static field Landroid/os/Build;.SUPPORTED_ABIS
W/dalvikvm( 1697): VFY: unable to resolve static field 785 (SUPPORTED_ABIS) in Landroid/os/Build;
D/dalvikvm( 1697): VFY: replacing opcode 0x62 at 0x0008
D/dalvikvm( 1697): DexOpt: couldn't find static field Landroid/os/Build;.SUPPORTED_64_BIT_ABIS
W/dalvikvm( 1697): VFY: unable to resolve static field 784 (SUPPORTED_64_BIT_ABIS) in Landroid/os/Build;
D/dalvikvm( 1697): VFY: replacing opcode 0x62 at 0x0012
D/dalvikvm( 1697): DexOpt: couldn't find static field Landroid/os/Build;.SUPPORTED_32_BIT_ABIS
W/dalvikvm( 1697): VFY: unable to resolve static field 783 (SUPPORTED_32_BIT_ABIS) in Landroid/os/Build;
D/dalvikvm( 1697): VFY: replacing opcode 0x62 at 0x0021
D/dalvikvm( 1697): DexOpt: couldn't find static field Landroid/os/Build;.SUPPORTED_64_BIT_ABIS
I/dalvikvm( 1697): DexOpt: unable to optimize static field ref 0x0310 at 0x0d in Lcom/google/android/chimera/container/internal/NativeLibUtils;.a
D/dalvikvm( 1697): DexOpt: couldn't find static field Landroid/os/Build;.SUPPORTED_64_BIT_ABIS
I/dalvikvm( 1697): DexOpt: unable to optimize static field ref 0x0310 at 0x17 in Lcom/google/android/chimera/container/internal/NativeLibUtils;.getSupportedAbisForCurrentRuntime
D/dalvikvm( 1697): DexOpt: couldn't find static field Landroid/os/Build;.SUPPORTED_32_BIT_ABIS
I/dalvikvm( 1697): DexOpt: unable to optimize static field ref 0x030f at 0x26 in Lcom/google/android/chimera/container/internal/NativeLibUtils;.getSupportedAbisForCurrentRuntime
I/dalvikvm( 1697): Could not find method android.content.ContextWrapper.createCredentialProtectedStorageContext, referenced from method com.google.android.chimera.ModuleContext.createCredentialProtectedStorageContext
W/dalvikvm( 1697): VFY: unable to resolve virtual method 2232: Landroid/content/ContextWrapper;.createCredentialProtectedStorageContext ()Landroid/content/Context;
D/dalvikvm( 1697): VFY: replacing opcode 0x6f at 0x0002
I/dalvikvm( 1697): Could not find method android.content.ContextWrapper.createDeviceProtectedStorageContext, referenced from method com.google.android.chimera.ModuleContext.createDeviceProtectedStorageContext
W/dalvikvm( 1697): VFY: unable to resolve virtual method 2233: Landroid/content/ContextWrapper;.createDeviceProtectedStorageContext ()Landroid/content/Context;
D/dalvikvm( 1697): VFY: replacing opcode 0x6f at 0x0002
I/ActivityManager( 1039): Killing 1295:com.motorola.context/u0a10 (adj 15): empty #9
W/ContextImpl( 1267): Calling a method in the system process without a qualified user: android.app.ContextImpl.sendBroadcast:1252 android.content.ContextWrapper.sendBroadcast:365 com.motorola.motocare.util.TriggerHelper$TriggerBuilder.send:76 com.motorola.motocare.internal.frameworkevents.ProcessKillTrigger.sendTrigger:147 com.motorola.motocare.internal.frameworkevents.ProcessKillTrigger.handleFrameworkEvent:164 
E/NetworkScheduler.SR( 2141): Invalid parameter app
E/NetworkScheduler.SR( 2141): Invalid package name : Perhaps you didn't include a PendingIntent in the extras?
I/iu.Environment( 2366): update battery state; isPlugged? true*
I/iu.UploadsManager( 2366): num queued entries: 0
I/iu.UploadsManager( 2366): num updated entries: 0
I/iu.SyncManager( 2366): NEXT; no task
W/ContentTaskController( 2141): Invalid task was provided to stopTracking.
I/ActivityManager( 1039): Start proc com.estrongs.android.pop for broadcast com.estrongs.android.pop/.app.StartServiceReceiver: pid=1712 uid=10097 gids={50097, 3003, 3002, 3001, 1028, 1015}
W/ContentTaskController( 2141): Invalid task was provided to stopTracking.
I/iu.FingerprintManager( 2366): Start processing all media
I/iu.FingerprintManager( 2366): Start processing media store URI: content://media/external/images/media
I/iu.FingerprintManager( 2366): Start processing media store URI: content://media/external/video/media
I/iu.FingerprintManager( 2366): Start processing media store URI: content://media/phoneStorage/images/media
I/iu.FingerprintManager( 2366): Start processing media store URI: content://media/phoneStorage/video/media
I/iu.FingerprintManager( 2366): Finished generating fingerprints; 0.031 seconds
I/iu.FingerprintManager( 2366):   numSeen=1 numGenerated=0 numDeleted=0 numFailed=0
I/dalvikvm( 1669): Could not find method sun.misc.Unsafe.putByte, referenced from method tbp.f
W/dalvikvm( 1669): VFY: unable to resolve virtual method 22942: Lsun/misc/Unsafe;.putByte (Ljava/lang/Object;JB)V
D/dalvikvm( 1669): VFY: replacing opcode 0x6e at 0x001d
I/dalvikvm( 1669): Could not find method sun.misc.Unsafe.putByte, referenced from method tbp.f
W/dalvikvm( 1669): VFY: unable to resolve virtual method 22942: Lsun/misc/Unsafe;.putByte (Ljava/lang/Object;JB)V
D/dalvikvm( 1669): VFY: replacing opcode 0x6e at 0x003b
I/dalvikvm( 1669): Could not find method sun.misc.Unsafe.putByte, referenced from method tbp.k
W/dalvikvm( 1669): VFY: unable to resolve virtual method 22942: Lsun/misc/Unsafe;.putByte (Ljava/lang/Object;JB)V
D/dalvikvm( 1669): VFY: replacing opcode 0x6e at 0x0018
I/dalvikvm( 1669): Could not find method sun.misc.Unsafe.putByte, referenced from method tbp.k
W/dalvikvm( 1669): VFY: unable to resolve virtual method 22942: Lsun/misc/Unsafe;.putByte (Ljava/lang/Object;JB)V
D/dalvikvm( 1669): VFY: replacing opcode 0x6e at 0x0034
I/dalvikvm( 1712): Could not find method android.content.res.Resources.getDrawable, referenced from method com.estrongs.android.pop.esclasses.o.a
W/dalvikvm( 1712): VFY: unable to resolve virtual method 595: Landroid/content/res/Resources;.getDrawable (ILandroid/content/res/Resources$Theme;)Landroid/graphics/drawable/Drawable;
D/dalvikvm( 1712): VFY: replacing opcode 0x6f at 0x000d
E/ObjectHelper( 1712): Can't find method:setCompatibilityInfo
I/SFPerfTracer(  262):       trigger: frame rate (-29.078%)	(42.553 fps)	(23.500 ms) 	(12 drops)	(50 frames)
I/SFPerfTracer(  262):      triggers: (rate: 24:1186) (compose: 0:12) (post: 0:1) (render: 1:30) (50:13614 frames) (51:19714)
D/SFPerfTracer(  262):        layers: (4:11) (DimLayer: 0:37)* (DimLayer: 0:8)* (FocusedStackFrame: 0:164)* (StatusBar: 9:1426) (NavigationBar: 1:1280) (com.android.systemui.ImageWallpaper: 0:68) (DimLayer: 0:222)* (DimLayer: 0:32)* (com.android.launcher/com.android.launcher2.Launcher: 0:30)* (ElectronBeam: 0:27)* (Keyguard: 42:46) 
D/ap      ( 1712): Refresh storage info done.24
W/ContentTaskController( 2141): Invalid newTask was provided to startTracking.
D/dalvikvm( 1712): Trying to load lib /data/app-lib/com.estrongs.android.pop-1/libmyaes.so 0x4195da30
D/dalvikvm( 1712): Added shared lib /data/app-lib/com.estrongs.android.pop-1/libmyaes.so 0x4195da30
W/ContextImpl( 1267): Calling a method in the system process without a qualified user: android.app.ContextImpl.startService:1608 android.content.ContextWrapper.startService:494 android.content.ContextWrapper.startService:494 com.motorola.motocare.internal.batterystats.BatteryStatsAction.onReceive:33 android.app.ActivityThread.handleReceiver:2434 
I/ActivityManager( 1039): Killing 1369:com.android.mms/u0a29 (adj 15): empty #9
W/ContextImpl( 1267): Calling a method in the system process without a qualified user: android.app.ContextImpl.sendBroadcast:1252 android.content.ContextWrapper.sendBroadcast:365 com.motorola.motocare.util.TriggerHelper$TriggerBuilder.send:76 com.motorola.motocare.internal.frameworkevents.ProcessKillTrigger.sendTrigger:147 com.motorola.motocare.internal.frameworkevents.ProcessKillTrigger.handleFrameworkEvent:164 
W/ContentTaskController( 2141): Invalid task was provided to stopTracking.
D/CCE     ( 1950): App motocare requested CCE to send settings
W/BroadcastQueue( 1039): Permission Denial: broadcasting Intent { act=com.motorola.cce.Actions.CCE_SEND_SETTINGS flg=0x10 (has extras) } from com.motorola.genie (pid=1650, uid=10025) is not exported from uid 10032 due to receiver com.motorola.MotGallery2/com.motorola.blur.service.blur.SharedSettingsReceiver
W/ContextImpl( 1267): Calling a method in the system process without a qualified user: android.app.ContextImpl.startService:1608 android.content.ContextWrapper.startService:494 android.content.ContextWrapper.startService:494 com.motorola.motocare.internal.batterystats.BatteryStatsAction.onReceive:33 android.app.ActivityThread.handleReceiver:2434 
I/ActivityManager( 1039): Start proc com.google.android.talk for service com.google.android.talk/com.google.android.apps.hangouts.concurrent.impl.GcmTriggeredNotifier: pid=1739 uid=10067 gids={50067, 3003, 1028, 1015, 3002}
D/dalvikvm( 1267): GC_CONCURRENT freed 2024K, 66% free 3827K/11124K, paused 5ms+3ms, total 56ms
D/dalvikvm( 1267): WAIT_FOR_CONCURRENT_GC blocked 29ms
W/ContentTaskController( 2141): Invalid newTask was provided to startTracking.
D/dalvikvm( 1267): GC_CONCURRENT freed 2518K, 70% free 3411K/11124K, paused 2ms+2ms, total 45ms
W/ContentTaskController( 2141): Invalid task was provided to stopTracking.
D/dalvikvm( 1739): DexOpt: couldn't find static field Landroid/os/Build;.SUPPORTED_ABIS
W/dalvikvm( 1739): VFY: unable to resolve static field 3017 (SUPPORTED_ABIS) in Landroid/os/Build;
D/dalvikvm( 1739): VFY: replacing opcode 0x62 at 0x0000
W/dalvikvm( 1739): Unable to resolve superclass of Lcom/google/android/apps/hangouts/telephony/TeleConnectionService; (802)
W/dalvikvm( 1739): Link of class 'Lcom/google/android/apps/hangouts/telephony/TeleConnectionService;' failed
E/dalvikvm( 1739): Could not find class 'com.google.android.apps.hangouts.telephony.TeleConnectionService', referenced from method act.L
W/dalvikvm( 1739): VFY: unable to resolve const-class 2731 (Lcom/google/android/apps/hangouts/telephony/TeleConnectionService;) in Lact;
D/dalvikvm( 1739): VFY: replacing opcode 0x1c at 0x0002
E/dalvikvm( 1739): Could not find class 'android.telecom.TelecomManager', referenced from method act.N
W/dalvikvm( 1739): VFY: unable to resolve check-cast 812 (Landroid/telecom/TelecomManager;) in Lact;
D/dalvikvm( 1739): VFY: replacing opcode 0x1f at 0x000e
E/dalvikvm( 1739): Could not find class 'android.telecom.TelecomManager', referenced from method act.T
W/dalvikvm( 1739): VFY: unable to resolve check-cast 812 (Landroid/telecom/TelecomManager;) in Lact;
D/dalvikvm( 1739): VFY: replacing opcode 0x1f at 0x000d
I/dalvikvm( 1739): Could not find method android.os.PowerManager.isPowerSaveMode, referenced from method act.U
W/dalvikvm( 1739): VFY: unable to resolve virtual method 5713: Landroid/os/PowerManager;.isPowerSaveMode ()Z
D/dalvikvm( 1739): VFY: replacing opcode 0x6e at 0x0008
I/dalvikvm( 1739): Could not find method android.content.Context.getSystemService, referenced from method act.a
W/dalvikvm( 1739): VFY: unable to resolve virtual method 4532: Landroid/content/Context;.getSystemService (Ljava/lang/Class;)Ljava/lang/Object;
D/dalvikvm( 1739): VFY: replacing opcode 0x6e at 0x0002
E/dalvikvm( 1739): Could not find class 'android.app.Notification$Action$Builder', referenced from method act.a
W/dalvikvm( 1739): VFY: unable to resolve new-instance 411 (Landroid/app/Notification$Action$Builder;) in Lact;
D/dalvikvm( 1739): VFY: replacing opcode 0x22 at 0x0000
I/VacuumService( 1232): Vacuum at: now=1483076925704 tag=VacuumService
I/dalvikvm( 1739): Could not find method android.content.Context.getDrawable, referenced from method act.a
W/dalvikvm( 1739): VFY: unable to resolve virtual method 4516: Landroid/content/Context;.getDrawable (I)Landroid/graphics/drawable/Drawable;
D/dalvikvm( 1739): VFY: replacing opcode 0x6e at 0x0000
I/dalvikvm( 1739): Could not find method android.widget.CompoundButton.getButtonDrawable, referenced from method act.a
W/dalvikvm( 1739): VFY: unable to resolve virtual method 8153: Landroid/widget/CompoundButton;.getButtonDrawable ()Landroid/graphics/drawable/Drawable;
D/dalvikvm( 1739): VFY: replacing opcode 0x6e at 0x0000
E/dalvikvm( 1739): Could not find class 'android.view.inputmethod.InputContentInfo', referenced from method act.a
W/dalvikvm( 1739): VFY: unable to resolve check-cast 1005 (Landroid/view/inputmethod/InputContentInfo;) in Lact;
D/dalvikvm( 1739): VFY: replacing opcode 0x1f at 0x0000
I/dalvikvm( 1739): Could not find method android.app.RemoteInput.getResultsFromIntent, referenced from method act.a
W/dalvikvm( 1739): VFY: unable to resolve static method 4416: Landroid/app/RemoteInput;.getResultsFromIntent (Landroid/content/Intent;)Landroid/os/Bundle;
D/dalvikvm( 1739): VFY: replacing opcode 0x71 at 0x0000
W/dalvikvm( 1739): Unable to resolve superclass of Lgeb; (800)
W/dalvikvm( 1739): Link of class 'Lgeb;' failed
W/dalvikvm( 1739): VFY: unable to find class referenced in signature (Lgeb;)
W/dalvikvm( 1739): VFY: unable to find class referenced in signature (Landroid/telecom/DisconnectCause;)
W/dalvikvm( 1739): Unable to resolve superclass of Lgeb; (800)
W/dalvikvm( 1739): Link of class 'Lgeb;' failed
I/dalvikvm( 1739): Could not find method geb.u, referenced from method act.a
W/dalvikvm( 1739): VFY: unable to resolve virtual method 33538: Lgeb;.u ()Ljava/lang/String;
D/dalvikvm( 1739): VFY: replacing opcode 0x6e at 0x0005
W/dalvikvm( 1739): VFY: unable to find class referenced in signature (Landroid/os/health/HealthStats;)
I/dalvikvm( 1739): Could not find method android.os.health.HealthStats.hasMeasurement, referenced from method act.a
W/dalvikvm( 1739): VFY: unable to resolve virtual method 5769: Landroid/os/health/HealthStats;.hasMeasurement (I)Z
D/dalvikvm( 1739): VFY: replacing opcode 0x6e at 0x0001
I/dalvikvm( 1739): Could not find method android.view.accessibility.AccessibilityNodeInfo$CollectionItemInfo.obtain, referenced from method act.a
W/dalvikvm( 1739): VFY: unable to resolve static method 7961: Landroid/view/accessibility/AccessibilityNodeInfo$CollectionItemInfo;.obtain (IIIIZZ)Landroid/view/accessibility/AccessibilityNodeInfo$CollectionItemInfo;
D/dalvikvm( 1739): VFY: replacing opcode 0x77 at 0x0000
I/dalvikvm( 1739): Could not find method android.view.accessibility.AccessibilityNodeInfo$CollectionInfo.obtain, referenced from method act.a
W/dalvikvm( 1739): VFY: unable to resolve static method 7959: Landroid/view/accessibility/AccessibilityNodeInfo$CollectionInfo;.obtain (IIZI)Landroid/view/accessibility/AccessibilityNodeInfo$CollectionInfo;
D/dalvikvm( 1739): VFY: replacing opcode 0x71 at 0x0000
E/dalvikvm( 1739): Could not find class 'android.view.accessibility.AccessibilityNodeInfo$AccessibilityAction', referenced from method act.a
W/dalvikvm( 1739): VFY: unable to resolve new-instance 982 (Landroid/view/accessibility/AccessibilityNodeInfo$AccessibilityAction;) in Lact;
D/dalvikvm( 1739): VFY: replacing opcode 0x22 at 0x0000
E/dalvikvm( 1739): Could not find class 'android.view.inputmethod.InputContentInfo', referenced from method act.a
W/dalvikvm( 1739): VFY: unable to resolve new-instance 1005 (Landroid/view/inputmethod/InputContentInfo;) in Lact;
D/dalvikvm( 1739): VFY: replacing opcode 0x22 at 0x0000
E/dalvikvm( 1739): Could not find class 'android.view.WindowInsets', referenced from method act.a
W/dalvikvm( 1739): VFY: unable to resolve check-cast 977 (Landroid/view/WindowInsets;) in Lact;
D/dalvikvm( 1739): VFY: replacing opcode 0x1f at 0x0000
I/dalvikvm( 1739): Could not find method android.view.View.getTransitionName, referenced from method act.a
