I/CryptAuthSync( 2366): [DeviceStateSyncManager] Device state fast sync is disabled
I/ActivityManager( 1039): Start proc com.estrongs.android.pop for broadcast com.estrongs.android.pop/.app.StartServiceReceiver: pid=2132 uid=10097 gids={50097, 3003, 3002, 3001, 1028, 1015}
D/LightsService( 1039): Excessive delay setting light: 65ms
I/dalvikvm( 2132): Could not find method android.content.res.Resources.getDrawable, referenced from method com.estrongs.android.pop.esclasses.o.a
W/dalvikvm( 2132): VFY: unable to resolve virtual method 595: Landroid/content/res/Resources;.getDrawable (ILandroid/content/res/Resources$Theme;)Landroid/graphics/drawable/Drawable;
D/dalvikvm( 2132): VFY: replacing opcode 0x6f at 0x000d
E/ObjectHelper( 2132): Can't find method:setCompatibilityInfo
W/InputMethodManagerService( 1039): Window already focused, ignoring focus gain of: com.android.internal.view.IInputMethodClient$Stub$Proxy@425cffb8 attribute=android.view.inputmethod.EditorInfo@42559e08, token = android.os.BinderProxy@42332218
D/ap      ( 2132): Refresh storage info done.24
D/dalvikvm( 2132): Trying to load lib /data/app-lib/com.estrongs.android.pop-1/libmyaes.so 0x4195c6e8
D/dalvikvm( 2132): Added shared lib /data/app-lib/com.estrongs.android.pop-1/libmyaes.so 0x4195c6e8
I/ActivityManager( 1039): Killing 1819:com.android.vending/u0a36 (adj 15): empty #9
W/ContextImpl( 1267): Calling a method in the system process without a qualified user: android.app.ContextImpl.sendBroadcast:1252 android.content.ContextWrapper.sendBroadcast:365 com.motorola.motocare.util.TriggerHelper$TriggerBuilder.send:76 com.motorola.motocare.internal.frameworkevents.ProcessKillTrigger.sendTrigger:147 com.motorola.motocare.internal.frameworkevents.ProcessKillTrigger.handleFrameworkEvent:164 
I/GlobalDismissManager( 1966): no sender configured
D/AlertService( 1966): Beginning updateAlertNotification
D/AlertService( 1966): No fired or scheduled alerts
D/AlertService( 1966): Scheduling next alarm with AlarmScheduler. sEventReminderReceived: null
D/AlarmScheduler( 1966): No events found starting within 1 week.
I/ActivityManager( 1039): Killing 1669:com.google.android.apps.plus/u0a82 (adj 15): empty #9
W/ContextImpl( 1267): Calling a method in the system process without a qualified user: android.app.ContextImpl.sendBroadcast:1252 android.content.ContextWrapper.sendBroadcast:365 com.motorola.motocare.util.TriggerHelper$TriggerBuilder.send:76 com.motorola.motocare.internal.frameworkevents.ProcessKillTrigger.sendTrigger:147 com.motorola.motocare.internal.frameworkevents.ProcessKillTrigger.handleFrameworkEvent:164 
D/SBar.MSimNetwCntrl( 1115): updateTelephonySignalStrength[0]: iconList[iconLevel]=7f020291/zz_moto_stat_sys_signal_2_fully_wide iconLevel=2 mMSimMobileInetCondition=0 mMSimMobileInetConditionSB=1
D/SBar.MSimNetwCntrl( 1115): updateDataIcon[0]: subscription=0
D/SBar.MSimNetwCntrl( 1115): updateDataIcon[0]: dataSub=0
D/SBar.MSimNetwCntrl( 1115): updateDataIcon[0]: SimState=READY
I/SBar.MSimNetwCntrl( 1115): notifySignalsChangedCallbacks[0]: isEmergencyOnly(0)=false enabled=true sim=(none)="(empty)" signal=zz_moto_stat_sys_signal_2_wide="Phone two bars." roaming=(none)="Not roaming."
I/SBar.MSimNetwCntrl( 1115):  type=zz_moto_stat_sys_data_connected_e_wide="Edge" activity=zz_moto_stat_sys_data_connected_signal_none_wide="(empty)"
I/SBar.MSimNetwCntrl( 1115):  slot=1="1" network="AIRCEL"
D/SBar.MSimNetwCntrl( 1115): updateTelephonySignalStrength[0]: iconList[iconLevel]=7f020291/zz_moto_stat_sys_signal_2_fully_wide iconLevel=2 mMSimMobileInetCondition=0 mMSimMobileInetConditionSB=1
D/SBar.MSimNetwCntrl( 1115): updateDataIcon[0]: subscription=0
D/SBar.MSimNetwCntrl( 1115): updateDataIcon[0]: dataSub=0
D/SBar.MSimNetwCntrl( 1115): updateDataIcon[0]: SimState=READY
I/SBar.MSimNetwCntrl( 1115): notifySignalsChangedCallbacks[0]: isEmergencyOnly(0)=false enabled=true sim=(none)="(empty)" signal=zz_moto_stat_sys_signal_2_wide="Phone two bars." roaming=(none)="Not roaming."
I/SBar.MSimNetwCntrl( 1115):  type=zz_moto_stat_sys_data_connected_e_wide="Edge" activity=zz_moto_stat_sys_data_connected_signal_none_wide="(empty)"
I/SBar.MSimNetwCntrl( 1115):  slot=1="1" network="AIRCEL"
I/ActivityManager( 1039): Waited long enough for: ServiceRecord{42627d10 u0 com.google.android.talk/com.google.android.apps.hangouts.service.NetworkConnectionCheckingService}
V/AlarmManager( 1039): sending alarm Alarm{4238e580 type 2 android}
D/ConnectivityService( 1039): Sampling interval elapsed, updating statistics ..
D/ConnectivityService( 1039): Done.
D/ConnectivityService( 1039): Setting timer for 720seconds
I/SBar.MSimNetwCntrl( 1115): onDataActivity[0]: received on subscription :0direction=2
D/SBar.MSimNetwCntrl( 1115): updateTelephonySignalStrength[0]: iconList[iconLevel]=7f020291/zz_moto_stat_sys_signal_2_fully_wide iconLevel=2 mMSimMobileInetCondition=0 mMSimMobileInetConditionSB=1
D/SBar.MSimNetwCntrl( 1115): updateDataIcon[0]: subscription=0
D/SBar.MSimNetwCntrl( 1115): updateDataIcon[0]: dataSub=0
D/SBar.MSimNetwCntrl( 1115): updateDataIcon[0]: SimState=READY
I/SBar.MSimNetwCntrl( 1115): notifySignalsChangedCallbacks[0]: isEmergencyOnly(0)=false enabled=true sim=(none)="(empty)" signal=zz_moto_stat_sys_signal_2_wide="Phone two bars." roaming=(none)="Not roaming."
I/SBar.MSimNetwCntrl( 1115):  type=zz_moto_stat_sys_data_connected_e_wide="Edge" activity=zz_moto_stat_sys_data_connected_signal_out_wide="(empty)"
I/SBar.MSimNetwCntrl( 1115):  slot=1="1" network="AIRCEL"
I/SBar.MSimNetwCntrl( 1115): refreshSignalCluster[0]: mobile: mMSimHasMobileDataFeature[0]=true DataTypeShown=zz_moto_stat_sys_data_fully_connected_e_wide Activity=zz_moto_stat_sys_data_fully_connected_signal_out_wide in=false out=false Accessibility="Edge"
I/SBar.MSimNetwCntrl( 1115): onDataActivity[0]: received on subscription :0direction=0
D/SBar.MSimNetwCntrl( 1115): updateTelephonySignalStrength[0]: iconList[iconLevel]=7f020291/zz_moto_stat_sys_signal_2_fully_wide iconLevel=2 mMSimMobileInetCondition=0 mMSimMobileInetConditionSB=1
D/SBar.MSimNetwCntrl( 1115): updateDataIcon[0]: subscription=0
D/SBar.MSimNetwCntrl( 1115): updateDataIcon[0]: dataSub=0
D/SBar.MSimNetwCntrl( 1115): updateDataIcon[0]: SimState=READY
I/SBar.MSimNetwCntrl( 1115): notifySignalsChangedCallbacks[0]: isEmergencyOnly(0)=false enabled=true sim=(none)="(empty)" signal=zz_moto_stat_sys_signal_2_wide="Phone two bars." roaming=(none)="Not roaming."
I/SBar.MSimNetwCntrl( 1115):  type=zz_moto_stat_sys_data_connected_e_wide="Edge" activity=zz_moto_stat_sys_data_connected_signal_none_wide="(empty)"
I/SBar.MSimNetwCntrl( 1115):  slot=1="1" network="AIRCEL"
I/SBar.MSimNetwCntrl( 1115): refreshSignalCluster[0]: mobile: mMSimHasMobileDataFeature[0]=true DataTypeShown=zz_moto_stat_sys_data_fully_connected_e_wide Activity=zz_moto_stat_sys_data_fully_connected_signal_none_wide in=false out=false Accessibility="Edge"
I/SBar.MSimNetwCntrl( 1115): onDataActivity[0]: received on subscription :0direction=2
D/SBar.MSimNetwCntrl( 1115): updateTelephonySignalStrength[0]: iconList[iconLevel]=7f020291/zz_moto_stat_sys_signal_2_fully_wide iconLevel=2 mMSimMobileInetCondition=0 mMSimMobileInetConditionSB=1
D/SBar.MSimNetwCntrl( 1115): updateDataIcon[0]: subscription=0
D/SBar.MSimNetwCntrl( 1115): updateDataIcon[0]: dataSub=0
D/SBar.MSimNetwCntrl( 1115): updateDataIcon[0]: SimState=READY
I/SBar.MSimNetwCntrl( 1115): notifySignalsChangedCallbacks[0]: isEmergencyOnly(0)=false enabled=true sim=(none)="(empty)" signal=zz_moto_stat_sys_signal_2_wide="Phone two bars." roaming=(none)="Not roaming."
I/SBar.MSimNetwCntrl( 1115):  type=zz_moto_stat_sys_data_connected_e_wide="Edge" activity=zz_moto_stat_sys_data_connected_signal_out_wide="(empty)"
I/SBar.MSimNetwCntrl( 1115):  slot=1="1" network="AIRCEL"
I/SBar.MSimNetwCntrl( 1115): refreshSignalCluster[0]: mobile: mMSimHasMobileDataFeature[0]=true DataTypeShown=zz_moto_stat_sys_data_fully_connected_e_wide Activity=zz_moto_stat_sys_data_fully_connected_signal_out_wide in=false out=false Accessibility="Edge"
I/SBar.MSimNetwCntrl( 1115): onDataActivity[0]: received on subscription :0direction=0
D/SBar.MSimNetwCntrl( 1115): updateTelephonySignalStrength[0]: iconList[iconLevel]=7f020291/zz_moto_stat_sys_signal_2_fully_wide iconLevel=2 mMSimMobileInetCondition=0 mMSimMobileInetConditionSB=1
D/SBar.MSimNetwCntrl( 1115): updateDataIcon[0]: subscription=0
D/SBar.MSimNetwCntrl( 1115): updateDataIcon[0]: dataSub=0
D/SBar.MSimNetwCntrl( 1115): updateDataIcon[0]: SimState=READY
I/SBar.MSimNetwCntrl( 1115): notifySignalsChangedCallbacks[0]: isEmergencyOnly(0)=false enabled=true sim=(none)="(empty)" signal=zz_moto_stat_sys_signal_2_wide="Phone two bars." roaming=(none)="Not roaming."
I/SBar.MSimNetwCntrl( 1115):  type=zz_moto_stat_sys_data_connected_e_wide="Edge" activity=zz_moto_stat_sys_data_connected_signal_none_wide="(empty)"
I/SBar.MSimNetwCntrl( 1115):  slot=1="1" network="AIRCEL"
I/SBar.MSimNetwCntrl( 1115): refreshSignalCluster[0]: mobile: mMSimHasMobileDataFeature[0]=true DataTypeShown=zz_moto_stat_sys_data_fully_connected_e_wide Activity=zz_moto_stat_sys_data_fully_connected_signal_none_wide in=false out=false Accessibility="Edge"
V/NativeCrypto( 2366): SSL shutdown failed: ssl=0x59c07710: Failure in SSL library, usually a protocol error
V/NativeCrypto( 2366): error:100000fa:SSL routines:OPENSSL_internal:SHUTDOWN_WHILE_IN_INIT (third_party/openssl/boringssl/src/ssl/ssl_lib.c:794 0x57685793:0x00000000)
I/SBar.MSimNetwCntrl( 1115): onDataActivity[0]: received on subscription :0direction=2
D/SBar.MSimNetwCntrl( 1115): updateTelephonySignalStrength[0]: iconList[iconLevel]=7f020291/zz_moto_stat_sys_signal_2_fully_wide iconLevel=2 mMSimMobileInetCondition=0 mMSimMobileInetConditionSB=1
D/SBar.MSimNetwCntrl( 1115): updateDataIcon[0]: subscription=0
D/SBar.MSimNetwCntrl( 1115): updateDataIcon[0]: dataSub=0
D/SBar.MSimNetwCntrl( 1115): updateDataIcon[0]: SimState=READY
I/SBar.MSimNetwCntrl( 1115): notifySignalsChangedCallbacks[0]: isEmergencyOnly(0)=false enabled=true sim=(none)="(empty)" signal=zz_moto_stat_sys_signal_2_wide="Phone two bars." roaming=(none)="Not roaming."
I/SBar.MSimNetwCntrl( 1115):  type=zz_moto_stat_sys_data_connected_e_wide="Edge" activity=zz_moto_stat_sys_data_connected_signal_out_wide="(empty)"
I/SBar.MSimNetwCntrl( 1115):  slot=1="1" network="AIRCEL"
I/SBar.MSimNetwCntrl( 1115): refreshSignalCluster[0]: mobile: mMSimHasMobileDataFeature[0]=true DataTypeShown=zz_moto_stat_sys_data_fully_connected_e_wide Activity=zz_moto_stat_sys_data_fully_connected_signal_out_wide in=false out=false Accessibility="Edge"
I/SBar.MSimNetwCntrl( 1115): onDataActivity[0]: received on subscription :0direction=0
D/SBar.MSimNetwCntrl( 1115): updateTelephonySignalStrength[0]: iconList[iconLevel]=7f020291/zz_moto_stat_sys_signal_2_fully_wide iconLevel=2 mMSimMobileInetCondition=0 mMSimMobileInetConditionSB=1
D/SBar.MSimNetwCntrl( 1115): updateDataIcon[0]: subscription=0
D/SBar.MSimNetwCntrl( 1115): updateDataIcon[0]: dataSub=0
D/SBar.MSimNetwCntrl( 1115): updateDataIcon[0]: SimState=READY
I/SBar.MSimNetwCntrl( 1115): notifySignalsChangedCallbacks[0]: isEmergencyOnly(0)=false enabled=true sim=(none)="(empty)" signal=zz_moto_stat_sys_signal_2_wide="Phone two bars." roaming=(none)="Not roaming."
I/SBar.MSimNetwCntrl( 1115):  type=zz_moto_stat_sys_data_connected_e_wide="Edge" activity=zz_moto_stat_sys_data_connected_signal_none_wide="(empty)"
I/SBar.MSimNetwCntrl( 1115):  slot=1="1" network="AIRCEL"
I/SBar.MSimNetwCntrl( 1115): refreshSignalCluster[0]: mobile: mMSimHasMobileDataFeature[0]=true DataTypeShown=zz_moto_stat_sys_data_fully_connected_e_wide Activity=zz_moto_stat_sys_data_fully_connected_signal_none_wide in=false out=false Accessibility="Edge"
I/SBar.MSimNetwCntrl( 1115): onDataActivity[0]: received on subscription :0direction=2
D/SBar.MSimNetwCntrl( 1115): updateTelephonySignalStrength[0]: iconList[iconLevel]=7f020291/zz_moto_stat_sys_signal_2_fully_wide iconLevel=2 mMSimMobileInetCondition=0 mMSimMobileInetConditionSB=1
D/SBar.MSimNetwCntrl( 1115): updateDataIcon[0]: subscription=0
D/SBar.MSimNetwCntrl( 1115): updateDataIcon[0]: dataSub=0
D/SBar.MSimNetwCntrl( 1115): updateDataIcon[0]: SimState=READY
I/SBar.MSimNetwCntrl( 1115): notifySignalsChangedCallbacks[0]: isEmergencyOnly(0)=false enabled=true sim=(none)="(empty)" signal=zz_moto_stat_sys_signal_2_wide="Phone two bars." roaming=(none)="Not roaming."
I/SBar.MSimNetwCntrl( 1115):  type=zz_moto_stat_sys_data_connected_e_wide="Edge" activity=zz_moto_stat_sys_data_connected_signal_out_wide="(empty)"
I/SBar.MSimNetwCntrl( 1115):  slot=1="1" network="AIRCEL"
I/SBar.MSimNetwCntrl( 1115): refreshSignalCluster[0]: mobile: mMSimHasMobileDataFeature[0]=true DataTypeShown=zz_moto_stat_sys_data_fully_connected_e_wide Activity=zz_moto_stat_sys_data_fully_connected_signal_out_wide in=false out=false Accessibility="Edge"
I/SBar.MSimNetwCntrl( 1115): onDataActivity[0]: received on subscription :0direction=0
D/SBar.MSimNetwCntrl( 1115): updateTelephonySignalStrength[0]: iconList[iconLevel]=7f020291/zz_moto_stat_sys_signal_2_fully_wide iconLevel=2 mMSimMobileInetCondition=0 mMSimMobileInetConditionSB=1
D/SBar.MSimNetwCntrl( 1115): updateDataIcon[0]: subscription=0
D/SBar.MSimNetwCntrl( 1115): updateDataIcon[0]: dataSub=0
D/SBar.MSimNetwCntrl( 1115): updateDataIcon[0]: SimState=READY
I/SBar.MSimNetwCntrl( 1115): notifySignalsChangedCallbacks[0]: isEmergencyOnly(0)=false enabled=true sim=(none)="(empty)" signal=zz_moto_stat_sys_signal_2_wide="Phone two bars." roaming=(none)="Not roaming."
I/SBar.MSimNetwCntrl( 1115):  type=zz_moto_stat_sys_data_connected_e_wide="Edge" activity=zz_moto_stat_sys_data_connected_signal_none_wide="(empty)"
I/SBar.MSimNetwCntrl( 1115):  slot=1="1" network="AIRCEL"
I/SBar.MSimNetwCntrl( 1115): refreshSignalCluster[0]: mobile: mMSimHasMobileDataFeature[0]=true DataTypeShown=zz_moto_stat_sys_data_fully_connected_e_wide Activity=zz_moto_stat_sys_data_fully_connected_signal_none_wide in=false out=false Accessibility="Edge"
D/ConnectivityService( 1039): handleInetConditionHoldEnd: net=0, condition=0, published condition=0
I/ModemStatsDSDetect( 1292): onReceive() -Intent { act=android.net.conn.INET_CONDITION_ACTION flg=0x4000010 (has extras) }
I/SBar.MSimNetwCntrl( 1115): onReceive[0]: ConnectivityManager.INET_CONDITION_ACTION Received on subscription :0
I/ModemStatsDSDetect( 1292): INET_CONDITION=0 ,activeNet=NetworkInfo: type: mobile[EDGE], state: CONNECTED/CONNECTED, reason: connected, extra: www, roaming: false, failover: false, isAvailable: true, isConnectedToProvisioningNetwork: false
I/ModemStatsDSDetect( 1292): onReceive() - done, currentInetCondition=0
I/SBar.MSimNetwCntrl( 1115): updateConnectivity[0]: NetworkInfo: NetworkInfo: type: mobile[EDGE], state: CONNECTED/CONNECTED, reason: connected, extra: www, roaming: false, failover: false, isAvailable: true, isConnectedToProvisioningNetwork: false, inetCondition= 0
D/SBar.MSimNetwCntrl( 1115): updateTelephonySignalStrength[0]: iconList[iconLevel]=7f020291/zz_moto_stat_sys_signal_2_fully_wide iconLevel=2 mMSimMobileInetCondition=0 mMSimMobileInetConditionSB=1
D/SBar.MSimNetwCntrl( 1115): updateDataIcon[0]: subscription=0
D/SBar.MSimNetwCntrl( 1115): updateDataIcon[0]: dataSub=0
D/SBar.MSimNetwCntrl( 1115): updateDataIcon[0]: SimState=READY
I/SBar.MSimNetwCntrl( 1115): notifySignalsChangedCallbacks[0]: isEmergencyOnly(0)=false enabled=true sim=(none)="(empty)" signal=zz_moto_stat_sys_signal_2_wide="Phone two bars." roaming=(none)="Not roaming."
I/SBar.MSimNetwCntrl( 1115):  type=zz_moto_stat_sys_data_connected_e_wide="Edge" activity=zz_moto_stat_sys_data_connected_signal_none_wide="(empty)"
I/SBar.MSimNetwCntrl( 1115):  slot=1="1" network="AIRCEL"
D/SBar.MSimNetwCntrl( 1115): updateTelephonySignalStrength[0]: iconList[iconLevel]=7f020291/zz_moto_stat_sys_signal_2_fully_wide iconLevel=2 mMSimMobileInetCondition=0 mMSimMobileInetConditionSB=1
D/SBar.MSimNetwCntrl( 1115): updateDataIcon[0]: subscription=0
D/SBar.MSimNetwCntrl( 1115): updateDataIcon[0]: dataSub=0
D/SBar.MSimNetwCntrl( 1115): updateDataIcon[0]: SimState=READY
I/SBar.MSimNetwCntrl( 1115): notifySignalsChangedCallbacks[0]: isEmergencyOnly(0)=false enabled=true sim=(none)="(empty)" signal=zz_moto_stat_sys_signal_2_wide="Phone two bars." roaming=(none)="Not roaming."
I/SBar.MSimNetwCntrl( 1115):  type=zz_moto_stat_sys_data_connected_e_wide="Edge" activity=zz_moto_stat_sys_data_connected_signal_none_wide="(empty)"
I/SBar.MSimNetwCntrl( 1115):  slot=1="1" network="AIRCEL"
I/ActivityManager( 1039): Killing 1865:com.google.android.googlequicksearchbox:search/u0a43 (adj 15): empty #9
W/ContextImpl( 1267): Calling a method in the system process without a qualified user: android.app.ContextImpl.sendBroadcast:1252 android.content.ContextWrapper.sendBroadcast:365 com.motorola.motocare.util.TriggerHelper$TriggerBuilder.send:76 com.motorola.motocare.internal.frameworkevents.ProcessKillTrigger.sendTrigger:147 com.motorola.motocare.internal.frameworkevents.ProcessKillTrigger.handleFrameworkEvent:164 
D/WifiService( 1039): Client connection lost with reason: 4
I/SBar.MSimNetwCntrl( 1115): onDataActivity[0]: received on subscription :0direction=2
D/SBar.MSimNetwCntrl( 1115): updateTelephonySignalStrength[0]: iconList[iconLevel]=7f020291/zz_moto_stat_sys_signal_2_fully_wide iconLevel=2 mMSimMobileInetCondition=0 mMSimMobileInetConditionSB=1
D/SBar.MSimNetwCntrl( 1115): updateDataIcon[0]: subscription=0
D/SBar.MSimNetwCntrl( 1115): updateDataIcon[0]: dataSub=0
D/SBar.MSimNetwCntrl( 1115): updateDataIcon[0]: SimState=READY
I/SBar.MSimNetwCntrl( 1115): notifySignalsChangedCallbacks[0]: isEmergencyOnly(0)=false enabled=true sim=(none)="(empty)" signal=zz_moto_stat_sys_signal_2_wide="Phone two bars." roaming=(none)="Not roaming."
I/SBar.MSimNetwCntrl( 1115):  type=zz_moto_stat_sys_data_connected_e_wide="Edge" activity=zz_moto_stat_sys_data_connected_signal_out_wide="(empty)"
I/SBar.MSimNetwCntrl( 1115):  slot=1="1" network="AIRCEL"
I/SBar.MSimNetwCntrl( 1115): refreshSignalCluster[0]: mobile: mMSimHasMobileDataFeature[0]=true DataTypeShown=zz_moto_stat_sys_data_fully_connected_e_wide Activity=zz_moto_stat_sys_data_fully_connected_signal_out_wide in=false out=false Accessibility="Edge"
I/SBar.MSimNetwCntrl( 1115): onDataActivity[0]: received on subscription :0direction=0
D/SBar.MSimNetwCntrl( 1115): updateTelephonySignalStrength[0]: iconList[iconLevel]=7f020291/zz_moto_stat_sys_signal_2_fully_wide iconLevel=2 mMSimMobileInetCondition=0 mMSimMobileInetConditionSB=1
D/SBar.MSimNetwCntrl( 1115): updateDataIcon[0]: subscription=0
D/SBar.MSimNetwCntrl( 1115): updateDataIcon[0]: dataSub=0
D/SBar.MSimNetwCntrl( 1115): updateDataIcon[0]: SimState=READY
I/SBar.MSimNetwCntrl( 1115): notifySignalsChangedCallbacks[0]: isEmergencyOnly(0)=false enabled=true sim=(none)="(empty)" signal=zz_moto_stat_sys_signal_2_wide="Phone two bars." roaming=(none)="Not roaming."
I/SBar.MSimNetwCntrl( 1115):  type=zz_moto_stat_sys_data_connected_e_wide="Edge" activity=zz_moto_stat_sys_data_connected_signal_none_wide="(empty)"
I/SBar.MSimNetwCntrl( 1115):  slot=1="1" network="AIRCEL"
I/SBar.MSimNetwCntrl( 1115): refreshSignalCluster[0]: mobile: mMSimHasMobileDataFeature[0]=true DataTypeShown=zz_moto_stat_sys_data_fully_connected_e_wide Activity=zz_moto_stat_sys_data_fully_connected_signal_none_wide in=false out=false Accessibility="Edge"
D/dalvikvm(29677): Debugger has detached; object registry had 1 entries
I/SBar.MSimNetwCntrl( 1115): onDataActivity[0]: received on subscription :0direction=2
D/SBar.MSimNetwCntrl( 1115): updateTelephonySignalStrength[0]: iconList[iconLevel]=7f020291/zz_moto_stat_sys_signal_2_fully_wide iconLevel=2 mMSimMobileInetCondition=0 mMSimMobileInetConditionSB=1
D/SBar.MSimNetwCntrl( 1115): updateDataIcon[0]: subscription=0
D/SBar.MSimNetwCntrl( 1115): updateDataIcon[0]: dataSub=0
D/SBar.MSimNetwCntrl( 1115): updateDataIcon[0]: SimState=READY
I/SBar.MSimNetwCntrl( 1115): notifySignalsChangedCallbacks[0]: isEmergencyOnly(0)=false enabled=true sim=(none)="(empty)" signal=zz_moto_stat_sys_signal_2_wide="Phone two bars." roaming=(none)="Not roaming."
I/SBar.MSimNetwCntrl( 1115):  type=zz_moto_stat_sys_data_connected_e_wide="Edge" activity=zz_moto_stat_sys_data_connected_signal_out_wide="(empty)"
I/SBar.MSimNetwCntrl( 1115):  slot=1="1" network="AIRCEL"
I/SBar.MSimNetwCntrl( 1115): refreshSignalCluster[0]: mobile: mMSimHasMobileDataFeature[0]=true DataTypeShown=zz_moto_stat_sys_data_fully_connected_e_wide Activity=zz_moto_stat_sys_data_fully_connected_signal_out_wide in=false out=false Accessibility="Edge"
I/SBar.MSimNetwCntrl( 1115): onDataActivity[0]: received on subscription :0direction=0
D/SBar.MSimNetwCntrl( 1115): updateTelephonySignalStrength[0]: iconList[iconLevel]=7f020291/zz_moto_stat_sys_signal_2_fully_wide iconLevel=2 mMSimMobileInetCondition=0 mMSimMobileInetConditionSB=1
D/SBar.MSimNetwCntrl( 1115): updateDataIcon[0]: subscription=0
D/SBar.MSimNetwCntrl( 1115): updateDataIcon[0]: dataSub=0
D/SBar.MSimNetwCntrl( 1115): updateDataIcon[0]: SimState=READY
I/SBar.MSimNetwCntrl( 1115): notifySignalsChangedCallbacks[0]: isEmergencyOnly(0)=false enabled=true sim=(none)="(empty)" signal=zz_moto_stat_sys_signal_2_wide="Phone two bars." roaming=(none)="Not roaming."
I/SBar.MSimNetwCntrl( 1115):  type=zz_moto_stat_sys_data_connected_e_wide="Edge" activity=zz_moto_stat_sys_data_connected_signal_none_wide="(empty)"
I/SBar.MSimNetwCntrl( 1115):  slot=1="1" network="AIRCEL"
I/SBar.MSimNetwCntrl( 1115): refreshSignalCluster[0]: mobile: mMSimHasMobileDataFeature[0]=true DataTypeShown=zz_moto_stat_sys_data_fully_connected_e_wide Activity=zz_moto_stat_sys_data_fully_connected_signal_none_wide in=false out=false Accessibility="Edge"
I/SBar.MSimNetwCntrl( 1115): onDataActivity[0]: received on subscription :0direction=2
D/SBar.MSimNetwCntrl( 1115): updateTelephonySignalStrength[0]: iconList[iconLevel]=7f020291/zz_moto_stat_sys_signal_2_fully_wide iconLevel=2 mMSimMobileInetCondition=0 mMSimMobileInetConditionSB=1
D/SBar.MSimNetwCntrl( 1115): updateDataIcon[0]: subscription=0
D/SBar.MSimNetwCntrl( 1115): updateDataIcon[0]: dataSub=0
D/SBar.MSimNetwCntrl( 1115): updateDataIcon[0]: SimState=READY
I/SBar.MSimNetwCntrl( 1115): notifySignalsChangedCallbacks[0]: isEmergencyOnly(0)=false enabled=true sim=(none)="(empty)" signal=zz_moto_stat_sys_signal_2_wide="Phone two bars." roaming=(none)="Not roaming."
I/SBar.MSimNetwCntrl( 1115):  type=zz_moto_stat_sys_data_connected_e_wide="Edge" activity=zz_moto_stat_sys_data_connected_signal_out_wide="(empty)"
I/SBar.MSimNetwCntrl( 1115):  slot=1="1" network="AIRCEL"
I/SBar.MSimNetwCntrl( 1115): refreshSignalCluster[0]: mobile: mMSimHasMobileDataFeature[0]=true DataTypeShown=zz_moto_stat_sys_data_fully_connected_e_wide Activity=zz_moto_stat_sys_data_fully_connected_signal_out_wide in=false out=false Accessibility="Edge"
I/SBar.MSimNetwCntrl( 1115): onDataActivity[0]: received on subscription :0direction=0
D/SBar.MSimNetwCntrl( 1115): updateTelephonySignalStrength[0]: iconList[iconLevel]=7f020291/zz_moto_stat_sys_signal_2_fully_wide iconLevel=2 mMSimMobileInetCondition=0 mMSimMobileInetConditionSB=1
D/SBar.MSimNetwCntrl( 1115): updateDataIcon[0]: subscription=0
D/SBar.MSimNetwCntrl( 1115): updateDataIcon[0]: dataSub=0
D/SBar.MSimNetwCntrl( 1115): updateDataIcon[0]: SimState=READY
I/SBar.MSimNetwCntrl( 1115): notifySignalsChangedCallbacks[0]: isEmergencyOnly(0)=false enabled=true sim=(none)="(empty)" signal=zz_moto_stat_sys_signal_2_wide="Phone two bars." roaming=(none)="Not roaming."
I/SBar.MSimNetwCntrl( 1115):  type=zz_moto_stat_sys_data_connected_e_wide="Edge" activity=zz_moto_stat_sys_data_connected_signal_none_wide="(empty)"
I/SBar.MSimNetwCntrl( 1115):  slot=1="1" network="AIRCEL"
I/SBar.MSimNetwCntrl( 1115): refreshSignalCluster[0]: mobile: mMSimHasMobileDataFeature[0]=true DataTypeShown=zz_moto_stat_sys_data_fully_connected_e_wide Activity=zz_moto_stat_sys_data_fully_connected_signal_none_wide in=false out=false Accessibility="Edge"
W/Babel_NetConnCheckSvc( 1739): IO exception, probably not a captive portal 
I/Babel   ( 1739): connection state changed from UNKNOWN to CONNECTED
I/ActivityManager( 1039): Killing 1908:com.google.android.partnersetup/u0a24 (adj 15): empty #9
W/ContextImpl( 1267): Calling a method in the system process without a qualified user: android.app.ContextImpl.sendBroadcast:1252 android.content.ContextWrapper.sendBroadcast:365 com.motorola.motocare.util.TriggerHelper$TriggerBuilder.send:76 com.motorola.motocare.internal.frameworkevents.ProcessKillTrigger.sendTrigger:147 com.motorola.motocare.internal.frameworkevents.ProcessKillTrigger.handleFrameworkEvent:164 
E/Auth    ( 2141): [GoogleAccountDataServiceImpl] getToken() -> NETWORK_ERROR. Account: <ELLIDED:-60505442>, App: com.google.android.gms, Service: oauth2:https://www.googleapis.com/auth/cclog
E/Auth    ( 2141): dyu: Error when calling server.
E/Auth    ( 2141): 	at dyv.b(:com.google.android.gms:140)
E/Auth    ( 2141): 	at dyv.a(:com.google.android.gms:121)
E/Auth    ( 2141): 	at dxb.a(:com.google.android.gms:451)
E/Auth    ( 2141): 	at dxa.a(:com.google.android.gms:30423)
E/Auth    ( 2141): 	at dxa.a(:com.google.android.gms:313)
E/Auth    ( 2141): 	at fcn.a(:com.google.android.gms:1200)
E/Auth    ( 2141): 	at fcm.a(:com.google.android.gms:569)
E/Auth    ( 2141): 	at fcm.a(:com.google.android.gms:195)
E/Auth    ( 2141): 	at dtj.a(:com.google.android.gms:383)
E/Auth    ( 2141): 	at dtj.a(:com.google.android.gms:232)
E/Auth    ( 2141): 	at bsc.onTransact(:com.google.android.gms:137)
E/Auth    ( 2141): 	at android.os.Binder.execTransact(Binder.java:404)
E/Auth    ( 2141): 	at dalvik.system.NativeStart.run(Native Method)
E/Auth    ( 2141): Caused by: java.net.SocketTimeoutException: failed to connect to android.clients.google.com/216.58.197.78 (port 443) after 30000ms
E/Auth    ( 2141): 	at libcore.io.IoBridge.connectErrno(IoBridge.java:159)
E/Auth    ( 2141): 	at libcore.io.IoBridge.connect(IoBridge.java:112)
E/Auth    ( 2141): 	at java.net.PlainSocketImpl.connect(PlainSocketImpl.java:192)
E/Auth    ( 2141): 	at java.net.PlainSocketImpl.connect(PlainSocketImpl.java:460)
E/Auth    ( 2141): 	at java.net.Socket.connect(Socket.java:833)
E/Auth    ( 2141): 	at com.android.okhttp.internal.Platform.connectSocket(Platform.java:131)
E/Auth    ( 2141): 	at com.android.okhttp.Connection.connect(Connection.java:101)
E/Auth    ( 2141): 	at com.android.okhttp.internal.http.HttpEngine.connect(HttpEngine.java:294)
E/Auth    ( 2141): 	at com.android.okhttp.internal.http.HttpEngine.sendSocketRequest(HttpEngine.java:255)
E/Auth    ( 2141): 	at com.android.okhttp.internal.http.HttpEngine.sendRequest(HttpEngine.java:206)
E/Auth    ( 2141): 	at com.android.okhttp.internal.http.HttpURLConnectionImpl.execute(HttpURLConnectionImpl.java:345)
E/Auth    ( 2141): 	at com.android.okhttp.internal.http.HttpURLConnectionImpl.connect(HttpURLConnectionImpl.java:89)
E/Auth    ( 2141): 	at com.android.okhttp.internal.http.HttpURLConnectionImpl.getOutputStream(HttpURLConnectionImpl.java:197)
E/Auth    ( 2141): 	at com.android.okhttp.internal.http.HttpsURLConnectionImpl.getOutputStream(HttpsURLConnectionImpl.java:254)
E/Auth    ( 2141): 	at psl.a(:com.google.android.gms:949)
E/Auth    ( 2141): 	at psl.a(:com.google.android.gms:767)
E/Auth    ( 2141): 	at fif.a(:com.google.android.gms:2666)
E/Auth    ( 2141): 	at fif.a(:com.google.android.gms:124)
E/Auth    ( 2141): 	at dyv.b(:com.google.android.gms:27246)
E/Auth    ( 2141): 	... 12 more
E/Uploader( 1232): Failed to get auth token: NetworkError
E/Uploader( 1232): java.io.IOException: NetworkError
E/Uploader( 1232): 	at dts.a(:com.google.android.gms:1527)
E/Uploader( 1232): 	at dtr.a(:com.google.android.gms:936)
E/Uploader( 1232): 	at dtr.e(:com.google.android.gms:533)
E/Uploader( 1232): 	at dtp.f(:com.google.android.gms:3575)
E/Uploader( 1232): 	at dtp.a(:com.google.android.gms:2178)
E/Uploader( 1232): 	at dtp.a(:com.google.android.gms:56)
E/Uploader( 1232): 	at hjl.a(:com.google.android.gms:1116)
E/Uploader( 1232): 	at hjl.a(:com.google.android.gms:926)
E/Uploader( 1232): 	at hjl.a(:com.google.android.gms:689)
E/Uploader( 1232): 	at hjl.a(:com.google.android.gms:12634)
E/Uploader( 1232): 	at com.google.android.gms.clearcut.uploader.QosUploaderChimeraService.a(:com.google.android.gms:189)
E/Uploader( 1232): 	at com.google.android.gms.clearcut.uploader.QosUploaderChimeraService.b(:com.google.android.gms:284)
E/Uploader( 1232): 	at com.google.android.gms.clearcut.uploader.QosUploaderChimeraService.a(:com.google.android.gms:96)
E/Uploader( 1232): 	at ovw.run(:com.google.android.gms:254)
E/Uploader( 1232): 	at java.util.concurrent.ThreadPoolExecutor.runWorker(ThreadPoolExecutor.java:1112)
E/Uploader( 1232): 	at java.util.concurrent.ThreadPoolExecutor$Worker.run(ThreadPoolExecutor.java:587)
E/Uploader( 1232): 	at java.lang.Thread.run(Thread.java:841)
I/SBar.MSimNetwCntrl( 1115): onDataActivity[0]: received on subscription :0direction=2
D/SBar.MSimNetwCntrl( 1115): updateTelephonySignalStrength[0]: iconList[iconLevel]=7f020291/zz_moto_stat_sys_signal_2_fully_wide iconLevel=2 mMSimMobileInetCondition=0 mMSimMobileInetConditionSB=1
D/SBar.MSimNetwCntrl( 1115): updateDataIcon[0]: subscription=0
D/SBar.MSimNetwCntrl( 1115): updateDataIcon[0]: dataSub=0
D/SBar.MSimNetwCntrl( 1115): updateDataIcon[0]: SimState=READY
I/SBar.MSimNetwCntrl( 1115): notifySignalsChangedCallbacks[0]: isEmergencyOnly(0)=false enabled=true sim=(none)="(empty)" signal=zz_moto_stat_sys_signal_2_wide="Phone two bars." roaming=(none)="Not roaming."
I/SBar.MSimNetwCntrl( 1115):  type=zz_moto_stat_sys_data_connected_e_wide="Edge" activity=zz_moto_stat_sys_data_connected_signal_out_wide="(empty)"
I/SBar.MSimNetwCntrl( 1115):  slot=1="1" network="AIRCEL"
I/SBar.MSimNetwCntrl( 1115): refreshSignalCluster[0]: mobile: mMSimHasMobileDataFeature[0]=true DataTypeShown=zz_moto_stat_sys_data_fully_connected_e_wide Activity=zz_moto_stat_sys_data_fully_connected_signal_out_wide in=false out=false Accessibility="Edge"
I/SBar.MSimNetwCntrl( 1115): onDataActivity[0]: received on subscription :0direction=0
D/SBar.MSimNetwCntrl( 1115): updateTelephonySignalStrength[0]: iconList[iconLevel]=7f020291/zz_moto_stat_sys_signal_2_fully_wide iconLevel=2 mMSimMobileInetCondition=0 mMSimMobileInetConditionSB=1
D/SBar.MSimNetwCntrl( 1115): updateDataIcon[0]: subscription=0
D/SBar.MSimNetwCntrl( 1115): updateDataIcon[0]: dataSub=0
D/SBar.MSimNetwCntrl( 1115): updateDataIcon[0]: SimState=READY
I/SBar.MSimNetwCntrl( 1115): notifySignalsChangedCallbacks[0]: isEmergencyOnly(0)=false enabled=true sim=(none)="(empty)" signal=zz_moto_stat_sys_signal_2_wide="Phone two bars." roaming=(none)="Not roaming."
I/SBar.MSimNetwCntrl( 1115):  type=zz_moto_stat_sys_data_connected_e_wide="Edge" activity=zz_moto_stat_sys_data_connected_signal_none_wide="(empty)"
I/SBar.MSimNetwCntrl( 1115):  slot=1="1" network="AIRCEL"
I/SBar.MSimNetwCntrl( 1115): refreshSignalCluster[0]: mobile: mMSimHasMobileDataFeature[0]=true DataTypeShown=zz_moto_stat_sys_data_fully_connected_e_wide Activity=zz_moto_stat_sys_data_fully_connected_signal_none_wide in=false out=false Accessibility="Edge"
I/SBar.MSimNetwCntrl( 1115): onDataActivity[0]: received on subscription :0direction=2
D/SBar.MSimNetwCntrl( 1115): updateTelephonySignalStrength[0]: iconList[iconLevel]=7f020291/zz_moto_stat_sys_signal_2_fully_wide iconLevel=2 mMSimMobileInetCondition=0 mMSimMobileInetConditionSB=1
D/SBar.MSimNetwCntrl( 1115): updateDataIcon[0]: subscription=0
D/SBar.MSimNetwCntrl( 1115): updateDataIcon[0]: dataSub=0
D/SBar.MSimNetwCntrl( 1115): updateDataIcon[0]: SimState=READY
I/SBar.MSimNetwCntrl( 1115): notifySignalsChangedCallbacks[0]: isEmergencyOnly(0)=false enabled=true sim=(none)="(empty)" signal=zz_moto_stat_sys_signal_2_wide="Phone two bars." roaming=(none)="Not roaming."
I/SBar.MSimNetwCntrl( 1115):  type=zz_moto_stat_sys_data_connected_e_wide="Edge" activity=zz_moto_stat_sys_data_connected_signal_out_wide="(empty)"
I/SBar.MSimNetwCntrl( 1115):  slot=1="1" network="AIRCEL"
I/SBar.MSimNetwCntrl( 1115): refreshSignalCluster[0]: mobile: mMSimHasMobileDataFeature[0]=true DataTypeShown=zz_moto_stat_sys_data_fully_connected_e_wide Activity=zz_moto_stat_sys_data_fully_connected_signal_out_wide in=false out=false Accessibility="Edge"
I/SBar.MSimNetwCntrl( 1115): onDataActivity[0]: received on subscription :0direction=0
D/SBar.MSimNetwCntrl( 1115): updateTelephonySignalStrength[0]: iconList[iconLevel]=7f020291/zz_moto_stat_sys_signal_2_fully_wide iconLevel=2 mMSimMobileInetCondition=0 mMSimMobileInetConditionSB=1
D/SBar.MSimNetwCntrl( 1115): updateDataIcon[0]: subscription=0
D/SBar.MSimNetwCntrl( 1115): updateDataIcon[0]: dataSub=0
D/SBar.MSimNetwCntrl( 1115): updateDataIcon[0]: SimState=READY
I/SBar.MSimNetwCntrl( 1115): notifySignalsChangedCallbacks[0]: isEmergencyOnly(0)=false enabled=true sim=(none)="(empty)" signal=zz_moto_stat_sys_signal_2_wide="Phone two bars." roaming=(none)="Not roaming."
I/SBar.MSimNetwCntrl( 1115):  type=zz_moto_stat_sys_data_connected_e_wide="Edge" activity=zz_moto_stat_sys_data_connected_signal_none_wide="(empty)"
I/SBar.MSimNetwCntrl( 1115):  slot=1="1" network="AIRCEL"
I/SBar.MSimNetwCntrl( 1115): refreshSignalCluster[0]: mobile: mMSimHasMobileDataFeature[0]=true DataTypeShown=zz_moto_stat_sys_data_fully_connected_e_wide Activity=zz_moto_stat_sys_data_fully_connected_signal_none_wide in=false out=false Accessibility="Edge"
I/SBar.MSimNetwCntrl( 1115): onDataActivity[0]: received on subscription :0direction=2
D/SBar.MSimNetwCntrl( 1115): updateTelephonySignalStrength[0]: iconList[iconLevel]=7f020291/zz_moto_stat_sys_signal_2_fully_wide iconLevel=2 mMSimMobileInetCondition=0 mMSimMobileInetConditionSB=1
D/SBar.MSimNetwCntrl( 1115): updateDataIcon[0]: subscription=0
D/SBar.MSimNetwCntrl( 1115): updateDataIcon[0]: dataSub=0
D/SBar.MSimNetwCntrl( 1115): updateDataIcon[0]: SimState=READY
I/SBar.MSimNetwCntrl( 1115): notifySignalsChangedCallbacks[0]: isEmergencyOnly(0)=false enabled=true sim=(none)="(empty)" signal=zz_moto_stat_sys_signal_2_wide="Phone two bars." roaming=(none)="Not roaming."
I/SBar.MSimNetwCntrl( 1115):  type=zz_moto_stat_sys_data_connected_e_wide="Edge" activity=zz_moto_stat_sys_data_connected_signal_out_wide="(empty)"
I/SBar.MSimNetwCntrl( 1115):  slot=1="1" network="AIRCEL"
I/SBar.MSimNetwCntrl( 1115): refreshSignalCluster[0]: mobile: mMSimHasMobileDataFeature[0]=true DataTypeShown=zz_moto_stat_sys_data_fully_connected_e_wide Activity=zz_moto_stat_sys_data_fully_connected_signal_out_wide in=false out=false Accessibility="Edge"
I/SBar.MSimNetwCntrl( 1115): onDataActivity[0]: received on subscription :0direction=0
D/SBar.MSimNetwCntrl( 1115): updateTelephonySignalStrength[0]: iconList[iconLevel]=7f020291/zz_moto_stat_sys_signal_2_fully_wide iconLevel=2 mMSimMobileInetCondition=0 mMSimMobileInetConditionSB=1
D/SBar.MSimNetwCntrl( 1115): updateDataIcon[0]: subscription=0
D/SBar.MSimNetwCntrl( 1115): updateDataIcon[0]: dataSub=0
D/SBar.MSimNetwCntrl( 1115): updateDataIcon[0]: SimState=READY
I/SBar.MSimNetwCntrl( 1115): notifySignalsChangedCallbacks[0]: isEmergencyOnly(0)=false enabled=true sim=(none)="(empty)" signal=zz_moto_stat_sys_signal_2_wide="Phone two bars." roaming=(none)="Not roaming."
I/SBar.MSimNetwCntrl( 1115):  type=zz_moto_stat_sys_data_connected_e_wide="Edge" activity=zz_moto_stat_sys_data_connected_signal_none_wide="(empty)"
I/SBar.MSimNetwCntrl( 1115):  slot=1="1" network="AIRCEL"
I/SBar.MSimNetwCntrl( 1115): refreshSignalCluster[0]: mobile: mMSimHasMobileDataFeature[0]=true DataTypeShown=zz_moto_stat_sys_data_fully_connected_e_wide Activity=zz_moto_stat_sys_data_fully_connected_signal_none_wide in=false out=false Accessibility="Edge"
V/AlarmManager( 1039): sending alarm Alarm{4238bb28 type 3 android}
I/SFPerfTracer(  262):      triggers: (rate: 0:0) (14136 sw vsyncs) (0 skipped) (94:18681 vsyncs) (96:39063)
I/SFPerfTracer(  262):      triggers: (rate: 24:1186) (compose: 0:12) (post: 0:1) (render: 1:30) (22:13717 frames) (23:19830)
D/SFPerfTracer(  262):        layers: (4:10) (DimLayer: 0:37)* (DimLayer: 0:8)* (FocusedStackFrame: 0:166)* (StatusBar: 0:1495) (NavigationBar: 23:1316) (com.android.systemui.ImageWallpaper: 0:69) (DimLayer: 0:222)* (DimLayer: 0:32)* (com.android.launcher/com.android.launcher2.Launcher: 13:46) (Keyguard: 0:69)* 
I/SBar.MSimNetwCntrl( 1115): onDataActivity[0]: received on subscription :0direction=2
D/SBar.MSimNetwCntrl( 1115): updateTelephonySignalStrength[0]: iconList[iconLevel]=7f020291/zz_moto_stat_sys_signal_2_fully_wide iconLevel=2 mMSimMobileInetCondition=0 mMSimMobileInetConditionSB=1
D/SBar.MSimNetwCntrl( 1115): updateDataIcon[0]: subscription=0
D/SBar.MSimNetwCntrl( 1115): updateDataIcon[0]: dataSub=0
D/SBar.MSimNetwCntrl( 1115): updateDataIcon[0]: SimState=READY
I/SBar.MSimNetwCntrl( 1115): notifySignalsChangedCallbacks[0]: isEmergencyOnly(0)=false enabled=true sim=(none)="(empty)" signal=zz_moto_stat_sys_signal_2_wide="Phone two bars." roaming=(none)="Not roaming."
I/SBar.MSimNetwCntrl( 1115):  type=zz_moto_stat_sys_data_connected_e_wide="Edge" activity=zz_moto_stat_sys_data_connected_signal_out_wide="(empty)"
I/SBar.MSimNetwCntrl( 1115):  slot=1="1" network="AIRCEL"
I/SBar.MSimNetwCntrl( 1115): refreshSignalCluster[0]: mobile: mMSimHasMobileDataFeature[0]=true DataTypeShown=zz_moto_stat_sys_data_fully_connected_e_wide Activity=zz_moto_stat_sys_data_fully_connected_signal_out_wide in=false out=false Accessibility="Edge"
I/SBar.MSimNetwCntrl( 1115): onDataActivity[0]: received on subscription :0direction=0
D/SBar.MSimNetwCntrl( 1115): updateTelephonySignalStrength[0]: iconList[iconLevel]=7f020291/zz_moto_stat_sys_signal_2_fully_wide iconLevel=2 mMSimMobileInetCondition=0 mMSimMobileInetConditionSB=1
D/SBar.MSimNetwCntrl( 1115): updateDataIcon[0]: subscription=0
D/SBar.MSimNetwCntrl( 1115): updateDataIcon[0]: dataSub=0
D/SBar.MSimNetwCntrl( 1115): updateDataIcon[0]: SimState=READY
I/SBar.MSimNetwCntrl( 1115): notifySignalsChangedCallbacks[0]: isEmergencyOnly(0)=false enabled=true sim=(none)="(empty)" signal=zz_moto_stat_sys_signal_2_wide="Phone two bars." roaming=(none)="Not roaming."
I/SBar.MSimNetwCntrl( 1115):  type=zz_moto_stat_sys_data_connected_e_wide="Edge" activity=zz_moto_stat_sys_data_connected_signal_none_wide="(empty)"
I/SBar.MSimNetwCntrl( 1115):  slot=1="1" network="AIRCEL"
I/SBar.MSimNetwCntrl( 1115): refreshSignalCluster[0]: mobile: mMSimHasMobileDataFeature[0]=true DataTypeShown=zz_moto_stat_sys_data_fully_connected_e_wide Activity=zz_moto_stat_sys_data_fully_connected_signal_none_wide in=false out=false Accessibility="Edge"
V/AlarmManager( 1039): sending alarm Alarm{4238d430 type 2 com.android.phone}
V/AlarmManager( 1039): sending alarm Alarm{4247d908 type 3 com.google.android.gms}
D/dalvikvm( 1232): GC_CONCURRENT freed 1973K, 42% free 6515K/11124K, paused 9ms+6ms, total 64ms
I/PhenotypeFlagCommitter( 1232): Experiment Configs successfully retrieved for com.google.android.gms.lockbox
V/AlarmManager( 1039): sending alarm Alarm{425281d8 type 2 com.google.android.gms}
I/SBar.MSimNetwCntrl( 1115): onDataActivity[0]: received on subscription :0direction=2
D/SBar.MSimNetwCntrl( 1115): updateTelephonySignalStrength[0]: iconList[iconLevel]=7f020291/zz_moto_stat_sys_signal_2_fully_wide iconLevel=2 mMSimMobileInetCondition=0 mMSimMobileInetConditionSB=1
D/SBar.MSimNetwCntrl( 1115): updateDataIcon[0]: subscription=0
D/SBar.MSimNetwCntrl( 1115): updateDataIcon[0]: dataSub=0
D/SBar.MSimNetwCntrl( 1115): updateDataIcon[0]: SimState=READY
I/SBar.MSimNetwCntrl( 1115): notifySignalsChangedCallbacks[0]: isEmergencyOnly(0)=false enabled=true sim=(none)="(empty)" signal=zz_moto_stat_sys_signal_2_wide="Phone two bars." roaming=(none)="Not roaming."
I/SBar.MSimNetwCntrl( 1115):  type=zz_moto_stat_sys_data_connected_e_wide="Edge" activity=zz_moto_stat_sys_data_connected_signal_out_wide="(empty)"
I/SBar.MSimNetwCntrl( 1115):  slot=1="1" network="AIRCEL"
I/SBar.MSimNetwCntrl( 1115): refreshSignalCluster[0]: mobile: mMSimHasMobileDataFeature[0]=true DataTypeShown=zz_moto_stat_sys_data_fully_connected_e_wide Activity=zz_moto_stat_sys_data_fully_connected_signal_out_wide in=false out=false Accessibility="Edge"
I/SBar.MSimNetwCntrl( 1115): onDataActivity[0]: received on subscription :0direction=0
D/SBar.MSimNetwCntrl( 1115): updateTelephonySignalStrength[0]: iconList[iconLevel]=7f020291/zz_moto_stat_sys_signal_2_fully_wide iconLevel=2 mMSimMobileInetCondition=0 mMSimMobileInetConditionSB=1
D/SBar.MSimNetwCntrl( 1115): updateDataIcon[0]: subscription=0
D/SBar.MSimNetwCntrl( 1115): updateDataIcon[0]: dataSub=0
D/SBar.MSimNetwCntrl( 1115): updateDataIcon[0]: SimState=READY
I/SBar.MSimNetwCntrl( 1115): notifySignalsChangedCallbacks[0]: isEmergencyOnly(0)=false enabled=true sim=(none)="(empty)" signal=zz_moto_stat_sys_signal_2_wide="Phone two bars." roaming=(none)="Not roaming."
I/SBar.MSimNetwCntrl( 1115):  type=zz_moto_stat_sys_data_connected_e_wide="Edge" activity=zz_moto_stat_sys_data_connected_signal_none_wide="(empty)"
I/SBar.MSimNetwCntrl( 1115):  slot=1="1" network="AIRCEL"
I/SBar.MSimNetwCntrl( 1115): refreshSignalCluster[0]: mobile: mMSimHasMobileDataFeature[0]=true DataTypeShown=zz_moto_stat_sys_data_fully_connected_e_wide Activity=zz_moto_stat_sys_data_fully_connected_signal_none_wide in=false out=false Accessibility="Edge"
I/SBar.MSimNetwCntrl( 1115): onDataActivity[0]: received on subscription :0direction=2
D/SBar.MSimNetwCntrl( 1115): updateTelephonySignalStrength[0]: iconList[iconLevel]=7f020291/zz_moto_stat_sys_signal_2_fully_wide iconLevel=2 mMSimMobileInetCondition=0 mMSimMobileInetConditionSB=1
D/SBar.MSimNetwCntrl( 1115): updateDataIcon[0]: subscription=0
D/SBar.MSimNetwCntrl( 1115): updateDataIcon[0]: dataSub=0
D/SBar.MSimNetwCntrl( 1115): updateDataIcon[0]: SimState=READY
I/SBar.MSimNetwCntrl( 1115): notifySignalsChangedCallbacks[0]: isEmergencyOnly(0)=false enabled=true sim=(none)="(empty)" signal=zz_moto_stat_sys_signal_2_wide="Phone two bars." roaming=(none)="Not roaming."
I/SBar.MSimNetwCntrl( 1115):  type=zz_moto_stat_sys_data_connected_e_wide="Edge" activity=zz_moto_stat_sys_data_connected_signal_out_wide="(empty)"
I/SBar.MSimNetwCntrl( 1115):  slot=1="1" network="AIRCEL"
I/SBar.MSimNetwCntrl( 1115): refreshSignalCluster[0]: mobile: mMSimHasMobileDataFeature[0]=true DataTypeShown=zz_moto_stat_sys_data_fully_connected_e_wide Activity=zz_moto_stat_sys_data_fully_connected_signal_out_wide in=false out=false Accessibility="Edge"
I/SBar.MSimNetwCntrl( 1115): onDataActivity[0]: received on subscription :0direction=0
D/SBar.MSimNetwCntrl( 1115): updateTelephonySignalStrength[0]: iconList[iconLevel]=7f020291/zz_moto_stat_sys_signal_2_fully_wide iconLevel=2 mMSimMobileInetCondition=0 mMSimMobileInetConditionSB=1
D/SBar.MSimNetwCntrl( 1115): updateDataIcon[0]: subscription=0
D/SBar.MSimNetwCntrl( 1115): updateDataIcon[0]: dataSub=0
D/SBar.MSimNetwCntrl( 1115): updateDataIcon[0]: SimState=READY
I/SBar.MSimNetwCntrl( 1115): notifySignalsChangedCallbacks[0]: isEmergencyOnly(0)=false enabled=true sim=(none)="(empty)" signal=zz_moto_stat_sys_signal_2_wide="Phone two bars." roaming=(none)="Not roaming."
I/SBar.MSimNetwCntrl( 1115):  type=zz_moto_stat_sys_data_connected_e_wide="Edge" activity=zz_moto_stat_sys_data_connected_signal_none_wide="(empty)"
I/SBar.MSimNetwCntrl( 1115):  slot=1="1" network="AIRCEL"
I/SBar.MSimNetwCntrl( 1115): refreshSignalCluster[0]: mobile: mMSimHasMobileDataFeature[0]=true DataTypeShown=zz_moto_stat_sys_data_fully_connected_e_wide Activity=zz_moto_stat_sys_data_fully_connected_signal_none_wide in=false out=false Accessibility="Edge"
I/SBar.MSimNetwCntrl( 1115): onDataActivity[0]: received on subscription :0direction=2
D/SBar.MSimNetwCntrl( 1115): updateTelephonySignalStrength[0]: iconList[iconLevel]=7f020291/zz_moto_stat_sys_signal_2_fully_wide iconLevel=2 mMSimMobileInetCondition=0 mMSimMobileInetConditionSB=1
D/SBar.MSimNetwCntrl( 1115): updateDataIcon[0]: subscription=0
D/SBar.MSimNetwCntrl( 1115): updateDataIcon[0]: dataSub=0
D/SBar.MSimNetwCntrl( 1115): updateDataIcon[0]: SimState=READY
I/SBar.MSimNetwCntrl( 1115): notifySignalsChangedCallbacks[0]: isEmergencyOnly(0)=false enabled=true sim=(none)="(empty)" signal=zz_moto_stat_sys_signal_2_wide="Phone two bars." roaming=(none)="Not roaming."
I/SBar.MSimNetwCntrl( 1115):  type=zz_moto_stat_sys_data_connected_e_wide="Edge" activity=zz_moto_stat_sys_data_connected_signal_out_wide="(empty)"
I/SBar.MSimNetwCntrl( 1115):  slot=1="1" network="AIRCEL"
I/SBar.MSimNetwCntrl( 1115): refreshSignalCluster[0]: mobile: mMSimHasMobileDataFeature[0]=true DataTypeShown=zz_moto_stat_sys_data_fully_connected_e_wide Activity=zz_moto_stat_sys_data_fully_connected_signal_out_wide in=false out=false Accessibility="Edge"
I/SBar.MSimNetwCntrl( 1115): onDataActivity[0]: received on subscription :0direction=0
D/SBar.MSimNetwCntrl( 1115): updateTelephonySignalStrength[0]: iconList[iconLevel]=7f020291/zz_moto_stat_sys_signal_2_fully_wide iconLevel=2 mMSimMobileInetCondition=0 mMSimMobileInetConditionSB=1
D/SBar.MSimNetwCntrl( 1115): updateDataIcon[0]: subscription=0
D/SBar.MSimNetwCntrl( 1115): updateDataIcon[0]: dataSub=0
D/SBar.MSimNetwCntrl( 1115): updateDataIcon[0]: SimState=READY
I/SBar.MSimNetwCntrl( 1115): notifySignalsChangedCallbacks[0]: isEmergencyOnly(0)=false enabled=true sim=(none)="(empty)" signal=zz_moto_stat_sys_signal_2_wide="Phone two bars." roaming=(none)="Not roaming."
I/SBar.MSimNetwCntrl( 1115):  type=zz_moto_stat_sys_data_connected_e_wide="Edge" activity=zz_moto_stat_sys_data_connected_signal_none_wide="(empty)"
I/SBar.MSimNetwCntrl( 1115):  slot=1="1" network="AIRCEL"
I/SBar.MSimNetwCntrl( 1115): refreshSignalCluster[0]: mobile: mMSimHasMobileDataFeature[0]=true DataTypeShown=zz_moto_stat_sys_data_fully_connected_e_wide Activity=zz_moto_stat_sys_data_fully_connected_signal_none_wide in=false out=false Accessibility="Edge"
I/SBar.MSimNetwCntrl( 1115): onDataActivity[0]: received on subscription :0direction=2
D/SBar.MSimNetwCntrl( 1115): updateTelephonySignalStrength[0]: iconList[iconLevel]=7f020291/zz_moto_stat_sys_signal_2_fully_wide iconLevel=2 mMSimMobileInetCondition=0 mMSimMobileInetConditionSB=1
D/SBar.MSimNetwCntrl( 1115): updateDataIcon[0]: subscription=0
D/SBar.MSimNetwCntrl( 1115): updateDataIcon[0]: dataSub=0
D/SBar.MSimNetwCntrl( 1115): updateDataIcon[0]: SimState=READY
I/SBar.MSimNetwCntrl( 1115): notifySignalsChangedCallbacks[0]: isEmergencyOnly(0)=false enabled=true sim=(none)="(empty)" signal=zz_moto_stat_sys_signal_2_wide="Phone two bars." roaming=(none)="Not roaming."
I/SBar.MSimNetwCntrl( 1115):  type=zz_moto_stat_sys_data_connected_e_wide="Edge" activity=zz_moto_stat_sys_data_connected_signal_out_wide="(empty)"
I/SBar.MSimNetwCntrl( 1115):  slot=1="1" network="AIRCEL"
I/SBar.MSimNetwCntrl( 1115): refreshSignalCluster[0]: mobile: mMSimHasMobileDataFeature[0]=true DataTypeShown=zz_moto_stat_sys_data_fully_connected_e_wide Activity=zz_moto_stat_sys_data_fully_connected_signal_out_wide in=false out=false Accessibility="Edge"
I/SBar.MSimNetwCntrl( 1115): onDataActivity[0]: received on subscription :0direction=0
D/SBar.MSimNetwCntrl( 1115): updateTelephonySignalStrength[0]: iconList[iconLevel]=7f020291/zz_moto_stat_sys_signal_2_fully_wide iconLevel=2 mMSimMobileInetCondition=0 mMSimMobileInetConditionSB=1
D/SBar.MSimNetwCntrl( 1115): updateDataIcon[0]: subscription=0
D/SBar.MSimNetwCntrl( 1115): updateDataIcon[0]: dataSub=0
D/SBar.MSimNetwCntrl( 1115): updateDataIcon[0]: SimState=READY
I/SBar.MSimNetwCntrl( 1115): notifySignalsChangedCallbacks[0]: isEmergencyOnly(0)=false enabled=true sim=(none)="(empty)" signal=zz_moto_stat_sys_signal_2_wide="Phone two bars." roaming=(none)="Not roaming."
I/SBar.MSimNetwCntrl( 1115):  type=zz_moto_stat_sys_data_connected_e_wide="Edge" activity=zz_moto_stat_sys_data_connected_signal_none_wide="(empty)"
I/SBar.MSimNetwCntrl( 1115):  slot=1="1" network="AIRCEL"
I/SBar.MSimNetwCntrl( 1115): refreshSignalCluster[0]: mobile: mMSimHasMobileDataFeature[0]=true DataTypeShown=zz_moto_stat_sys_data_fully_connected_e_wide Activity=zz_moto_stat_sys_data_fully_connected_signal_none_wide in=false out=false Accessibility="Edge"
E/CheckinTask( 2366): Checkin failed: https://android.clients.google.com/checkin (request #0): java.net.SocketTimeoutException: failed to connect to android.clients.google.com/216.58.197.78 (port 443) after 120000ms: isConnected failed: ETIMEDOUT (Connection timed out)
I/CheckinChimeraService( 2366): Checking schedule, now: 1483077028052 next: 1483077063032
I/CheckinChimeraService( 2366): active receiver: disabled
I/SBar.MSimNetwCntrl( 1115): onDataActivity[0]: received on subscription :0direction=2
D/SBar.MSimNetwCntrl( 1115): updateTelephonySignalStrength[0]: iconList[iconLevel]=7f020291/zz_moto_stat_sys_signal_2_fully_wide iconLevel=2 mMSimMobileInetCondition=0 mMSimMobileInetConditionSB=1
D/SBar.MSimNetwCntrl( 1115): updateDataIcon[0]: subscription=0
D/SBar.MSimNetwCntrl( 1115): updateDataIcon[0]: dataSub=0
D/SBar.MSimNetwCntrl( 1115): updateDataIcon[0]: SimState=READY
I/SBar.MSimNetwCntrl( 1115): notifySignalsChangedCallbacks[0]: isEmergencyOnly(0)=false enabled=true sim=(none)="(empty)" signal=zz_moto_stat_sys_signal_2_wide="Phone two bars." roaming=(none)="Not roaming."
I/SBar.MSimNetwCntrl( 1115):  type=zz_moto_stat_sys_data_connected_e_wide="Edge" activity=zz_moto_stat_sys_data_connected_signal_out_wide="(empty)"
I/SBar.MSimNetwCntrl( 1115):  slot=1="1" network="AIRCEL"
I/SBar.MSimNetwCntrl( 1115): refreshSignalCluster[0]: mobile: mMSimHasMobileDataFeature[0]=true DataTypeShown=zz_moto_stat_sys_data_fully_connected_e_wide Activity=zz_moto_stat_sys_data_fully_connected_signal_out_wide in=false out=false Accessibility="Edge"
I/SBar.MSimNetwCntrl( 1115): onDataActivity[0]: received on subscription :0direction=0
