W/dalvikvm( 1739): VFY: unable to resolve virtual method 7648: Landroid/view/View;.getTransitionName ()Ljava/lang/String;
D/dalvikvm( 1739): VFY: replacing opcode 0x6e at 0x0000
W/dalvikvm( 1739): Unable to resolve superclass of Lgeb; (800)
W/dalvikvm( 1739): Link of class 'Lgeb;' failed
W/dalvikvm( 1739): VFY: unable to find class referenced in signature (Lgeb;)
W/dalvikvm( 1739): Unable to resolve superclass of Lgeb; (800)
W/dalvikvm( 1739): Link of class 'Lgeb;' failed
I/dalvikvm( 1739): Could not find method geb.t, referenced from method act.a
W/dalvikvm( 1739): VFY: unable to resolve virtual method 33536: Lgeb;.t ()Lgeh;
D/dalvikvm( 1739): VFY: replacing opcode 0x6e at 0x0000
W/dalvikvm( 1739): VFY: unable to find class referenced in signature (Landroid/os/health/HealthStats;)
W/dalvikvm( 1739): VFY: unable to find class referenced in signature (Landroid/os/health/HealthStats;)
W/dalvikvm( 1739): VFY: unable to find class referenced in signature (Landroid/os/health/HealthStats;)
W/dalvikvm( 1739): VFY: unable to find class referenced in signature (Landroid/os/health/TimerStat;)
I/dalvikvm( 1739): Could not find method android.os.health.TimerStat.getCount, referenced from method act.a
W/dalvikvm( 1739): VFY: unable to resolve virtual method 5775: Landroid/os/health/TimerStat;.getCount ()I
D/dalvikvm( 1739): VFY: replacing opcode 0x6e at 0x0005
W/dalvikvm( 1739): VFY: unable to find class referenced in signature (Landroid/os/health/HealthStats;)
W/dalvikvm( 1739): VFY: unable to find class referenced in signature (Landroid/os/health/HealthStats;)
W/dalvikvm( 1739): VFY: unable to find class referenced in signature (Landroid/os/health/HealthStats;)
W/dalvikvm( 1739): VFY: unable to find class referenced in signature (Landroid/os/health/HealthStats;)
W/dalvikvm( 1739): VFY: unable to find class referenced in signature (Landroid/os/health/HealthStats;)
W/dalvikvm( 1739): VFY: unable to find class referenced in signature (Landroid/os/health/HealthStats;)
W/dalvikvm( 1739): VFY: unable to find class referenced in signature (Landroid/os/health/HealthStats;)
W/dalvikvm( 1739): VFY: unable to find class referenced in signature (Landroid/os/health/HealthStats;)
W/dalvikvm( 1739): VFY: unable to find class referenced in signature (Landroid/os/health/HealthStats;)
W/dalvikvm( 1739): VFY: unable to find class referenced in signature (Landroid/os/health/HealthStats;)
W/dalvikvm( 1739): VFY: unable to find class referenced in signature (Landroid/os/health/HealthStats;)
W/dalvikvm( 1739): VFY: unable to find class referenced in signature (Landroid/os/health/HealthStats;)
W/dalvikvm( 1739): VFY: unable to find class referenced in signature (Landroid/os/health/HealthStats;)
W/dalvikvm( 1739): VFY: unable to find class referenced in signature (Landroid/os/health/HealthStats;)
W/dalvikvm( 1739): VFY: unable to find class referenced in signature (Landroid/os/health/HealthStats;)
W/dalvikvm( 1739): VFY: unable to find class referenced in signature (Landroid/os/health/HealthStats;)
W/dalvikvm( 1739): VFY: unable to find class referenced in signature (Landroid/os/health/HealthStats;)
W/dalvikvm( 1739): VFY: unable to find class referenced in signature (Landroid/os/health/HealthStats;)
W/dalvikvm( 1739): VFY: unable to find class referenced in signature (Landroid/os/health/HealthStats;)
W/dalvikvm( 1739): VFY: unable to find class referenced in signature (Landroid/os/health/HealthStats;)
W/dalvikvm( 1739): VFY: unable to find class referenced in signature (Landroid/os/health/HealthStats;)
W/dalvikvm( 1739): VFY: unable to find class referenced in signature (Landroid/os/health/HealthStats;)
W/dalvikvm( 1739): VFY: unable to find class referenced in signature (Landroid/os/health/HealthStats;)
W/dalvikvm( 1739): VFY: unable to find class referenced in signature (Landroid/os/health/HealthStats;)
W/dalvikvm( 1739): VFY: unable to find class referenced in signature (Landroid/os/health/HealthStats;)
W/dalvikvm( 1739): VFY: unable to find class referenced in signature (Landroid/os/health/HealthStats;)
W/dalvikvm( 1739): VFY: unable to find class referenced in signature (Landroid/os/health/HealthStats;)
W/dalvikvm( 1739): VFY: unable to find class referenced in signature (Landroid/os/health/HealthStats;)
W/dalvikvm( 1739): VFY: unable to find class referenced in signature (Landroid/os/health/HealthStats;)
W/dalvikvm( 1739): VFY: unable to find class referenced in signature (Landroid/os/health/HealthStats;)
W/dalvikvm( 1739): VFY: unable to find class referenced in signature (Landroid/os/health/HealthStats;)
W/dalvikvm( 1739): VFY: unable to find class referenced in signature (Landroid/os/health/HealthStats;)
W/dalvikvm( 1739): VFY: unable to find class referenced in signature (Landroid/os/health/HealthStats;)
W/dalvikvm( 1739): VFY: unable to find class referenced in signature (Landroid/os/health/HealthStats;)
W/dalvikvm( 1739): VFY: unable to find class referenced in signature (Landroid/os/health/HealthStats;)
W/dalvikvm( 1739): VFY: unable to find class referenced in signature (Landroid/os/health/HealthStats;)
W/dalvikvm( 1739): VFY: unable to find class referenced in signature (Landroid/os/health/HealthStats;)
W/dalvikvm( 1739): VFY: unable to find class referenced in signature (Landroid/os/health/HealthStats;)
W/dalvikvm( 1739): VFY: unable to find class referenced in signature (Landroid/os/health/HealthStats;)
W/dalvikvm( 1739): VFY: unable to find class referenced in signature (Landroid/os/health/HealthStats;)
W/dalvikvm( 1739): VFY: unable to find class referenced in signature (Landroid/os/health/HealthStats;)
W/dalvikvm( 1739): VFY: unable to find class referenced in signature (Landroid/os/health/HealthStats;)
W/dalvikvm( 1739): VFY: unable to find class referenced in signature (Landroid/os/health/HealthStats;)
W/dalvikvm( 1739): VFY: unable to find class referenced in signature (Landroid/os/health/HealthStats;)
W/dalvikvm( 1739): VFY: unable to find class referenced in signature (Landroid/os/health/HealthStats;)
W/dalvikvm( 1739): VFY: unable to find class referenced in signature (Landroid/os/health/HealthStats;)
W/dalvikvm( 1739): VFY: unable to find class referenced in signature (Landroid/os/health/HealthStats;)
W/dalvikvm( 1739): VFY: unable to find class referenced in signature (Landroid/os/health/HealthStats;)
W/dalvikvm( 1739): VFY: unable to find class referenced in signature (Landroid/os/health/HealthStats;)
W/dalvikvm( 1739): VFY: unable to find class referenced in signature (Landroid/os/health/HealthStats;)
W/dalvikvm( 1739): VFY: unable to find class referenced in signature (Landroid/os/health/HealthStats;)
W/dalvikvm( 1739): VFY: unable to find class referenced in signature (Landroid/os/health/HealthStats;)
W/dalvikvm( 1739): VFY: unable to find class referenced in signature (Landroid/os/health/HealthStats;)
W/dalvikvm( 1739): VFY: unable to find class referenced in signature (Landroid/os/health/HealthStats;)
W/dalvikvm( 1739): VFY: unable to find class referenced in signature (Landroid/os/health/HealthStats;)
W/dalvikvm( 1739): VFY: unable to find class referenced in signature (Landroid/os/health/HealthStats;)
W/dalvikvm( 1739): VFY: unable to find class referenced in signature (Landroid/os/health/HealthStats;)
W/dalvikvm( 1739): VFY: unable to find class referenced in signature (Landroid/os/health/HealthStats;)
W/dalvikvm( 1739): VFY: unable to find class referenced in signature (Landroid/os/health/HealthStats;)
W/dalvikvm( 1739): VFY: unable to find class referenced in signature (Landroid/os/health/HealthStats;)
W/dalvikvm( 1739): VFY: unable to find class referenced in signature (Landroid/os/health/HealthStats;)
D/dalvikvm( 2205): GC_CONCURRENT freed 1919K, 69% free 3503K/11124K, paused 1ms+3ms, total 19ms
I/dalvikvm( 1739): Could not find method android.app.Activity.requestPermissions, referenced from method act.a
W/dalvikvm( 1739): VFY: unable to resolve virtual method 4177: Landroid/app/Activity;.requestPermissions ([Ljava/lang/String;I)V
D/dalvikvm( 1739): VFY: replacing opcode 0x6e at 0x000a
E/dalvikvm( 1739): Could not find class 'android.app.Notification$Action$Builder', referenced from method act.a
W/dalvikvm( 1739): VFY: unable to resolve new-instance 411 (Landroid/app/Notification$Action$Builder;) in Lact;
D/dalvikvm( 1739): VFY: replacing opcode 0x22 at 0x0000
W/dalvikvm( 1739): Unable to resolve superclass of Lgeb; (800)
W/dalvikvm( 1739): Link of class 'Lgeb;' failed
W/dalvikvm( 1739): VFY: unable to find class referenced in signature (Lgeb;)
W/dalvikvm( 1739): Unable to resolve superclass of Lgeb; (800)
W/dalvikvm( 1739): Link of class 'Lgeb;' failed
I/dalvikvm( 1739): Could not find method geb.getState, referenced from method act.a
W/dalvikvm( 1739): VFY: unable to resolve virtual method 33495: Lgeb;.getState ()I
D/dalvikvm( 1739): VFY: replacing opcode 0x6e at 0x000a
W/dalvikvm( 1739): Unable to resolve superclass of Lcw; (889)
W/dalvikvm( 1739): Link of class 'Lcw;' failed
E/dalvikvm( 1739): Could not find class 'cw', referenced from method act.a
W/dalvikvm( 1739): VFY: unable to resolve new-instance 3424 (Lcw;) in Lact;
D/dalvikvm( 1739): VFY: replacing opcode 0x22 at 0x0002
I/dalvikvm( 1739): Could not find method android.view.ViewParent.onStopNestedScroll, referenced from method act.a
W/dalvikvm( 1739): VFY: unable to resolve interface method 7876: Landroid/view/ViewParent;.onStopNestedScroll (Landroid/view/View;)V
D/dalvikvm( 1739): VFY: replacing opcode 0x72 at 0x0000
I/dalvikvm( 1739): Could not find method android.view.ViewParent.onNestedScroll, referenced from method act.a
W/dalvikvm( 1739): VFY: unable to resolve interface method 7873: Landroid/view/ViewParent;.onNestedScroll (Landroid/view/View;IIII)V
D/dalvikvm( 1739): VFY: replacing opcode 0x78 at 0x0000
I/dalvikvm( 1739): Could not find method android.view.ViewParent.onNestedPreScroll, referenced from method act.a
W/dalvikvm( 1739): VFY: unable to resolve interface method 7872: Landroid/view/ViewParent;.onNestedPreScroll (Landroid/view/View;II[I)V
D/dalvikvm( 1739): VFY: replacing opcode 0x72 at 0x0000
D/dalvikvm( 1739): DexOpt: couldn't find field Landroid/view/inputmethod/EditorInfo;.contentMimeTypes
W/dalvikvm( 1739): VFY: unable to resolve instance field 3607
D/dalvikvm( 1739): VFY: replacing opcode 0x5b at 0x0000
I/dalvikvm( 1739): Could not find method android.widget.CompoundButton.setButtonTintList, referenced from method act.a
W/dalvikvm( 1739): VFY: unable to resolve virtual method 8167: Landroid/widget/CompoundButton;.setButtonTintList (Landroid/content/res/ColorStateList;)V
D/dalvikvm( 1739): VFY: replacing opcode 0x6e at 0x0000
I/dalvikvm( 1739): Could not find method android.widget.CompoundButton.setButtonTintMode, referenced from method act.a
W/dalvikvm( 1739): VFY: unable to resolve virtual method 8168: Landroid/widget/CompoundButton;.setButtonTintMode (Landroid/graphics/PorterDuff$Mode;)V
D/dalvikvm( 1739): VFY: replacing opcode 0x6e at 0x0000
I/dalvikvm( 1739): Could not find method android.widget.PopupWindow.setOverlapAnchor, referenced from method act.a
W/dalvikvm( 1739): VFY: unable to resolve virtual method 8523: Landroid/widget/PopupWindow;.setOverlapAnchor (Z)V
D/dalvikvm( 1739): VFY: replacing opcode 0x6e at 0x0000
E/dalvikvm( 1739): Could not find class 'android.app.Notification$DecoratedCustomViewStyle', referenced from method act.a
W/dalvikvm( 1739): VFY: unable to resolve new-instance 416 (Landroid/app/Notification$DecoratedCustomViewStyle;) in Lact;
D/dalvikvm( 1739): VFY: replacing opcode 0x22 at 0x0004
E/dalvikvm( 1739): Could not find class 'android.app.Notification$MessagingStyle', referenced from method act.a
W/dalvikvm( 1739): VFY: unable to resolve new-instance 421 (Landroid/app/Notification$MessagingStyle;) in Lact;
D/dalvikvm( 1739): VFY: replacing opcode 0x22 at 0x0000
E/dalvikvm( 1739): Could not find class 'android.app.Notification$MediaStyle', referenced from method act.a
W/dalvikvm( 1739): VFY: unable to resolve new-instance 419 (Landroid/app/Notification$MediaStyle;) in Lact;
D/dalvikvm( 1739): VFY: replacing opcode 0x22 at 0x0000
W/dalvikvm( 1739): Unable to resolve superclass of Lgeb; (800)
W/dalvikvm( 1739): Link of class 'Lgeb;' failed
W/dalvikvm( 1739): VFY: unable to find class referenced in signature (Lgeb;)
W/dalvikvm( 1739): VFY: unable to find class referenced in signature (Landroid/telecom/DisconnectCause;)
W/dalvikvm( 1739): Unable to resolve superclass of Lgeb; (800)
W/dalvikvm( 1739): Link of class 'Lgeb;' failed
I/dalvikvm( 1739): Could not find method geb.d, referenced from method act.a
W/dalvikvm( 1739): VFY: unable to resolve virtual method 33483: Lgeb;.d ()Lcom/google/android/apps/hangouts/telephony/TeleConnectionService;
D/dalvikvm( 1739): VFY: replacing opcode 0x6e at 0x0002
W/dalvikvm( 1739): Unable to resolve superclass of Lcu; (889)
W/dalvikvm( 1739): Link of class 'Lcu;' failed
E/dalvikvm( 1739): Could not find class 'cu', referenced from method act.a
W/dalvikvm( 1739): VFY: unable to resolve new-instance 3370 (Lcu;) in Lact;
D/dalvikvm( 1739): VFY: replacing opcode 0x22 at 0x0006
I/dalvikvm( 1739): Could not find method android.transition.TransitionSet.getTransitionCount, referenced from method act.a
W/dalvikvm( 1739): VFY: unable to resolve virtual method 7328: Landroid/transition/TransitionSet;.getTransitionCount ()I
D/dalvikvm( 1739): VFY: replacing opcode 0x6e at 0x0008
I/dalvikvm( 1739): Could not find method android.view.ViewGroup.isTransitionGroup, referenced from method act.a
W/dalvikvm( 1739): VFY: unable to resolve virtual method 7824: Landroid/view/ViewGroup;.isTransitionGroup ()Z
D/dalvikvm( 1739): VFY: replacing opcode 0x6e at 0x000c
I/dalvikvm( 1739): Could not find method android.view.View.getTransitionName, referenced from method act.a
W/dalvikvm( 1739): VFY: unable to resolve virtual method 7648: Landroid/view/View;.getTransitionName ()Ljava/lang/String;
D/dalvikvm( 1739): VFY: replacing opcode 0x6e at 0x0006
I/dalvikvm( 1739): Could not find method android.app.Activity.shouldShowRequestPermissionRationale, referenced from method act.a
W/dalvikvm( 1739): VFY: unable to resolve virtual method 4181: Landroid/app/Activity;.shouldShowRequestPermissionRationale (Ljava/lang/String;)Z
D/dalvikvm( 1739): VFY: replacing opcode 0x6e at 0x0000
I/dalvikvm( 1739): Could not find method android.graphics.drawable.Drawable.setLayoutDirection, referenced from method act.a
W/dalvikvm( 1739): VFY: unable to resolve virtual method 5185: Landroid/graphics/drawable/Drawable;.setLayoutDirection (I)Z
D/dalvikvm( 1739): VFY: replacing opcode 0x6e at 0x0000
W/dalvikvm( 1739): VFY: unable to find class referenced in signature (Landroid/telecom/ConnectionRequest;)
I/dalvikvm( 1739): Could not find method android.telecom.ConnectionRequest.getExtras, referenced from method act.a
W/dalvikvm( 1739): VFY: unable to resolve virtual method 7035: Landroid/telecom/ConnectionRequest;.getExtras ()Landroid/os/Bundle;
D/dalvikvm( 1739): VFY: replacing opcode 0x6e at 0x0005
I/dalvikvm( 1739): Could not find method android.transition.Transition.getTargetNames, referenced from method act.a
W/dalvikvm( 1739): VFY: unable to resolve virtual method 7318: Landroid/transition/Transition;.getTargetNames ()Ljava/util/List;
D/dalvikvm( 1739): VFY: replacing opcode 0x6e at 0x000a
I/dalvikvm( 1739): Could not find method android.view.ViewParent.onNestedPreFling, referenced from method act.a
W/dalvikvm( 1739): VFY: unable to resolve interface method 7871: Landroid/view/ViewParent;.onNestedPreFling (Landroid/view/View;FF)Z
D/dalvikvm( 1739): VFY: replacing opcode 0x72 at 0x0000
I/dalvikvm( 1739): Could not find method android.view.ViewParent.onNestedFling, referenced from method act.a
W/dalvikvm( 1739): VFY: unable to resolve interface method 7870: Landroid/view/ViewParent;.onNestedFling (Landroid/view/View;FFZ)Z
D/dalvikvm( 1739): VFY: replacing opcode 0x72 at 0x0000
I/dalvikvm( 1739): Could not find method android.view.ViewParent.onStartNestedScroll, referenced from method act.a
W/dalvikvm( 1739): VFY: unable to resolve interface method 7875: Landroid/view/ViewParent;.onStartNestedScroll (Landroid/view/View;Landroid/view/View;I)Z
D/dalvikvm( 1739): VFY: replacing opcode 0x72 at 0x0000
I/dalvikvm( 1739): Could not find method android.widget.EdgeEffect.onPull, referenced from method act.a
W/dalvikvm( 1739): VFY: unable to resolve virtual method 8179: Landroid/widget/EdgeEffect;.onPull (FF)V
D/dalvikvm( 1739): VFY: replacing opcode 0x6e at 0x0002
E/dalvikvm( 1739): Could not find class 'android.view.accessibility.AccessibilityNodeInfo$AccessibilityAction', referenced from method act.a
W/dalvikvm( 1739): VFY: unable to resolve check-cast 982 (Landroid/view/accessibility/AccessibilityNodeInfo$AccessibilityAction;) in Lact;
D/dalvikvm( 1739): VFY: replacing opcode 0x1f at 0x0002
W/dalvikvm( 1739): VFY: unable to find class referenced in signature ([Landroid/app/RemoteInput;)
E/dalvikvm( 1739): Could not find class 'android.app.RemoteInput[]', referenced from method act.a
W/dalvikvm( 1739): VFY: unable to resolve new-array 11910 ([Landroid/app/RemoteInput;) in Lact;
D/dalvikvm( 1739): VFY: replacing opcode 0x23 at 0x0005
W/ContentTaskController( 2141): Invalid newTask was provided to startTracking.
D/dalvikvm( 1739): DexOpt: couldn't find field Landroid/view/inputmethod/EditorInfo;.contentMimeTypes
W/dalvikvm( 1739): VFY: unable to resolve instance field 3607
D/dalvikvm( 1739): VFY: replacing opcode 0x54 at 0x0000
I/dalvikvm( 1739): Could not find method android.content.Context.getNoBackupFilesDir, referenced from method act.ad
W/dalvikvm( 1739): VFY: unable to resolve virtual method 4525: Landroid/content/Context;.getNoBackupFilesDir ()Ljava/io/File;
D/dalvikvm( 1739): VFY: replacing opcode 0x6e at 0x0006
E/dalvikvm( 1739): Could not find class 'android.view.inputmethod.InputContentInfo', referenced from method act.b
W/dalvikvm( 1739): VFY: unable to resolve check-cast 1005 (Landroid/view/inputmethod/InputContentInfo;) in Lact;
D/dalvikvm( 1739): VFY: replacing opcode 0x1f at 0x0000
I/dalvikvm( 1739): Could not find method android.content.Context.getColorStateList, referenced from method act.b
W/dalvikvm( 1739): VFY: unable to resolve virtual method 4512: Landroid/content/Context;.getColorStateList (I)Landroid/content/res/ColorStateList;
D/dalvikvm( 1739): VFY: replacing opcode 0x6e at 0x0000
W/dalvikvm( 1739): VFY: unable to find class referenced in signature (Landroid/os/health/HealthStats;)
W/dalvikvm( 1739): VFY: unable to find class referenced in signature (Landroid/os/health/HealthStats;)
W/dalvikvm( 1739): VFY: unable to find class referenced in signature (Landroid/os/health/HealthStats;)
W/dalvikvm( 1739): VFY: unable to find class referenced in signature (Landroid/os/health/HealthStats;)
W/dalvikvm( 1739): VFY: unable to find class referenced in signature (Landroid/os/health/HealthStats;)
W/dalvikvm( 1739): VFY: unable to find class referenced in signature (Landroid/os/health/HealthStats;)
W/dalvikvm( 1739): VFY: unable to find class referenced in signature (Landroid/os/health/HealthStats;)
W/dalvikvm( 1739): VFY: unable to find class referenced in signature (Landroid/os/health/HealthStats;)
I/dalvikvm( 1739): Could not find method android.os.health.HealthStats.hasTimer, referenced from method act.b
W/dalvikvm( 1739): VFY: unable to resolve virtual method 5772: Landroid/os/health/HealthStats;.hasTimer (I)Z
D/dalvikvm( 1739): VFY: replacing opcode 0x6e at 0x0001
W/dalvikvm( 1739): VFY: unable to find class referenced in signature (Landroid/os/health/TimerStat;)
W/dalvikvm( 1739): VFY: unable to find class referenced in signature (Landroid/os/health/TimerStat;)
E/dalvikvm( 1739): Could not find class 'android.text.style.TtsSpan', referenced from method act.b
W/dalvikvm( 1739): VFY: unable to resolve const-class 879 (Landroid/text/style/TtsSpan;) in Lact;
D/dalvikvm( 1739): VFY: replacing opcode 0x1c at 0x0007
I/dalvikvm( 1739): Could not find method android.view.ViewParent.onNestedScrollAccepted, referenced from method act.b
W/dalvikvm( 1739): VFY: unable to resolve interface method 7874: Landroid/view/ViewParent;.onNestedScrollAccepted (Landroid/view/View;Landroid/view/View;I)V
D/dalvikvm( 1739): VFY: replacing opcode 0x72 at 0x0000
E/dalvikvm( 1739): Could not find class 'android.app.Notification$DecoratedMediaCustomViewStyle', referenced from method act.b
W/dalvikvm( 1739): VFY: unable to resolve new-instance 417 (Landroid/app/Notification$DecoratedMediaCustomViewStyle;) in Lact;
D/dalvikvm( 1739): VFY: replacing opcode 0x22 at 0x0004
I/dalvikvm( 1739): Could not find method android.transition.TransitionSet.getTransitionCount, referenced from method act.b
W/dalvikvm( 1739): VFY: unable to resolve virtual method 7328: Landroid/transition/TransitionSet;.getTransitionCount ()I
D/dalvikvm( 1739): VFY: replacing opcode 0x6e at 0x0009
W/dalvikvm( 1739): VFY: unable to find class referenced in signature (Landroid/os/health/HealthStats;)
W/dalvikvm( 1739): VFY: unable to find class referenced in signature (Landroid/os/health/HealthStats;)
I/dalvikvm( 1739): Could not find method android.content.Context.getColor, referenced from method act.c
W/dalvikvm( 1739): VFY: unable to resolve virtual method 4511: Landroid/content/Context;.getColor (I)I
D/dalvikvm( 1739): VFY: replacing opcode 0x6e at 0x0000
I/dalvikvm( 1739): Could not find method android.app.AppOpsManager.permissionToOp, referenced from method act.c
W/dalvikvm( 1739): VFY: unable to resolve static method 4237: Landroid/app/AppOpsManager;.permissionToOp (Ljava/lang/String;)Ljava/lang/String;
D/dalvikvm( 1739): VFY: replacing opcode 0x71 at 0x0000
W/dalvikvm( 1739): VFY: unable to find class referenced in signature (Landroid/os/health/HealthStats;)
W/dalvikvm( 1739): VFY: unable to find class referenced in signature (Landroid/os/health/HealthStats;)
W/dalvikvm( 1739): VFY: unable to find class referenced in signature (Landroid/os/health/HealthStats;)
E/dalvikvm( 1739): Could not find class 'android.view.inputmethod.InputContentInfo', referenced from method act.c
W/dalvikvm( 1739): VFY: unable to resolve check-cast 1005 (Landroid/view/inputmethod/InputContentInfo;) in Lact;
D/dalvikvm( 1739): VFY: replacing opcode 0x1f at 0x0000
D/dalvikvm( 1739): DexOpt: couldn't find static field Landroid/os/Build;.SUPPORTED_ABIS
W/dalvikvm( 1739): VFY: unable to resolve static field 3017 (SUPPORTED_ABIS) in Landroid/os/Build;
D/dalvikvm( 1739): VFY: replacing opcode 0x62 at 0x0002
W/dalvikvm( 1739): VFY: unable to find class referenced in signature (Landroid/os/health/HealthStats;)
W/dalvikvm( 1739): VFY: unable to find class referenced in signature (Landroid/os/health/HealthStats;)
W/dalvikvm( 1739): VFY: unable to find class referenced in signature (Landroid/os/health/HealthStats;)
I/dalvikvm( 1739): Could not find method android.os.health.HealthStats.hasTimers, referenced from method act.c
W/dalvikvm( 1739): VFY: unable to resolve virtual method 5773: Landroid/os/health/HealthStats;.hasTimers (I)Z
D/dalvikvm( 1739): VFY: replacing opcode 0x6e at 0x0000
W/dalvikvm( 1739): VFY: unable to find class referenced in signature (Landroid/os/health/HealthStats;)
I/dalvikvm( 1739): Could not find method android.os.health.HealthStats.hasMeasurements, referenced from method act.d
W/dalvikvm( 1739): VFY: unable to resolve virtual method 5770: Landroid/os/health/HealthStats;.hasMeasurements (I)Z
D/dalvikvm( 1739): VFY: replacing opcode 0x6e at 0x0003
W/dalvikvm( 1739): VFY: unable to find class referenced in signature (Landroid/os/health/HealthStats;)
W/dalvikvm( 1739): VFY: unable to find class referenced in signature (Landroid/os/health/HealthStats;)
W/dalvikvm( 1739): VFY: unable to find class referenced in signature (Landroid/os/health/HealthStats;)
W/dalvikvm( 1739): VFY: unable to find class referenced in signature (Landroid/os/health/HealthStats;)
W/dalvikvm( 1739): VFY: unable to find class referenced in signature (Landroid/os/health/HealthStats;)
I/dalvikvm( 1739): Could not find method android.os.health.HealthStats.hasStats, referenced from method act.e
W/dalvikvm( 1739): VFY: unable to resolve virtual method 5771: Landroid/os/health/HealthStats;.hasStats (I)Z
D/dalvikvm( 1739): VFY: replacing opcode 0x6e at 0x0000
W/dalvikvm( 1739): VFY: unable to find class referenced in signature (Landroid/os/health/HealthStats;)
W/dalvikvm( 1739): VFY: unable to find class referenced in signature (Landroid/os/health/HealthStats;)
W/dalvikvm( 1739): VFY: unable to find class referenced in signature (Landroid/os/health/HealthStats;)
W/dalvikvm( 1739): VFY: unable to find class referenced in signature (Landroid/os/health/HealthStats;)
W/dalvikvm( 1739): VFY: unable to resolve static field 3603 (ACTION_SCROLL_TO_POSITION) in Landroid/view/accessibility/AccessibilityNodeInfo$AccessibilityAction;
D/dalvikvm( 1739): VFY: replacing opcode 0x62 at 0x0000
E/dalvikvm( 1739): Could not find class 'android.view.WindowInsets', referenced from method act.h
W/dalvikvm( 1739): VFY: unable to resolve check-cast 977 (Landroid/view/WindowInsets;) in Lact;
D/dalvikvm( 1739): VFY: replacing opcode 0x1f at 0x0000
W/dalvikvm( 1739): VFY: unable to resolve static field 3606 (ACTION_SHOW_ON_SCREEN) in Landroid/view/accessibility/AccessibilityNodeInfo$AccessibilityAction;
D/dalvikvm( 1739): VFY: replacing opcode 0x62 at 0x0000
E/dalvikvm( 1739): Could not find class 'android.view.WindowInsets', referenced from method act.i
W/dalvikvm( 1739): VFY: unable to resolve check-cast 977 (Landroid/view/WindowInsets;) in Lact;
D/dalvikvm( 1739): VFY: replacing opcode 0x1f at 0x0000
W/dalvikvm( 1739): VFY: unable to resolve static field 3604 (ACTION_SCROLL_UP) in Landroid/view/accessibility/AccessibilityNodeInfo$AccessibilityAction;
D/dalvikvm( 1739): VFY: replacing opcode 0x62 at 0x0000
E/dalvikvm( 1739): Could not find class 'android.view.WindowInsets', referenced from method act.j
W/dalvikvm( 1739): VFY: unable to resolve check-cast 977 (Landroid/view/WindowInsets;) in Lact;
D/dalvikvm( 1739): VFY: replacing opcode 0x1f at 0x0000
W/dalvikvm( 1739): VFY: unable to resolve static field 3600 (ACTION_SCROLL_DOWN) in Landroid/view/accessibility/AccessibilityNodeInfo$AccessibilityAction;
D/dalvikvm( 1739): VFY: replacing opcode 0x62 at 0x0000
E/dalvikvm( 1739): Could not find class 'android.view.WindowInsets', referenced from method act.k
W/dalvikvm( 1739): VFY: unable to resolve check-cast 977 (Landroid/view/WindowInsets;) in Lact;
D/dalvikvm( 1739): VFY: replacing opcode 0x1f at 0x0000
W/dalvikvm( 1739): VFY: unable to resolve static field 3601 (ACTION_SCROLL_LEFT) in Landroid/view/accessibility/AccessibilityNodeInfo$AccessibilityAction;
D/dalvikvm( 1739): VFY: replacing opcode 0x62 at 0x0000
W/dalvikvm( 1739): VFY: unable to resolve static field 3602 (ACTION_SCROLL_RIGHT) in Landroid/view/accessibility/AccessibilityNodeInfo$AccessibilityAction;
D/dalvikvm( 1739): VFY: replacing opcode 0x62 at 0x0000
E/dalvikvm( 1739): Could not find class 'android.view.WindowInsets', referenced from method act.l
W/dalvikvm( 1739): VFY: unable to resolve check-cast 977 (Landroid/view/WindowInsets;) in Lact;
D/dalvikvm( 1739): VFY: replacing opcode 0x1f at 0x0000
W/dalvikvm( 1739): VFY: unable to resolve static field 3599 (ACTION_CONTEXT_CLICK) in Landroid/view/accessibility/AccessibilityNodeInfo$AccessibilityAction;
D/dalvikvm( 1739): VFY: replacing opcode 0x62 at 0x0000
W/dalvikvm( 1739): VFY: unable to resolve static field 3605 (ACTION_SET_PROGRESS) in Landroid/view/accessibility/AccessibilityNodeInfo$AccessibilityAction;
D/dalvikvm( 1739): VFY: replacing opcode 0x62 at 0x0000
E/dalvikvm( 1739): Could not find class 'android.animation.StateListAnimator', referenced from method act.t
W/dalvikvm( 1739): VFY: unable to resolve new-instance 380 (Landroid/animation/StateListAnimator;) in Lact;
D/dalvikvm( 1739): VFY: replacing opcode 0x22 at 0x0002
D/dalvikvm( 1739): DexOpt: unable to opt direct call 0x1b89 at 0x0b in Lact;.L
D/dalvikvm( 1739): DexOpt: unable to opt direct call 0x10d3 at 0x0e in Lact;.a
D/dalvikvm( 1739): DexOpt: unable to opt direct call 0x1f15 at 0x02 in Lact;.a
D/dalvikvm( 1739): DexOpt: unable to opt direct call 0x1f77 at 0x02 in Lact;.a
D/dalvikvm( 1739): DexOpt: unable to opt direct call 0x10d3 at 0x0e in Lact;.a
W/dalvikvm( 1739): Unable to resolve superclass of Lcw; (889)
W/dalvikvm( 1739): Link of class 'Lcw;' failed
D/dalvikvm( 1739): DexOpt: unable to opt direct call 0x587f at 0x04 in Lact;.a
D/dalvikvm( 1739): DexOpt: unable to opt direct call 0x1110 at 0x06 in Lact;.a
D/dalvikvm( 1739): DexOpt: unable to opt direct call 0x111b at 0x02 in Lact;.a
D/dalvikvm( 1739): DexOpt: unable to opt direct call 0x1119 at 0x29 in Lact;.a
D/dalvikvm( 1739): DexOpt: unable to opt direct call 0x1116 at 0x06 in Lact;.a
W/dalvikvm( 1739): Unable to resolve superclass of Lcu; (889)
W/dalvikvm( 1739): Link of class 'Lcu;' failed
D/dalvikvm( 1739): DexOpt: unable to opt direct call 0x57cf at 0x08 in Lact;.a
D/dalvikvm( 1739): DexOpt: unable to opt direct call 0x113a at 0x13 in Lact;.a
D/dalvikvm( 1739): DexOpt: unable to opt direct call 0x1c84 at 0x40 in Lact;.b
D/dalvikvm( 1739): DexOpt: unable to opt direct call 0x1c82 at 0x5f in Lact;.b
D/dalvikvm( 1739): DexOpt: unable to opt direct call 0x1111 at 0x06 in Lact;.b
D/dalvikvm( 1739): DexOpt: unable to opt direct call 0x0ff6 at 0x04 in Lact;.t
E/dalvikvm( 1739): Could not find class 'android.app.RemoteInput$Builder', referenced from method gvs.a
W/dalvikvm( 1739): VFY: unable to resolve new-instance 428 (Landroid/app/RemoteInput$Builder;) in Lgvs;
D/dalvikvm( 1739): VFY: replacing opcode 0x22 at 0x0000
W/dalvikvm( 1739): VFY: unable to find class referenced in signature (Landroid/app/RemoteInput;)
D/dalvikvm( 1739): DexOpt: unable to opt direct call 0x113a at 0x06 in Lgvs;.a
I/dalvikvm( 1739): Could not find method android.content.res.Resources.getDrawable, referenced from method gxt.a
W/dalvikvm( 1739): VFY: unable to resolve virtual method 4731: Landroid/content/res/Resources;.getDrawable (ILandroid/content/res/Resources$Theme;)Landroid/graphics/drawable/Drawable;
D/dalvikvm( 1739): VFY: replacing opcode 0x6e at 0x0000
W/ContentTaskController( 2141): Invalid task was provided to stopTracking.
I/dalvikvm( 1739): Could not find method android.graphics.drawable.Drawable.setHotspot, referenced from method io.grpc.internal.ag.a
W/dalvikvm( 1739): VFY: unable to resolve virtual method 5183: Landroid/graphics/drawable/Drawable;.setHotspot (FF)V
D/dalvikvm( 1739): VFY: replacing opcode 0x6e at 0x0000
I/dalvikvm( 1739): Could not find method android.graphics.drawable.Drawable.setTint, referenced from method io.grpc.internal.ag.a
W/dalvikvm( 1739): VFY: unable to resolve virtual method 5188: Landroid/graphics/drawable/Drawable;.setTint (I)V
D/dalvikvm( 1739): VFY: replacing opcode 0x6e at 0x0000
I/dalvikvm( 1739): Could not find method android.graphics.drawable.Drawable.setHotspotBounds, referenced from method io.grpc.internal.ag.a
W/dalvikvm( 1739): VFY: unable to resolve virtual method 5184: Landroid/graphics/drawable/Drawable;.setHotspotBounds (IIII)V
D/dalvikvm( 1739): VFY: replacing opcode 0x6e at 0x0000
I/dalvikvm( 1739): Could not find method android.graphics.drawable.Drawable.setTintList, referenced from method io.grpc.internal.ag.a
W/dalvikvm( 1739): VFY: unable to resolve virtual method 5189: Landroid/graphics/drawable/Drawable;.setTintList (Landroid/content/res/ColorStateList;)V
D/dalvikvm( 1739): VFY: replacing opcode 0x6e at 0x0000
I/dalvikvm( 1739): Could not find method android.graphics.drawable.Drawable.applyTheme, referenced from method io.grpc.internal.ag.a
W/dalvikvm( 1739): VFY: unable to resolve virtual method 5143: Landroid/graphics/drawable/Drawable;.applyTheme (Landroid/content/res/Resources$Theme;)V
D/dalvikvm( 1739): VFY: replacing opcode 0x6e at 0x0000
I/dalvikvm( 1739): Could not find method android.graphics.drawable.Drawable.inflate, referenced from method io.grpc.internal.ag.a
W/dalvikvm( 1739): VFY: unable to resolve virtual method 5166: Landroid/graphics/drawable/Drawable;.inflate (Landroid/content/res/Resources;Lorg/xmlpull/v1/XmlPullParser;Landroid/util/AttributeSet;Landroid/content/res/Resources$Theme;)V
D/dalvikvm( 1739): VFY: replacing opcode 0x6e at 0x0000
I/dalvikvm( 1739): Could not find method android.graphics.drawable.Drawable.setTintMode, referenced from method io.grpc.internal.ag.a
W/dalvikvm( 1739): VFY: unable to resolve virtual method 5190: Landroid/graphics/drawable/Drawable;.setTintMode (Landroid/graphics/PorterDuff$Mode;)V
D/dalvikvm( 1739): VFY: replacing opcode 0x6e at 0x0000
I/dalvikvm( 1739): Could not find method android.view.View.setScrollIndicators, referenced from method io.grpc.internal.ag.a
W/dalvikvm( 1739): VFY: unable to resolve virtual method 7748: Landroid/view/View;.setScrollIndicators (II)V
D/dalvikvm( 1739): VFY: replacing opcode 0x6e at 0x0000
I/dalvikvm( 1739): Could not find method android.graphics.drawable.Drawable.canApplyTheme, referenced from method io.grpc.internal.ag.b
W/dalvikvm( 1739): VFY: unable to resolve virtual method 5144: Landroid/graphics/drawable/Drawable;.canApplyTheme ()Z
D/dalvikvm( 1739): VFY: replacing opcode 0x6e at 0x0000
I/dalvikvm( 1739): Could not find method android.graphics.drawable.Drawable.getColorFilter, referenced from method io.grpc.internal.ag.c
W/dalvikvm( 1739): VFY: unable to resolve virtual method 5150: Landroid/graphics/drawable/Drawable;.getColorFilter ()Landroid/graphics/ColorFilter;
D/dalvikvm( 1739): VFY: replacing opcode 0x6e at 0x0000
W/dalvikvm( 1739): No implementation found for native Lcom/google/android/libraries/social/jni/crashreporter/NativeCrashHandler;.setup:()V
D/dalvikvm( 1739): Trying to load lib /data/app-lib/com.google.android.talk-1/libcrashreporterer.so 0x41961be8
D/dalvikvm( 1739): Added shared lib /data/app-lib/com.google.android.talk-1/libcrashreporterer.so 0x41961be8
W/ContentTaskController( 2141): Invalid newTask was provided to startTracking.
I/WVCdm   (  265): CdmEngine::OpenSession
I/WVCdm   (  265): CdmEngine::QueryKeyControlInfo
I/WVCdm   (  265): CdmEngine::GenerateKeyRequest
I/dalvikvm( 1739): Could not find method android.app.Activity.isInMultiWindowMode, referenced from method gkk.a
W/dalvikvm( 1739): VFY: unable to resolve virtual method 4142: Landroid/app/Activity;.isInMultiWindowMode ()Z
D/dalvikvm( 1739): VFY: replacing opcode 0x6e at 0x0006
W/dalvikvm( 1739): VFY: unable to find class referenced in signature (Landroid/telecom/TelecomManager;)
I/dalvikvm( 1739): Could not find method android.telecom.TelecomManager.clearAccounts, referenced from method gfe.e
W/dalvikvm( 1739): VFY: unable to resolve virtual method 7088: Landroid/telecom/TelecomManager;.clearAccounts ()V
D/dalvikvm( 1739): VFY: replacing opcode 0x6e at 0x0044
W/dalvikvm( 1739): VFY: unable to find class referenced in signature (Landroid/telecom/TelecomManager;)
W/dalvikvm( 1739): VFY: unable to find class referenced in signature (Landroid/telecom/TelecomManager;)
E/dalvikvm( 1739): Could not find class 'android.telecom.PhoneAccount$Builder', referenced from method gfe.e
W/dalvikvm( 1739): VFY: unable to resolve new-instance 804 (Landroid/telecom/PhoneAccount$Builder;) in Lgfe;
D/dalvikvm( 1739): VFY: replacing opcode 0x22 at 0x006d
W/dalvikvm( 1739): VFY: unable to find class referenced in signature (Landroid/telecom/TelecomManager;)
W/dalvikvm( 1739): VFY: unable to find class referenced in signature (Landroid/telecom/TelecomManager;)
W/dalvikvm( 1739): VFY: unable to find class referenced in signature (Landroid/telecom/TelecomManager;)
W/dalvikvm( 1739): VFY: unable to find class referenced in signature (Landroid/telecom/TelecomManager;)
E/dalvikvm( 1739): Could not find class 'android.telecom.TelecomManager', referenced from method gfe.h
W/dalvikvm( 1739): VFY: unable to resolve check-cast 812 (Landroid/telecom/TelecomManager;) in Lgfe;
D/dalvikvm( 1739): VFY: replacing opcode 0x1f at 0x0021
W/dalvikvm( 1739): VFY: unable to find class referenced in signature (Landroid/telecom/TelecomManager;)
D/dalvikvm( 1739): DexOpt: unable to opt direct call 0x1b83 at 0x79 in Lgfe;.e
I/dalvikvm( 1739): Could not find method android.telephony.SmsManager.getCarrierConfigValues, referenced from method fzl.a
W/dalvikvm( 1739): VFY: unable to resolve virtual method 7134: Landroid/telephony/SmsManager;.getCarrierConfigValues ()Landroid/os/Bundle;
D/dalvikvm( 1739): VFY: replacing opcode 0x6e at 0x007b
I/Babel_SMS( 1739): MmsConfig: mnc/mcc: 405/805
I/Babel_SMS( 1739): MmsConfig.loadMmsSettings
I/Babel_SMS( 1739): MmsConfig.loadDeviceMmsSettings from API: userAgent=motoxt1022, uaProfUrl=http://uaprof.motorola.com/phoneconfig/motoxt1022/Profile/motoxt1022.rdf
I/Babel_SMS( 1739): MmsConfig.loadFromDatabase
I/dalvikvm( 1739): Could not find method android.content.Context.checkSelfPermission, referenced from method ekw.a
W/dalvikvm( 1739): VFY: unable to resolve virtual method 4502: Landroid/content/Context;.checkSelfPermission (Ljava/lang/String;)I
D/dalvikvm( 1739): VFY: replacing opcode 0x6e at 0x0009
E/SQLiteLog( 1739): (1) no such table: mmsconfig
I/Babel_SMS( 1739): MmsConfig: no mmsconfig table android.database.sqlite.SQLiteException: no such table: mmsconfig (code 1): , while compiling: SELECT key, value, type FROM mmsconfig WHERE numeric=?
I/Babel_SMS( 1739): MmsConfig.loadFromResources
I/Babel_Prime( 1739): wrapCrashReportingIntoUncaughtExceptionHandler
E/Babel_SMS( 1739): canonicalizeMccMnc: invalid mccmnc nullnull
I/Babel_SMS( 1739): MmsConfig.loadMmsSettings: userAgent=motoxt1022, uaProfUrl=http://uaprof.motorola.com/phoneconfig/motoxt1022/Profile/motoxt1022.rdf
I/Babel_App( 1739): Startup - clean
E/dalvikvm( 1739): Could not find class 'android.app.ActivityManager$TaskDescription', referenced from method bca.onActivityCreated
W/dalvikvm( 1739): VFY: unable to resolve new-instance 390 (Landroid/app/ActivityManager$TaskDescription;) in Lbca;
D/dalvikvm( 1739): VFY: replacing opcode 0x22 at 0x0011
D/dalvikvm( 1739): DexOpt: unable to opt direct call 0x1060 at 0x13 in Lbca;.onActivityCreated
I/Babel_Prime( 1739): isMemoryEnabled=false
I/Babel_Prime( 1739): isTimerEnabled=false
I/Babel_Prime( 1739): isCrashCounterEnabled=true
I/Babel_Prime( 1739): primesPackageConfigurationsProvider=false
D/WVCdm   (  265): PrepareKeyRequest: nonce=1151792274
I/Babel_Prime( 1739): startMemoryMonitor
I/WVCdm   (  265): CdmEngine::CloseSession
I/Babel_ConcService( 1739): Binding ConcurrentService
I/dalvikvm( 1739): Could not find method android.content.pm.PackageManager.getPackageInstaller, referenced from method gvm.a
W/dalvikvm( 1739): VFY: unable to resolve virtual method 4688: Landroid/content/pm/PackageManager;.getPackageInstaller ()Landroid/content/pm/PackageInstaller;
D/dalvikvm( 1739): VFY: replacing opcode 0x6e at 0x0012
W/ContentTaskController( 2141): Invalid task was provided to stopTracking.
W/ContentTaskController( 2141): Invalid task was provided to stopTracking.
I/Babel_ConcService( 1739): Acquired partial wake lock to keep ConcurrentService alive
I/Babel_ConcService( 1739): Released partial wake lock as ConcurrentService became idle
I/Babel_ConcService( 1739): Acquired partial wake lock to keep ConcurrentService alive
I/Babel_ConcService( 1739): Released partial wake lock as ConcurrentService became idle
W/ContentTaskController( 2141): Invalid newTask was provided to startTracking.
I/PhenotypeFlagCommitter( 1232): Experiment Configs successfully retrieved for com.google.android.gms.playlog.uploader
I/GoogleURLConnFactory( 1232): Using platform SSLCertificateSocketFactory
D/dalvikvm( 2141): GC_EXPLICIT freed 1509K, 53% free 5337K/11124K, paused 4ms+7ms, total 49ms
I/SBar.MSimNetwCntrl( 1115): onDataActivity[0]: received on subscription :0direction=2
D/SBar.MSimNetwCntrl( 1115): updateTelephonySignalStrength[0]: iconList[iconLevel]=7f020291/zz_moto_stat_sys_signal_2_fully_wide iconLevel=2 mMSimMobileInetCondition=0 mMSimMobileInetConditionSB=1
D/SBar.MSimNetwCntrl( 1115): updateDataIcon[0]: subscription=0
D/SBar.MSimNetwCntrl( 1115): updateDataIcon[0]: dataSub=0
D/SBar.MSimNetwCntrl( 1115): updateDataIcon[0]: SimState=READY
I/SBar.MSimNetwCntrl( 1115): notifySignalsChangedCallbacks[0]: isEmergencyOnly(0)=false enabled=true sim=(none)="(empty)" signal=zz_moto_stat_sys_signal_2_wide="Phone two bars." roaming=(none)="Not roaming."
I/SBar.MSimNetwCntrl( 1115):  type=zz_moto_stat_sys_data_connected_e_wide="Edge" activity=zz_moto_stat_sys_data_connected_signal_out_wide="(empty)"
I/SBar.MSimNetwCntrl( 1115):  slot=1="1" network="AIRCEL"
I/SBar.MSimNetwCntrl( 1115): refreshSignalCluster[0]: wifi: mWifiConnected=false Wifi=(none) Activity=(none) in=false out=false Accessibility="Wi-Fi disconnected."
I/SBar.MSimNetwCntrl( 1115): refreshSignalCluster[0]: mobile: Signal=zz_moto_stat_sys_signal_2_fully_wide Roaming=(none) mMSimSimIconId[0]=(none) Accessibility="Phone two bars.","Not roaming.",""
I/SBar.MSimNetwCntrl( 1115): refreshSignalCluster[0]: mobile: mMSimHasMobileDataFeature[0]=true DataTypeShown=zz_moto_stat_sys_data_fully_connected_e_wide Activity=zz_moto_stat_sys_data_fully_connected_signal_out_wide in=false out=false Accessibility="Edge"
V/NativeCrypto( 2141): SSL shutdown failed: ssl=0x59354c60: Failure in SSL library, usually a protocol error
V/NativeCrypto( 2141): error:100000fa:SSL routines:OPENSSL_internal:SHUTDOWN_WHILE_IN_INIT (third_party/openssl/boringssl/src/ssl/ssl_lib.c:794 0x584d8793:0x00000000)
I/SFPerfTracer(  262):      triggers: (rate: 0:0) (14136 sw vsyncs) (0 skipped) (32:18568 vsyncs) (34:38939)
I/SBar.MSimNetwCntrl( 1115): onDataActivity[0]: received on subscription :0direction=0
D/SBar.MSimNetwCntrl( 1115): updateTelephonySignalStrength[0]: iconList[iconLevel]=7f020291/zz_moto_stat_sys_signal_2_fully_wide iconLevel=2 mMSimMobileInetCondition=0 mMSimMobileInetConditionSB=1
D/SBar.MSimNetwCntrl( 1115): updateDataIcon[0]: subscription=0
D/SBar.MSimNetwCntrl( 1115): updateDataIcon[0]: dataSub=0
D/SBar.MSimNetwCntrl( 1115): updateDataIcon[0]: SimState=READY
I/SBar.MSimNetwCntrl( 1115): notifySignalsChangedCallbacks[0]: isEmergencyOnly(0)=false enabled=true sim=(none)="(empty)" signal=zz_moto_stat_sys_signal_2_wide="Phone two bars." roaming=(none)="Not roaming."
I/SBar.MSimNetwCntrl( 1115):  type=zz_moto_stat_sys_data_connected_e_wide="Edge" activity=zz_moto_stat_sys_data_connected_signal_none_wide="(empty)"
I/SBar.MSimNetwCntrl( 1115):  slot=1="1" network="AIRCEL"
I/SBar.MSimNetwCntrl( 1115): refreshSignalCluster[0]: mobile: mMSimHasMobileDataFeature[0]=true DataTypeShown=zz_moto_stat_sys_data_fully_connected_e_wide Activity=zz_moto_stat_sys_data_fully_connected_signal_none_wide in=false out=false Accessibility="Edge"
I/SBar.MSimNetwCntrl( 1115): onDataActivity[0]: received on subscription :0direction=2
D/SBar.MSimNetwCntrl( 1115): updateTelephonySignalStrength[0]: iconList[iconLevel]=7f020291/zz_moto_stat_sys_signal_2_fully_wide iconLevel=2 mMSimMobileInetCondition=0 mMSimMobileInetConditionSB=1
D/SBar.MSimNetwCntrl( 1115): updateDataIcon[0]: subscription=0
D/SBar.MSimNetwCntrl( 1115): updateDataIcon[0]: dataSub=0
D/SBar.MSimNetwCntrl( 1115): updateDataIcon[0]: SimState=READY
I/SBar.MSimNetwCntrl( 1115): notifySignalsChangedCallbacks[0]: isEmergencyOnly(0)=false enabled=true sim=(none)="(empty)" signal=zz_moto_stat_sys_signal_2_wide="Phone two bars." roaming=(none)="Not roaming."
I/SBar.MSimNetwCntrl( 1115):  type=zz_moto_stat_sys_data_connected_e_wide="Edge" activity=zz_moto_stat_sys_data_connected_signal_out_wide="(empty)"
I/SBar.MSimNetwCntrl( 1115):  slot=1="1" network="AIRCEL"
I/SBar.MSimNetwCntrl( 1115): refreshSignalCluster[0]: mobile: mMSimHasMobileDataFeature[0]=true DataTypeShown=zz_moto_stat_sys_data_fully_connected_e_wide Activity=zz_moto_stat_sys_data_fully_connected_signal_out_wide in=false out=false Accessibility="Edge"
I/SBar.MSimNetwCntrl( 1115): onDataActivity[0]: received on subscription :0direction=0
D/SBar.MSimNetwCntrl( 1115): updateTelephonySignalStrength[0]: iconList[iconLevel]=7f020291/zz_moto_stat_sys_signal_2_fully_wide iconLevel=2 mMSimMobileInetCondition=0 mMSimMobileInetConditionSB=1
D/SBar.MSimNetwCntrl( 1115): updateDataIcon[0]: subscription=0
D/SBar.MSimNetwCntrl( 1115): updateDataIcon[0]: dataSub=0
D/SBar.MSimNetwCntrl( 1115): updateDataIcon[0]: SimState=READY
I/SBar.MSimNetwCntrl( 1115): notifySignalsChangedCallbacks[0]: isEmergencyOnly(0)=false enabled=true sim=(none)="(empty)" signal=zz_moto_stat_sys_signal_2_wide="Phone two bars." roaming=(none)="Not roaming."
I/SBar.MSimNetwCntrl( 1115):  type=zz_moto_stat_sys_data_connected_e_wide="Edge" activity=zz_moto_stat_sys_data_connected_signal_none_wide="(empty)"
I/SBar.MSimNetwCntrl( 1115):  slot=1="1" network="AIRCEL"
I/SBar.MSimNetwCntrl( 1115): refreshSignalCluster[0]: mobile: mMSimHasMobileDataFeature[0]=true DataTypeShown=zz_moto_stat_sys_data_fully_connected_e_wide Activity=zz_moto_stat_sys_data_fully_connected_signal_none_wide in=false out=false Accessibility="Edge"
D/SBar.MSimNetwCntrl( 1115): updateTelephonySignalStrength[0]: iconList[iconLevel]=7f020291/zz_moto_stat_sys_signal_2_fully_wide iconLevel=2 mMSimMobileInetCondition=0 mMSimMobileInetConditionSB=1
D/SBar.MSimNetwCntrl( 1115): updateDataIcon[0]: subscription=0
D/SBar.MSimNetwCntrl( 1115): updateDataIcon[0]: dataSub=0
D/SBar.MSimNetwCntrl( 1115): updateDataIcon[0]: SimState=READY
I/SBar.MSimNetwCntrl( 1115): notifySignalsChangedCallbacks[0]: isEmergencyOnly(0)=false enabled=true sim=(none)="(empty)" signal=zz_moto_stat_sys_signal_2_wide="Phone two bars." roaming=(none)="Not roaming."
I/SBar.MSimNetwCntrl( 1115):  type=zz_moto_stat_sys_data_connected_e_wide="Edge" activity=zz_moto_stat_sys_data_connected_signal_none_wide="(empty)"
I/SBar.MSimNetwCntrl( 1115):  slot=1="1" network="AIRCEL"
I/PackageManager( 1039): Adding preferred activity ComponentInfo{com.android.mms/com.android.mms.ui.ComposeMessageActivity} for user 0 :
I/PackageManager( 1039):   Action: "android.intent.action.SENDTO"
I/PackageManager( 1039):   Category: "android.intent.category.DEFAULT"
I/PackageManager( 1039):   Scheme: "sms"
W/PackageManager( 1039): Unable to load service info ResolveInfo{423532a0 com.motorola.MotGallery2/com.motorola.ccc.sso.service.GAMSMotoIdService m=0x108000}
W/PackageManager( 1039): org.xmlpull.v1.XmlPullParserException: No android.accounts.AccountAuthenticator meta-data
W/PackageManager( 1039): 	at android.content.pm.RegisteredServicesCache.parseServiceInfo(RegisteredServicesCache.java:440)
W/PackageManager( 1039): 	at android.content.pm.RegisteredServicesCache.generateServicesMap(RegisteredServicesCache.java:305)
W/PackageManager( 1039): 	at android.content.pm.RegisteredServicesCache.access$100(RegisteredServicesCache.java:70)
W/PackageManager( 1039): 	at android.content.pm.RegisteredServicesCache$1.onReceive(RegisteredServicesCache.java:148)
W/PackageManager( 1039): 	at android.app.LoadedApk$ReceiverDispatcher$Args.run(LoadedApk.java:768)
W/PackageManager( 1039): 	at android.os.Handler.handleCallback(Handler.java:733)
W/PackageManager( 1039): 	at android.os.Handler.dispatchMessage(Handler.java:95)
W/PackageManager( 1039): 	at android.os.Looper.loop(Looper.java:136)
W/PackageManager( 1039): 	at com.android.server.ServerThread.initAndLoop(SystemServer.java:1250)
W/PackageManager( 1039): 	at com.android.server.SystemServer.main(SystemServer.java:1426)
W/PackageManager( 1039): 	at java.lang.reflect.Method.invokeNative(Native Method)
W/PackageManager( 1039): 	at java.lang.reflect.Method.invoke(Method.java:515)
W/PackageManager( 1039): 	at com.android.internal.os.ZygoteInit$MethodAndArgsCaller.run(ZygoteInit.java:785)
W/PackageManager( 1039): 	at com.android.internal.os.ZygoteInit.main(ZygoteInit.java:601)
W/PackageManager( 1039): 	at dalvik.system.NativeStart.main(Native Method)
I/InputReader( 1039): Reconfiguring input devices.  changes=0x00000010
I/Launcher( 1306): Deferring update until onResume
I/PackageManager( 1039): Adding preferred activity ComponentInfo{com.android.mms/com.android.mms.ui.ComposeMessageActivity} for user 0 :
I/PackageManager( 1039):   Action: "android.intent.action.SENDTO"
I/PackageManager( 1039):   Category: "android.intent.category.DEFAULT"
I/PackageManager( 1039):   Scheme: "smsto"
I/PackageManager( 1039): Adding preferred activity ComponentInfo{com.android.mms/com.android.mms.ui.ComposeMessageActivity} for user 0 :
I/PackageManager( 1039):   Action: "android.intent.action.SENDTO"
I/PackageManager( 1039):   Category: "android.intent.category.DEFAULT"
I/PackageManager( 1039):   Scheme: "mms"
I/Launcher( 1306): Deferring update until onResume
I/PackageManager( 1039): Adding preferred activity ComponentInfo{com.android.mms/com.android.mms.ui.ComposeMessageActivity} for user 0 :
I/PackageManager( 1039):   Action: "android.intent.action.SENDTO"
I/PackageManager( 1039):   Category: "android.intent.category.DEFAULT"
I/PackageManager( 1039):   Scheme: "mmsto"
I/ActivityManager( 1039): Start proc com.android.vending for broadcast com.android.vending/com.google.android.finsky.receivers.PackageMonitorReceiver$RegisteredReceiver: pid=1819 uid=10036 gids={50036, 3003, 1028, 1015}
I/PackageManager( 1039): Adding preferred activity ComponentInfo{com.android.mms/com.android.mms.ui.ComposeMessageActivity} for user 0 :
I/PackageManager( 1039):   Action: "android.intent.action.SENDTO"
I/PackageManager( 1039):   Category: "android.intent.category.DEFAULT"
I/PackageManager( 1039):   Scheme: "sms"
I/PackageManager( 1039): Adding preferred activity ComponentInfo{com.android.mms/com.android.mms.ui.ComposeMessageActivity} for user 0 :
I/PackageManager( 1039):   Action: "android.intent.action.SENDTO"
I/PackageManager( 1039):   Category: "android.intent.category.DEFAULT"
I/PackageManager( 1039):   Scheme: "smsto"
I/PackageManager( 1039): Adding preferred activity ComponentInfo{com.android.mms/com.android.mms.ui.ComposeMessageActivity} for user 0 :
I/PackageManager( 1039):   Action: "android.intent.action.SENDTO"
