I/PackageManager( 1039):   Category: "android.intent.category.DEFAULT"
I/PackageManager( 1039):   Scheme: "mms"
I/PackageManager( 1039): Adding preferred activity ComponentInfo{com.android.mms/com.android.mms.ui.ComposeMessageActivity} for user 0 :
I/PackageManager( 1039):   Action: "android.intent.action.SENDTO"
I/PackageManager( 1039):   Category: "android.intent.category.DEFAULT"
I/PackageManager( 1039):   Scheme: "mmsto"
I/dalvikvm( 1819): Could not find method android.os.PowerManager.isDeviceIdleMode, referenced from method com.google.android.finsky.utils.ja.a
W/dalvikvm( 1819): VFY: unable to resolve virtual method 1694: Landroid/os/PowerManager;.isDeviceIdleMode ()Z
D/dalvikvm( 1819): VFY: replacing opcode 0x6e at 0x0010
I/dalvikvm( 1819): Could not find method android.app.admin.DevicePolicyManager.isProfileOwnerApp, referenced from method com.google.android.finsky.j.a.d
W/dalvikvm( 1819): VFY: unable to resolve virtual method 435: Landroid/app/admin/DevicePolicyManager;.isProfileOwnerApp (Ljava/lang/String;)Z
D/dalvikvm( 1819): VFY: replacing opcode 0x6e at 0x0042
I/dalvikvm( 1819): Could not find method android.app.admin.DevicePolicyManager.getProfileOwner, referenced from method com.google.android.finsky.j.a.d
W/dalvikvm( 1819): VFY: unable to resolve virtual method 432: Landroid/app/admin/DevicePolicyManager;.getProfileOwner ()Landroid/content/ComponentName;
D/dalvikvm( 1819): VFY: replacing opcode 0x6e at 0x0063
I/PlayCommon( 1819): [4049] g.e: Preparing logs for uploading
I/PlayCommon( 1819): [4049] com.google.android.play.a.g.a(1040): Connecting to server: https://play.googleapis.com/play/log?format=raw&proto_v2=true
I/dalvikvm( 1819): Could not find method android.content.pm.ApplicationInfo.loadUnbadgedIcon, referenced from method com.google.android.finsky.utils.dx.e
W/dalvikvm( 1819): VFY: unable to resolve virtual method 676: Landroid/content/pm/ApplicationInfo;.loadUnbadgedIcon (Landroid/content/pm/PackageManager;)Landroid/graphics/drawable/Drawable;
D/dalvikvm( 1819): VFY: replacing opcode 0x6e at 0x0013
I/dalvikvm( 1819): Could not find method android.content.pm.PackageManager.getLeanbackLaunchIntentForPackage, referenced from method com.google.android.finsky.d.a.h.e
W/dalvikvm( 1819): VFY: unable to resolve virtual method 757: Landroid/content/pm/PackageManager;.getLeanbackLaunchIntentForPackage (Ljava/lang/String;)Landroid/content/Intent;
D/dalvikvm( 1819): VFY: replacing opcode 0x6e at 0x000a
I/dalvikvm( 1819): Could not find method android.app.Activity.isInMultiWindowMode, referenced from method com.google.android.finsky.utils.ie.a
W/dalvikvm( 1819): VFY: unable to resolve virtual method 144: Landroid/app/Activity;.isInMultiWindowMode ()Z
D/dalvikvm( 1819): VFY: replacing opcode 0x6e at 0x0006
W/dalvikvm( 1819): Unable to resolve superclass of Lcom/google/android/finsky/hygiene/HygieneJobService; (83)
W/dalvikvm( 1819): Link of class 'Lcom/google/android/finsky/hygiene/HygieneJobService;' failed
E/dalvikvm( 1819): Could not find class 'com.google.android.finsky.hygiene.HygieneJobService', referenced from method com.google.android.finsky.dailyhygiene.DailyHygiene.a
W/dalvikvm( 1819): VFY: unable to resolve const-class 4009 (Lcom/google/android/finsky/hygiene/HygieneJobService;) in Lcom/google/android/finsky/dailyhygiene/DailyHygiene;
D/dalvikvm( 1819): VFY: replacing opcode 0x1c at 0x0053
W/dalvikvm( 1819): Unable to resolve superclass of Lcom/google/android/finsky/services/MaintenanceWindowJobService; (83)
W/dalvikvm( 1819): Link of class 'Lcom/google/android/finsky/services/MaintenanceWindowJobService;' failed
E/dalvikvm( 1819): Could not find class 'com.google.android.finsky.services.MaintenanceWindowJobService', referenced from method com.google.android.finsky.dailyhygiene.DailyHygiene.g
W/dalvikvm( 1819): VFY: unable to resolve const-class 4870 (Lcom/google/android/finsky/services/MaintenanceWindowJobService;) in Lcom/google/android/finsky/dailyhygiene/DailyHygiene;
D/dalvikvm( 1819): VFY: replacing opcode 0x1c at 0x009e
W/dalvikvm( 1819): Unable to resolve superclass of Lcom/google/android/finsky/hygiene/HygieneJobService; (83)
W/dalvikvm( 1819): Link of class 'Lcom/google/android/finsky/hygiene/HygieneJobService;' failed
W/dalvikvm( 1819): VFY: unable to resolve static field 18732 (a) in Lcom/google/android/finsky/hygiene/HygieneJobService;
D/dalvikvm( 1819): VFY: replacing opcode 0x62 at 0x00a4
D/dalvikvm( 1819): DexOpt: unable to opt direct call 0x01bf at 0x5f in Lcom/google/android/finsky/dailyhygiene/DailyHygiene;.a
D/dalvikvm( 1819): DexOpt: unable to opt direct call 0x068f at 0x13c in Lcom/google/android/finsky/dailyhygiene/DailyHygiene;.a
D/dalvikvm( 1819): DexOpt: unable to opt direct call 0x01bf at 0xa8 in Lcom/google/android/finsky/dailyhygiene/DailyHygiene;.g
W/dalvikvm( 1819): Unable to resolve superclass of Lcom/google/android/finsky/hygiene/HygieneJobService; (83)
W/dalvikvm( 1819): Link of class 'Lcom/google/android/finsky/hygiene/HygieneJobService;' failed
I/dalvikvm( 1819): DexOpt: unable to optimize static field ref 0x492c at 0xa8 in Lcom/google/android/finsky/dailyhygiene/DailyHygiene;.a
W/dalvikvm( 1819): Unable to resolve superclass of Lcom/google/android/finsky/hygiene/HygieneJobService; (83)
W/dalvikvm( 1819): Link of class 'Lcom/google/android/finsky/hygiene/HygieneJobService;' failed
I/dalvikvm( 1819): DexOpt: unable to optimize instance field ref 0x492d at 0xaa in Lcom/google/android/finsky/dailyhygiene/DailyHygiene;.a
W/dalvikvm( 1819): Unable to resolve superclass of Lcom/google/android/finsky/hygiene/HygieneJobService; (83)
W/dalvikvm( 1819): Link of class 'Lcom/google/android/finsky/hygiene/HygieneJobService;' failed
I/dalvikvm( 1819): DexOpt: unable to optimize instance field ref 0x492d at 0xb2 in Lcom/google/android/finsky/dailyhygiene/DailyHygiene;.a
W/dalvikvm( 1819): Unable to resolve superclass of Lcom/google/android/finsky/hygiene/HygieneJobService; (83)
W/dalvikvm( 1819): Link of class 'Lcom/google/android/finsky/hygiene/HygieneJobService;' failed
I/dalvikvm( 1819): DexOpt: unable to optimize static field ref 0x492c at 0xb4 in Lcom/google/android/finsky/dailyhygiene/DailyHygiene;.a
I/Finsky  ( 1819): [1] com.google.android.finsky.dailyhygiene.DailyHygiene.a(294): No need to run daily hygiene.
I/dalvikvm( 1819): Could not find method android.app.ActivityManager.getPackageImportance, referenced from method com.google.android.finsky.installer.w.b
W/dalvikvm( 1819): VFY: unable to resolve virtual method 185: Landroid/app/ActivityManager;.getPackageImportance (Ljava/lang/String;)I
D/dalvikvm( 1819): VFY: replacing opcode 0x6e at 0x0029
W/Settings( 1819): Setting download_manager_max_bytes_over_mobile has moved from android.provider.Settings.Secure to android.provider.Settings.Global.
W/Settings( 1819): Setting download_manager_recommended_max_bytes_over_mobile has moved from android.provider.Settings.Secure to android.provider.Settings.Global.
I/dalvikvm( 1819): Could not find method com.google.android.finsky.layout.DocImageView.setTransitionName, referenced from method com.google.android.finsky.w.k.a
W/dalvikvm( 1819): VFY: unable to resolve virtual method 27167: Lcom/google/android/finsky/layout/DocImageView;.setTransitionName (Ljava/lang/String;)V
D/dalvikvm( 1819): VFY: replacing opcode 0x6e at 0x0589
I/dalvikvm( 1819): Could not find method com.google.android.finsky.layout.DocImageView.setTransitionName, referenced from method com.google.android.finsky.w.k.a
W/dalvikvm( 1819): VFY: unable to resolve virtual method 27167: Lcom/google/android/finsky/layout/DocImageView;.setTransitionName (Ljava/lang/String;)V
D/dalvikvm( 1819): VFY: replacing opcode 0x6e at 0x05c8
I/dalvikvm( 1819): Could not find method com.google.android.finsky.layout.DocImageView.setTransitionName, referenced from method com.google.android.finsky.w.k.a
W/dalvikvm( 1819): VFY: unable to resolve virtual method 27167: Lcom/google/android/finsky/layout/DocImageView;.setTransitionName (Ljava/lang/String;)V
D/dalvikvm( 1819): VFY: replacing opcode 0x6e at 0x05cf
I/dalvikvm( 1819): Could not find method com.google.android.play.layout.b.setTransitionGroup, referenced from method com.google.android.finsky.w.k.a
W/dalvikvm( 1819): VFY: unable to resolve virtual method 48826: Lcom/google/android/play/layout/b;.setTransitionGroup (Z)V
D/dalvikvm( 1819): VFY: replacing opcode 0x6e at 0x05d5
I/dalvikvm( 1819): Could not find method android.view.View.getTransitionName, referenced from method com.google.android.finsky.navigationmanager.c.a
W/dalvikvm( 1819): VFY: unable to resolve virtual method 10956: Landroid/view/View;.getTransitionName ()Ljava/lang/String;
D/dalvikvm( 1819): VFY: replacing opcode 0x6e at 0x001e
I/Finsky  ( 1819): [1] com.google.android.finsky.v.a.a(187): Enabling bucket experiment: factor=2.000, zeroDelta=0ms, forceNetwork=false
D/dalvikvm( 1819): DexOpt: couldn't find static field Landroid/os/Build;.SUPPORTED_ABIS
W/dalvikvm( 1819): VFY: unable to resolve static field 207 (SUPPORTED_ABIS) in Landroid/os/Build;
D/dalvikvm( 1819): VFY: replacing opcode 0x62 at 0x01b6
I/dalvikvm( 1819): Could not find method android.content.pm.PackageManager.getPackageInstaller, referenced from method com.google.android.gms.common.e.a
W/dalvikvm( 1819): VFY: unable to resolve virtual method 761: Landroid/content/pm/PackageManager;.getPackageInstaller ()Landroid/content/pm/PackageInstaller;
D/dalvikvm( 1819): VFY: replacing opcode 0x6e at 0x0014
I/Finsky  ( 1819): [1] com.google.android.finsky.s.i.run(207): Loaded library for account: [hmvowg_TqO1upxJygosK8pDXQ-E]
I/Finsky  ( 1819): [1] com.google.android.finsky.s.i.run(213): Finished loading 1 libraries.
I/WearableService( 1232): Wear is not allowed to run on this device. Not starting Wear service.
I/Finsky  ( 1819): [1] com.google.android.finsky.d.a.a.a(240): result=false type=4
I/dalvikvm( 1819): Could not find method android.content.pm.PackageManager.getLeanbackLaunchIntentForPackage, referenced from method com.google.android.finsky.utils.cw.a
W/dalvikvm( 1819): VFY: unable to resolve virtual method 757: Landroid/content/pm/PackageManager;.getLeanbackLaunchIntentForPackage (Ljava/lang/String;)Landroid/content/Intent;
D/dalvikvm( 1819): VFY: replacing opcode 0x6e at 0x0017
I/ActivityManager( 1039): Start proc com.google.android.googlequicksearchbox:search for broadcast com.google.android.googlequicksearchbox/com.google.android.apps.gsa.search.core.icingsync.IcingCorporaChangedReceiver: pid=1865 uid=10043 gids={50043, 3003, 1028, 3002, 1015}
I/Finsky  ( 1819): [1] com.google.android.finsky.services.az.a(928): Restore complete with 0 success and 0 failed.
E/Finsky  ( 1819): [1] com.google.android.finsky.wear.bl.a(847): onConnectionFailed: ConnectionResult{statusCode=API_UNAVAILABLE, resolution=null, message=null}
I/Finsky  ( 1819): [1] com.google.android.finsky.wear.aj.run(2402): Dropping command=send_installed_apps due to Gms not connected
I/ActivityManager( 1039): Killing 1616:com.google.android.apps.uploader/u0a72 (adj 15): empty #9
W/ContextImpl( 1267): Calling a method in the system process without a qualified user: android.app.ContextImpl.sendBroadcast:1252 android.content.ContextWrapper.sendBroadcast:365 com.motorola.motocare.util.TriggerHelper$TriggerBuilder.send:76 com.motorola.motocare.internal.frameworkevents.ProcessKillTrigger.sendTrigger:147 com.motorola.motocare.internal.frameworkevents.ProcessKillTrigger.handleFrameworkEvent:164 
D/dalvikvm( 1865): DexOpt: couldn't find static field Landroid/os/Build;.SUPPORTED_ABIS
W/dalvikvm( 1865): VFY: unable to resolve static field 241 (SUPPORTED_ABIS) in Landroid/os/Build;
D/dalvikvm( 1865): VFY: replacing opcode 0x62 at 0x0095
I/MultiDex( 1865): VM with version 1.6.0 does not have multidex support
I/MultiDex( 1865): install
I/MultiDex( 1865): MultiDexExtractor.load(/data/app/com.google.android.googlequicksearchbox-1.apk, false)
I/MultiDex( 1865): loading existing secondary dex files
I/MultiDex( 1865): load found 2 secondary dex files
I/MultiDex( 1865): install done
D/dalvikvm( 2366): GC_CONCURRENT freed 2595K, 24% free 9730K/12692K, paused 32ms+8ms, total 149ms
D/dalvikvm( 2366): WAIT_FOR_CONCURRENT_GC blocked 42ms
D/dalvikvm( 2366): WAIT_FOR_CONCURRENT_GC blocked 43ms
D/dalvikvm( 2366): WAIT_FOR_CONCURRENT_GC blocked 43ms
D/dalvikvm( 2366): WAIT_FOR_CONCURRENT_GC blocked 44ms
D/dalvikvm( 1039): GC_EXPLICIT freed 1933K, 21% free 15523K/19408K, paused 4ms+10ms, total 120ms
I/Icing   ( 2366): Usage reports 0 indexed 0 rejected 0 imm upload false
W/IcingInternalCorpora( 2366): getNumBytesRead when not calculated.
I/Icing   ( 2366): Usage reports 0 indexed 0 rejected 0 imm upload false
I/SBar.MSimNetwCntrl( 1115): onDataActivity[0]: received on subscription :0direction=2
D/SBar.MSimNetwCntrl( 1115): updateTelephonySignalStrength[0]: iconList[iconLevel]=7f020291/zz_moto_stat_sys_signal_2_fully_wide iconLevel=2 mMSimMobileInetCondition=0 mMSimMobileInetConditionSB=1
D/SBar.MSimNetwCntrl( 1115): updateDataIcon[0]: subscription=0
D/SBar.MSimNetwCntrl( 1115): updateDataIcon[0]: dataSub=0
D/SBar.MSimNetwCntrl( 1115): updateDataIcon[0]: SimState=READY
I/SBar.MSimNetwCntrl( 1115): notifySignalsChangedCallbacks[0]: isEmergencyOnly(0)=false enabled=true sim=(none)="(empty)" signal=zz_moto_stat_sys_signal_2_wide="Phone two bars." roaming=(none)="Not roaming."
I/SBar.MSimNetwCntrl( 1115):  type=zz_moto_stat_sys_data_connected_e_wide="Edge" activity=zz_moto_stat_sys_data_connected_signal_out_wide="(empty)"
I/SBar.MSimNetwCntrl( 1115):  slot=1="1" network="AIRCEL"
I/SBar.MSimNetwCntrl( 1115): refreshSignalCluster[0]: mobile: mMSimHasMobileDataFeature[0]=true DataTypeShown=zz_moto_stat_sys_data_fully_connected_e_wide Activity=zz_moto_stat_sys_data_fully_connected_signal_out_wide in=false out=false Accessibility="Edge"
W/dalvikvm( 1865): Unable to resolve superclass of Lcom/google/android/apps/gsa/assist/GsaVoiceInteractionSessionService; (459)
W/dalvikvm( 1865): Link of class 'Lcom/google/android/apps/gsa/assist/GsaVoiceInteractionSessionService;' failed
W/dalvikvm( 1865): VFY: unable to find class referenced in signature (Lcom/google/android/apps/gsa/assist/GsaVoiceInteractionSessionService;)
W/dalvikvm( 1865): Unable to resolve superclass of Lcom/google/android/apps/gsa/tasks/BackgroundTasksJobService; (151)
W/dalvikvm( 1865): Link of class 'Lcom/google/android/apps/gsa/tasks/BackgroundTasksJobService;' failed
W/dalvikvm( 1865): VFY: unable to find class referenced in signature (Lcom/google/android/apps/gsa/tasks/BackgroundTasksJobService;)
W/dalvikvm( 1865): Unable to resolve superclass of Lcom/google/android/apps/gsa/tasks/VelvetBackgroundTasksJobService; (151)
W/dalvikvm( 1865): Link of class 'Lcom/google/android/apps/gsa/tasks/VelvetBackgroundTasksJobService;' failed
W/dalvikvm( 1865): VFY: unable to find class referenced in signature (Lcom/google/android/apps/gsa/tasks/VelvetBackgroundTasksJobService;)
W/dalvikvm( 1865): Unable to resolve superclass of Lcom/google/android/apps/gsa/assist/GsaVoiceInteractionSessionService; (459)
W/dalvikvm( 1865): Link of class 'Lcom/google/android/apps/gsa/assist/GsaVoiceInteractionSessionService;' failed
E/dalvikvm( 1865): Could not find class 'com.google.android.apps.gsa.assist.GsaVoiceInteractionSessionService', referenced from method com.google.android.apps.gsa.assist.GsaVoiceInteractionSessionService_MembersInjector.aB
W/dalvikvm( 1865): VFY: unable to resolve check-cast 3858 (Lcom/google/android/apps/gsa/assist/GsaVoiceInteractionSessionService;) in Lcom/google/android/apps/gsa/assist/GsaVoiceInteractionSessionService_MembersInjector;
D/dalvikvm( 1865): VFY: replacing opcode 0x1f at 0x0000
W/dalvikvm( 1865): Unable to resolve superclass of Lcom/google/android/apps/gsa/assist/GsaVoiceInteractionSessionService; (459)
W/dalvikvm( 1865): Link of class 'Lcom/google/android/apps/gsa/assist/GsaVoiceInteractionSessionService;' failed
I/dalvikvm( 1865): DexOpt: unable to optimize instance field ref 0x33ce at 0x14 in Lcom/google/android/apps/gsa/assist/GsaVoiceInteractionSessionService_MembersInjector;.aB
W/dalvikvm( 1865): Unable to resolve superclass of Lcom/google/android/apps/gsa/tasks/VelvetBackgroundTasksJobService; (151)
W/dalvikvm( 1865): Link of class 'Lcom/google/android/apps/gsa/tasks/VelvetBackgroundTasksJobService;' failed
E/dalvikvm( 1865): Could not find class 'com.google.android.apps.gsa.tasks.VelvetBackgroundTasksJobService', referenced from method com.google.android.apps.gsa.tasks.bf.aB
W/dalvikvm( 1865): VFY: unable to resolve check-cast 10984 (Lcom/google/android/apps/gsa/tasks/VelvetBackgroundTasksJobService;) in Lcom/google/android/apps/gsa/tasks/bf;
D/dalvikvm( 1865): VFY: replacing opcode 0x1f at 0x0000
W/dalvikvm( 1865): Unable to resolve superclass of Lcom/google/android/apps/gsa/tasks/VelvetBackgroundTasksJobService; (151)
W/dalvikvm( 1865): Link of class 'Lcom/google/android/apps/gsa/tasks/VelvetBackgroundTasksJobService;' failed
I/dalvikvm( 1865): DexOpt: unable to optimize instance field ref 0x7d4b at 0x12 in Lcom/google/android/apps/gsa/tasks/bf;.aB
W/dalvikvm( 1865): Unable to resolve superclass of Lcom/google/android/apps/gsa/tasks/VelvetBackgroundTasksJobService; (151)
W/dalvikvm( 1865): Link of class 'Lcom/google/android/apps/gsa/tasks/VelvetBackgroundTasksJobService;' failed
I/dalvikvm( 1865): DexOpt: unable to optimize instance field ref 0x7d4a at 0x1c in Lcom/google/android/apps/gsa/tasks/bf;.aB
W/dalvikvm( 1865): Unable to resolve superclass of Lcom/google/android/apps/gsa/tasks/BackgroundTasksJobService; (151)
W/dalvikvm( 1865): Link of class 'Lcom/google/android/apps/gsa/tasks/BackgroundTasksJobService;' failed
E/dalvikvm( 1865): Could not find class 'com.google.android.apps.gsa.tasks.BackgroundTasksJobService', referenced from method com.google.android.apps.gsa.tasks.q.aB
W/dalvikvm( 1865): VFY: unable to resolve check-cast 10981 (Lcom/google/android/apps/gsa/tasks/BackgroundTasksJobService;) in Lcom/google/android/apps/gsa/tasks/q;
D/dalvikvm( 1865): VFY: replacing opcode 0x1f at 0x0000
W/dalvikvm( 1865): Unable to resolve superclass of Lcom/google/android/apps/gsa/tasks/BackgroundTasksJobService; (151)
W/dalvikvm( 1865): Link of class 'Lcom/google/android/apps/gsa/tasks/BackgroundTasksJobService;' failed
I/dalvikvm( 1865): DexOpt: unable to optimize instance field ref 0x7d46 at 0x14 in Lcom/google/android/apps/gsa/tasks/q;.aB
W/dalvikvm( 1865): Unable to resolve superclass of Lcom/google/android/apps/gsa/tasks/BackgroundTasksJobService; (151)
W/dalvikvm( 1865): Link of class 'Lcom/google/android/apps/gsa/tasks/BackgroundTasksJobService;' failed
I/dalvikvm( 1865): DexOpt: unable to optimize instance field ref 0x7d44 at 0x1e in Lcom/google/android/apps/gsa/tasks/q;.aB
W/dalvikvm( 1865): Unable to resolve superclass of Lcom/google/android/apps/gsa/tasks/BackgroundTasksJobService; (151)
W/dalvikvm( 1865): Link of class 'Lcom/google/android/apps/gsa/tasks/BackgroundTasksJobService;' failed
I/dalvikvm( 1865): DexOpt: unable to optimize instance field ref 0x7d45 at 0x2c in Lcom/google/android/apps/gsa/tasks/q;.aB
D/dalvikvm( 1865): DexOpt: couldn't find static field Landroid/os/Build;.SUPPORTED_ABIS
W/dalvikvm( 1865): VFY: unable to resolve static field 241 (SUPPORTED_ABIS) in Landroid/os/Build;
D/dalvikvm( 1865): VFY: replacing opcode 0x62 at 0x0063
I/dalvikvm( 1865): Could not find method android.net.wifi.WifiInfo.getFrequency, referenced from method com.google.android.apps.gsa.shared.util.debug.k.dump
W/dalvikvm( 1865): VFY: unable to resolve virtual method 1969: Landroid/net/wifi/WifiInfo;.getFrequency ()I
D/dalvikvm( 1865): VFY: replacing opcode 0x6e at 0x00d4
I/UpdateIcingCorporaServi( 1865): Updating corpora: APPS=com.motorola.genie, CONTACTS=MAYBE
I/dalvikvm( 1865): Could not find method android.content.pm.PackageManager.getPackageInstaller, referenced from method com.google.android.gms.common.h.O
W/dalvikvm( 1865): VFY: unable to resolve virtual method 1105: Landroid/content/pm/PackageManager;.getPackageInstaller ()Landroid/content/pm/PackageInstaller;
D/dalvikvm( 1865): VFY: replacing opcode 0x6e at 0x000e
I/dalvikvm( 1865): Could not find method android.os.UserManager.getUserProfiles, referenced from method com.google.android.apps.gsa.shared.util.ca.aq
W/dalvikvm( 1865): VFY: unable to resolve virtual method 2309: Landroid/os/UserManager;.getUserProfiles ()Ljava/util/List;
D/dalvikvm( 1865): VFY: replacing opcode 0x6e at 0x001b
I/dalvikvm( 1865): Could not find method android.app.AlarmManager.setExactAndAllowWhileIdle, referenced from method com.google.android.apps.gsa.search.core.w.c.b
W/dalvikvm( 1865): VFY: unable to resolve virtual method 415: Landroid/app/AlarmManager;.setExactAndAllowWhileIdle (IJLandroid/app/PendingIntent;)V
D/dalvikvm( 1865): VFY: replacing opcode 0x6e at 0x000e
I/dalvikvm( 1865): Total arena pages for JIT: 11
I/dalvikvm( 1865): Total arena pages for JIT: 12
I/dalvikvm( 1865): Total arena pages for JIT: 13
I/dalvikvm( 1865): Total arena pages for JIT: 14
V/GoogleSignatureVerifier( 1865): com.google.android.gms signature not valid.  Found: 
V/GoogleSignatureVerifier( 1865): MIIEQzCCAyugAwIBAgIJAMLgh0ZkSjCNMA0GCSqGSIb3DQEBBAUAMHQxCzAJBgNVBAYTAlVTMRMw
V/GoogleSignatureVerifier( 1865): EQYDVQQIEwpDYWxpZm9ybmlhMRYwFAYDVQQHEw1Nb3VudGFpbiBWaWV3MRQwEgYDVQQKEwtHb29n
V/GoogleSignatureVerifier( 1865): bGUgSW5jLjEQMA4GA1UECxMHQW5kcm9pZDEQMA4GA1UEAxMHQW5kcm9pZDAeFw0wODA4MjEyMzEz
V/GoogleSignatureVerifier( 1865): MzRaFw0zNjAxMDcyMzEzMzRaMHQxCzAJBgNVBAYTAlVTMRMwEQYDVQQIEwpDYWxpZm9ybmlhMRYw
V/GoogleSignatureVerifier( 1865): FAYDVQQHEw1Nb3VudGFpbiBWaWV3MRQwEgYDVQQKEwtHb29nbGUgSW5jLjEQMA4GA1UECxMHQW5k
V/GoogleSignatureVerifier( 1865): cm9pZDEQMA4GA1UEAxMHQW5kcm9pZDCCASAwDQYJKoZIhvcNAQEBBQADggENADCCAQgCggEBAKtW
V/GoogleSignatureVerifier( 1865): LgDYO6IIrgqWbxJOKdoR8qtW0I9Y4sypEwPpt1TTcvZApxsdyxMJZ2JORland2qSGT2y5b+3JKke
V/GoogleSignatureVerifier( 1865): dxiLDmpHpDsz2WCbdxgxRczfey5YZnTJ4VZbH0xqWVW/8lGmPav5xVwnIiJS6HXk+BVKZF+JcWjA
V/GoogleSignatureVerifier( 1865): sb/GEuq/eFdpuzSqeYTcfi6idkyugwfYwXFU1+5fZKUaRKYCwkkFQVfcAs1fXA5V+++FGfvjJ/Cx
V/GoogleSignatureVerifier( 1865): URaSxaBvGdGDhfXE28LWuT9ozCl5xw4Yq5OGazvV24mZVSoOO0yZ31j7kYvtwYK6NeADwbSxDdJE
V/GoogleSignatureVerifier( 1865): qO4k//0zOHKrUiGYXtqw/A0LFFtqoZKFjnkCAQOjgdkwgdYwHQYDVR0OBBYEFMd9jMIhF1Ylmn/T
V/GoogleSignatureVerifier( 1865): gt9r45jk14alMIGmBgNVHSMEgZ4wgZuAFMd9jMIhF1Ylmn/Tgt9r45jk14aloXikdjB0MQswCQYD
V/GoogleSignatureVerifier( 1865): VQQGEwJVUzETMBEGA1UECBMKQ2FsaWZvcm5pYTEWMBQGA1UEBxMNTW91bnRhaW4gVmlldzEUMBIG
V/GoogleSignatureVerifier( 1865): A1UEChMLR29vZ2xlIEluYy4xEDAOBgNVBAsTB0FuZHJvaWQxEDAOBgNVBAMTB0FuZHJvaWSCCQDC
V/GoogleSignatureVerifier( 1865): 4IdGZEowjTAMBgNVHRMEBTADAQH/MA0GCSqGSIb3DQEBBAUAA4IBAQBt0lLO74UwLDYKqs6Tm8/y
V/GoogleSignatureVerifier( 1865): zKkEu116FmH4rkaymUIE0P9KaMftGlMexFlaYjzmB2OxZyl6euNXEsQH8gjwyxCUKRJNexBiGcCE
V/GoogleSignatureVerifier( 1865): yj6z+a1fuHHvkiaai+KL8W1EyNmgjmyy8AW7P+LLlkR+ho5zEHatRbM/YAnqGcFh5iZBqpknHf1S
V/GoogleSignatureVerifier( 1865): KMXFh4dd239FJ1jWYfbMDMy3NS5CTMQ2XFI1MvcyUTdZPErjQfTbQe3aDQsQcafEQPD+nqActifK
V/GoogleSignatureVerifier( 1865): Z0Np0IS9L9kR/wbNvyz6ENwPiTrjV2KRkEjH78ZMcUQXg0L3BYHJ3lc69Vs5Ddf9uUGGMYldX3Wf
V/GoogleSignatureVerifier( 1865): MBEmh/9iFBDAaTCK
I/dalvikvm( 1865): Could not find method android.app.Notification$Builder.setLocalOnly, referenced from method com.google.android.gms.common.f.a
W/dalvikvm( 1865): VFY: unable to resolve virtual method 595: Landroid/app/Notification$Builder;.setLocalOnly (Z)Landroid/app/Notification$Builder;
D/dalvikvm( 1865): VFY: replacing opcode 0x6e at 0x00f4
I/dalvikvm( 1865): Could not find method java.util.Locale.toLanguageTag, referenced from method com.google.android.apps.gsa.assistant.a.e.pX
W/dalvikvm( 1865): VFY: unable to resolve virtual method 61420: Ljava/util/Locale;.toLanguageTag ()Ljava/lang/String;
D/dalvikvm( 1865): VFY: replacing opcode 0x6e at 0x000a
I/dalvikvm( 1865): Could not find method android.service.voice.VoiceInteractionService.isActiveService, referenced from method com.google.android.apps.gsa.q.c.d.a
W/dalvikvm( 1865): VFY: unable to resolve static method 2353: Landroid/service/voice/VoiceInteractionService;.isActiveService (Landroid/content/Context;Landroid/content/ComponentName;)Z
D/dalvikvm( 1865): VFY: replacing opcode 0x71 at 0x0068
I/dalvikvm( 1865): Could not find method android.content.pm.PackageManager.getUserBadgedIcon, referenced from method com.android.launcher3.Utilities.badgeIconForUser
W/dalvikvm( 1865): VFY: unable to resolve virtual method 1114: Landroid/content/pm/PackageManager;.getUserBadgedIcon (Landroid/graphics/drawable/Drawable;Landroid/os/UserHandle;)Landroid/graphics/drawable/Drawable;
D/dalvikvm( 1865): VFY: replacing opcode 0x6e at 0x001d
I/dalvikvm( 1865): Could not find method android.os.PowerManager.isPowerSaveMode, referenced from method com.android.launcher3.Utilities.isPowerSaverOn
W/dalvikvm( 1865): VFY: unable to resolve virtual method 2260: Landroid/os/PowerManager;.isPowerSaveMode ()Z
D/dalvikvm( 1865): VFY: replacing opcode 0x6e at 0x000c
I/dalvikvm( 1865): Could not find method android.content.Context.getSystemService, referenced from method com.android.launcher3.Utilities.isWallapaperAllowed
W/dalvikvm( 1865): VFY: unable to resolve virtual method 894: Landroid/content/Context;.getSystemService (Ljava/lang/Class;)Ljava/lang/Object;
D/dalvikvm( 1865): VFY: replacing opcode 0x6e at 0x0006
I/UpdateIcingCorporaServi( 1865): UpdateCorporaTask done [took 329 ms] updated apps [took 329 ms] 
I/ActivityManager( 1039): Killing 1631:com.motorola.MotGallery2/u0a32 (adj 15): empty #9
W/ContextImpl( 1267): Calling a method in the system process without a qualified user: android.app.ContextImpl.sendBroadcast:1252 android.content.ContextWrapper.sendBroadcast:365 com.motorola.motocare.util.TriggerHelper$TriggerBuilder.send:76 com.motorola.motocare.internal.frameworkevents.ProcessKillTrigger.sendTrigger:147 com.motorola.motocare.internal.frameworkevents.ProcessKillTrigger.handleFrameworkEvent:164 
D/WifiService( 1039): New client listening to asynchronous messages
E/dalvikvm( 1865): Could not find class 'android.net.ConnectivityManager$NetworkCallback', referenced from method com.google.android.apps.gsa.staticplugins.ap.p.<init>
W/dalvikvm( 1865): VFY: unable to resolve new-instance 301 (Landroid/net/ConnectivityManager$NetworkCallback;) in Lcom/google/android/apps/gsa/staticplugins/ap/p;
D/dalvikvm( 1865): VFY: replacing opcode 0x22 at 0x005c
E/dalvikvm( 1865): Could not find class 'android.net.NetworkRequest$Builder', referenced from method com.google.android.apps.gsa.staticplugins.ap.p.gS
W/dalvikvm( 1865): VFY: unable to resolve new-instance 307 (Landroid/net/NetworkRequest$Builder;) in Lcom/google/android/apps/gsa/staticplugins/ap/p;
D/dalvikvm( 1865): VFY: replacing opcode 0x22 at 0x0024
I/dalvikvm( 1865): Could not find method android.net.ConnectivityManager.unregisterNetworkCallback, referenced from method com.google.android.apps.gsa.staticplugins.ap.p.gS
W/dalvikvm( 1865): VFY: unable to resolve virtual method 1372: Landroid/net/ConnectivityManager;.unregisterNetworkCallback (Landroid/net/ConnectivityManager$NetworkCallback;)V
D/dalvikvm( 1865): VFY: replacing opcode 0x6e at 0x0047
D/dalvikvm( 1865): DexOpt: unable to opt direct call 0x0554 at 0x5e in Lcom/google/android/apps/gsa/staticplugins/ap/p;.<init>
D/dalvikvm( 1865): DexOpt: unable to opt direct call 0x0566 at 0x26 in Lcom/google/android/apps/gsa/staticplugins/ap/p;.gS
I/dalvikvm( 1865): Could not find method android.content.Context.checkSelfPermission, referenced from method com.google.android.apps.gsa.f.a.d
W/dalvikvm( 1865): VFY: unable to resolve virtual method 864: Landroid/content/Context;.checkSelfPermission (Ljava/lang/String;)I
D/dalvikvm( 1865): VFY: replacing opcode 0x6e at 0x0006
E/dalvikvm( 1865): Could not find class 'android.content.pm.LauncherApps', referenced from method com.google.android.apps.gsa.search.shared.multiuser.l.connect
W/dalvikvm( 1865): VFY: unable to resolve check-cast 202 (Landroid/content/pm/LauncherApps;) in Lcom/google/android/apps/gsa/search/shared/multiuser/l;
D/dalvikvm( 1865): VFY: replacing opcode 0x1f at 0x0085
I/dalvikvm( 1865): Could not find method android.net.ConnectivityManager.getAllNetworks, referenced from method com.google.android.apps.gsa.sidekick.main.am.amE
W/dalvikvm( 1865): VFY: unable to resolve virtual method 1366: Landroid/net/ConnectivityManager;.getAllNetworks ()[Landroid/net/Network;
D/dalvikvm( 1865): VFY: replacing opcode 0x6e at 0x0003
I/dalvikvm( 1865): Could not find method android.webkit.CookieManager.setAcceptThirdPartyCookies, referenced from method com.google.android.apps.gsa.search.core.bk.a
W/dalvikvm( 1865): VFY: unable to resolve virtual method 13063: Landroid/webkit/CookieManager;.setAcceptThirdPartyCookies (Landroid/webkit/WebView;Z)V
D/dalvikvm( 1865): VFY: replacing opcode 0x6e at 0x0022
I/ActivityManager( 1039): Start proc com.google.android.partnersetup for content provider com.google.android.partnersetup/.RlzAppProvider: pid=1908 uid=10024 gids={50024, 3003}
I/ActivityManager( 1039): Killing 1650:com.motorola.genie/u0a25 (adj 15): empty #9
W/ContextImpl( 1267): Calling a method in the system process without a qualified user: android.app.ContextImpl.sendBroadcast:1252 android.content.ContextWrapper.sendBroadcast:365 com.motorola.motocare.util.TriggerHelper$TriggerBuilder.send:76 com.motorola.motocare.internal.frameworkevents.ProcessKillTrigger.sendTrigger:147 com.motorola.motocare.internal.frameworkevents.ProcessKillTrigger.handleFrameworkEvent:164 
D/dalvikvm( 1865): DexOpt: couldn't find field Landroid/app/ActivityManager$RecentTaskInfo;.topActivity
W/dalvikvm( 1865): VFY: unable to resolve instance field 53
D/dalvikvm( 1865): VFY: replacing opcode 0x54 at 0x0057
D/dalvikvm( 1865): DexOpt: couldn't find field Landroid/app/ActivityManager$RecentTaskInfo;.topActivity
I/dalvikvm( 1865): DexOpt: unable to optimize instance field ref 0x0035 at 0x5b in Lcom/google/android/apps/gsa/search/core/j/a;.cb
I/dalvikvm( 1865): Could not find method android.app.KeyguardManager.isDeviceLocked, referenced from method com.google.android.apps.gsa.search.core.w.af.isDeviceLocked
W/dalvikvm( 1865): VFY: unable to resolve virtual method 544: Landroid/app/KeyguardManager;.isDeviceLocked ()Z
D/dalvikvm( 1865): VFY: replacing opcode 0x6e at 0x0008
I/Icing   ( 2366): Indexing 2D2D0314D86FDBFF4EEF0A6A8BFCCC623740A283 from com.google.android.gms
I/Icing   ( 2366): Not enough disk space for indexing trimmable
I/Icing   ( 2366): Not enough disk space for indexing trimmable
I/Icing   ( 2366): Indexing done 2D2D0314D86FDBFF4EEF0A6A8BFCCC623740A283
I/SBar.MSimNetwCntrl( 1115): onDataActivity[0]: received on subscription :0direction=0
D/SBar.MSimNetwCntrl( 1115): updateTelephonySignalStrength[0]: iconList[iconLevel]=7f020291/zz_moto_stat_sys_signal_2_fully_wide iconLevel=2 mMSimMobileInetCondition=0 mMSimMobileInetConditionSB=1
D/SBar.MSimNetwCntrl( 1115): updateDataIcon[0]: subscription=0
D/SBar.MSimNetwCntrl( 1115): updateDataIcon[0]: dataSub=0
D/SBar.MSimNetwCntrl( 1115): updateDataIcon[0]: SimState=READY
I/SBar.MSimNetwCntrl( 1115): notifySignalsChangedCallbacks[0]: isEmergencyOnly(0)=false enabled=true sim=(none)="(empty)" signal=zz_moto_stat_sys_signal_2_wide="Phone two bars." roaming=(none)="Not roaming."
I/SBar.MSimNetwCntrl( 1115):  type=zz_moto_stat_sys_data_connected_e_wide="Edge" activity=zz_moto_stat_sys_data_connected_signal_none_wide="(empty)"
I/SBar.MSimNetwCntrl( 1115):  slot=1="1" network="AIRCEL"
I/SBar.MSimNetwCntrl( 1115): refreshSignalCluster[0]: mobile: mMSimHasMobileDataFeature[0]=true DataTypeShown=zz_moto_stat_sys_data_fully_connected_e_wide Activity=zz_moto_stat_sys_data_fully_connected_signal_none_wide in=false out=false Accessibility="Edge"
I/SBar.MSimNetwCntrl( 1115): onSignalStrengthsChanged[0]:SignalStrength: 4 0 -120 -160 -120 -1 -1 99 2147483647 2147483647 2147483647 2147483647 2147483647 gsm|lte 0 -108 -1 false 1 1 0 0 0 99 99 99 4 level=1
D/SBar.MSimNetwCntrl( 1115): updateTelephonySignalStrength[0]: iconList[iconLevel]=7f020291/zz_moto_stat_sys_signal_2_fully_wide iconLevel=2 mMSimMobileInetCondition=0 mMSimMobileInetConditionSB=1
D/SBar.MSimNetwCntrl( 1115): updateDataIcon[0]: subscription=0
D/SBar.MSimNetwCntrl( 1115): updateDataIcon[0]: dataSub=0
D/SBar.MSimNetwCntrl( 1115): updateDataIcon[0]: SimState=READY
I/SBar.MSimNetwCntrl( 1115): notifySignalsChangedCallbacks[0]: isEmergencyOnly(0)=false enabled=true sim=(none)="(empty)" signal=zz_moto_stat_sys_signal_2_wide="Phone two bars." roaming=(none)="Not roaming."
I/SBar.MSimNetwCntrl( 1115):  type=zz_moto_stat_sys_data_connected_e_wide="Edge" activity=zz_moto_stat_sys_data_connected_signal_none_wide="(empty)"
I/SBar.MSimNetwCntrl( 1115):  slot=1="1" network="AIRCEL"
I/SBar.MSimNetwCntrl( 1115): onDataActivity[0]: received on subscription :0direction=2
D/SBar.MSimNetwCntrl( 1115): updateTelephonySignalStrength[0]: iconList[iconLevel]=7f020291/zz_moto_stat_sys_signal_2_fully_wide iconLevel=2 mMSimMobileInetCondition=0 mMSimMobileInetConditionSB=1
D/SBar.MSimNetwCntrl( 1115): updateDataIcon[0]: subscription=0
D/SBar.MSimNetwCntrl( 1115): updateDataIcon[0]: dataSub=0
D/SBar.MSimNetwCntrl( 1115): updateDataIcon[0]: SimState=READY
I/SBar.MSimNetwCntrl( 1115): notifySignalsChangedCallbacks[0]: isEmergencyOnly(0)=false enabled=true sim=(none)="(empty)" signal=zz_moto_stat_sys_signal_2_wide="Phone two bars." roaming=(none)="Not roaming."
I/SBar.MSimNetwCntrl( 1115):  type=zz_moto_stat_sys_data_connected_e_wide="Edge" activity=zz_moto_stat_sys_data_connected_signal_out_wide="(empty)"
I/SBar.MSimNetwCntrl( 1115):  slot=1="1" network="AIRCEL"
I/SBar.MSimNetwCntrl( 1115): refreshSignalCluster[0]: mobile: mMSimHasMobileDataFeature[0]=true DataTypeShown=zz_moto_stat_sys_data_fully_connected_e_wide Activity=zz_moto_stat_sys_data_fully_connected_signal_out_wide in=false out=false Accessibility="Edge"
D/SBar.MSimNetwCntrl( 1115): updateTelephonySignalStrength[0]: iconList[iconLevel]=7f020291/zz_moto_stat_sys_signal_2_fully_wide iconLevel=2 mMSimMobileInetCondition=0 mMSimMobileInetConditionSB=1
I/SBar.MSimNetwCntrl( 1115): onDataActivity[0]: received on subscription :0direction=0
D/SBar.MSimNetwCntrl( 1115): updateTelephonySignalStrength[0]: iconList[iconLevel]=7f020291/zz_moto_stat_sys_signal_2_fully_wide iconLevel=2 mMSimMobileInetCondition=0 mMSimMobileInetConditionSB=1
D/SBar.MSimNetwCntrl( 1115): updateDataIcon[0]: subscription=0
D/SBar.MSimNetwCntrl( 1115): updateDataIcon[0]: dataSub=0
D/SBar.MSimNetwCntrl( 1115): updateDataIcon[0]: SimState=READY
I/SBar.MSimNetwCntrl( 1115): notifySignalsChangedCallbacks[0]: isEmergencyOnly(0)=false enabled=true sim=(none)="(empty)" signal=zz_moto_stat_sys_signal_2_wide="Phone two bars." roaming=(none)="Not roaming."
I/SBar.MSimNetwCntrl( 1115):  type=zz_moto_stat_sys_data_connected_e_wide="Edge" activity=zz_moto_stat_sys_data_connected_signal_none_wide="(empty)"
I/SBar.MSimNetwCntrl( 1115):  slot=1="1" network="AIRCEL"
I/SBar.MSimNetwCntrl( 1115): refreshSignalCluster[0]: mobile: mMSimHasMobileDataFeature[0]=true DataTypeShown=zz_moto_stat_sys_data_fully_connected_e_wide Activity=zz_moto_stat_sys_data_fully_connected_signal_none_wide in=false out=false Accessibility="Edge"
D/SBar.MSimNetwCntrl( 1115): updateTelephonySignalStrength[0]: iconList[iconLevel]=7f020291/zz_moto_stat_sys_signal_2_fully_wide iconLevel=2 mMSimMobileInetCondition=0 mMSimMobileInetConditionSB=1
V/AlarmManager( 1039): sending alarm Alarm{426323b0 type 3 android}
D/SBar.MSimNetwCntrl( 1115): updateTelephonySignalStrength[0]: iconList[iconLevel]=7f02028d/zz_moto_stat_sys_signal_1_fully_wide iconLevel=1 mMSimMobileInetCondition=0 mMSimMobileInetConditionSB=1
I/ActivityManager( 1039): Waited long enough for: ServiceRecord{425e1a90 u0 com.google.android.gms/.gass.chimera.AsyncTaskService}
W/Babel   ( 1739): bbo TOOK TOO LONG! (15001ms > 10000ms)
W/ContentTaskController( 2141): Invalid newTask was provided to startTracking.
I/Babel_ConcService( 1739): Acquired partial wake lock to keep ConcurrentService alive
I/Babel_ConcService( 1739): Released partial wake lock as ConcurrentService became idle
I/SBar.MSimNetwCntrl( 1115): onDataActivity[0]: received on subscription :0direction=2
D/SBar.MSimNetwCntrl( 1115): updateTelephonySignalStrength[0]: iconList[iconLevel]=7f02028d/zz_moto_stat_sys_signal_1_fully_wide iconLevel=1 mMSimMobileInetCondition=0 mMSimMobileInetConditionSB=1
D/SBar.MSimNetwCntrl( 1115): updateDataIcon[0]: subscription=0
D/SBar.MSimNetwCntrl( 1115): updateDataIcon[0]: dataSub=0
D/SBar.MSimNetwCntrl( 1115): updateDataIcon[0]: SimState=READY
I/SBar.MSimNetwCntrl( 1115): notifySignalsChangedCallbacks[0]: isEmergencyOnly(0)=false enabled=true sim=(none)="(empty)" signal=zz_moto_stat_sys_signal_1_wide="Phone one bar." roaming=(none)="Not roaming."
I/SBar.MSimNetwCntrl( 1115):  type=zz_moto_stat_sys_data_connected_e_wide="Edge" activity=zz_moto_stat_sys_data_connected_signal_out_wide="(empty)"
I/SBar.MSimNetwCntrl( 1115):  slot=1="1" network="AIRCEL"
I/SBar.MSimNetwCntrl( 1115): refreshSignalCluster[0]: mobile: Signal=zz_moto_stat_sys_signal_1_fully_wide Roaming=(none) mMSimSimIconId[0]=(none) Accessibility="Phone one bar.","Not roaming.",""
I/SBar.MSimNetwCntrl( 1115): refreshSignalCluster[0]: mobile: mMSimHasMobileDataFeature[0]=true DataTypeShown=zz_moto_stat_sys_data_fully_connected_e_wide Activity=zz_moto_stat_sys_data_fully_connected_signal_out_wide in=false out=false Accessibility="Edge"
W/Babel   ( 1739): bbo TOOK TOO LONG! (15001ms > 10000ms)
I/Babel   ( 1739): Invalid account: 1 isEmptyName: true nameEqualsGaiaId: false
I/Babel   ( 1739): Deleting: false for 1
I/SBar.MSimNetwCntrl( 1115): onSignalStrengthsChanged[0]:SignalStrength: 7 0 -120 -160 -120 -1 -1 99 2147483647 2147483647 2147483647 2147483647 2147483647 gsm|lte 0 -108 -1 false 2 2 0 0 0 99 99 99 4 level=2
D/SBar.MSimNetwCntrl( 1115): updateTelephonySignalStrength[0]: iconList[iconLevel]=7f020291/zz_moto_stat_sys_signal_2_fully_wide iconLevel=2 mMSimMobileInetCondition=0 mMSimMobileInetConditionSB=1
D/SBar.MSimNetwCntrl( 1115): updateDataIcon[0]: subscription=0
D/SBar.MSimNetwCntrl( 1115): updateDataIcon[0]: dataSub=0
D/SBar.MSimNetwCntrl( 1115): updateDataIcon[0]: SimState=READY
I/SBar.MSimNetwCntrl( 1115): notifySignalsChangedCallbacks[0]: isEmergencyOnly(0)=false enabled=true sim=(none)="(empty)" signal=zz_moto_stat_sys_signal_2_wide="Phone two bars." roaming=(none)="Not roaming."
I/SBar.MSimNetwCntrl( 1115):  type=zz_moto_stat_sys_data_connected_e_wide="Edge" activity=zz_moto_stat_sys_data_connected_signal_out_wide="(empty)"
I/SBar.MSimNetwCntrl( 1115):  slot=1="1" network="AIRCEL"
I/SBar.MSimNetwCntrl( 1115): refreshSignalCluster[0]: mobile: Signal=zz_moto_stat_sys_signal_2_fully_wide Roaming=(none) mMSimSimIconId[0]=(none) Accessibility="Phone two bars.","Not roaming.",""
D/AlarmManagerService( 1039): Kernel timezone updated to -330 minutes west of GMT
D/        ( 1261): Setting time of day to sec=1483076943
W/        ( 1261): Unable to set rtc to 1483076943: Invalid argument
I/ActivityManager( 1039): Start proc com.android.calendar for broadcast com.android.calendar/.widget.CalendarAppWidgetService$CalendarFactory: pid=1966 uid=10006 gids={50006, 3003}
D/ExtensionsFactory( 1966): No custom extensions.
I/ActivityManager( 1039): Start proc com.android.deskclock for broadcast com.android.deskclock/.AlarmInitReceiver: pid=1985 uid=10014 gids={50014, 1028}
I/ActivityManager( 1039): Start proc com.android.providers.calendar for content provider com.android.providers.calendar/.CalendarProvider2: pid=2000 uid=10007 gids={50007, 3003, 1028, 1015}
I/ActivityManager( 1039): Killing 1697:com.android.chrome/u0a54 (adj 15): empty #9
W/ContextImpl( 1267): Calling a method in the system process without a qualified user: android.app.ContextImpl.sendBroadcast:1252 android.content.ContextWrapper.sendBroadcast:365 com.motorola.motocare.util.TriggerHelper$TriggerBuilder.send:76 com.motorola.motocare.internal.frameworkevents.ProcessKillTrigger.sendTrigger:147 com.motorola.motocare.internal.frameworkevents.ProcessKillTrigger.handleFrameworkEvent:164 
V/AlarmClock( 1985): AlarmInitReceiver android.intent.action.TIME_SET
I/CalendarProvider2( 2000): Created com.android.providers.calendar.CalendarAlarmManager@41978a08(com.android.providers.calendar.CalendarProvider2@419705c0)
I/AlarmClock( 1985): Displaying next alarm time: ''
V/AlarmClock( 1985): AlarmInitReceiver finished
I/ActivityManager( 1039): Killing 1712:com.estrongs.android.pop/u0a97 (adj 15): empty #9
W/ContextImpl( 1267): Calling a method in the system process without a qualified user: android.app.ContextImpl.sendBroadcast:1252 android.content.ContextWrapper.sendBroadcast:365 com.motorola.motocare.util.TriggerHelper$TriggerBuilder.send:76 com.motorola.motocare.internal.frameworkevents.ProcessKillTrigger.sendTrigger:147 com.motorola.motocare.internal.frameworkevents.ProcessKillTrigger.handleFrameworkEvent:164 
I/ActivityManager( 1039): Start proc com.qualcomm.timeservice for broadcast com.qualcomm.timeservice/.TimeServiceBroadcastReceiver: pid=2018 uid=10090 gids={50090}
W/ActivityManager( 1039): Service ServiceRecord{42676f20 u0 com.estrongs.android.pop/com.estrongs.android.ui.notification.ESTaskService} in process ProcessRecord{4263c728 1712:com.estrongs.android.pop/u0a97} not same as in map: null
D/dalvikvm( 2018): No JNI_OnLoad found in /vendor/lib/libTimeService.so 0x41964ac8, skipping init
D/TimeService( 2018): Receivedandroid.intent.action.TIME_SET intent. Current Time is 1483076943302
D/        ( 2018): TimeServiceNative: User Time to be set is 1483076943302
D/QC-time-services( 2018): Lib:time_genoff_operation: pargs->base = 2
D/QC-time-services( 2018): Lib:time_genoff_operation: pargs->operation = 0
D/QC-time-services( 2018): Lib:time_genoff_operation: pargs->ts_val = 1483076943302
D/QC-time-services(  339): Daemon: Connection accepted:time_genoff
D/QC-time-services( 2018): Lib:time_genoff_operation: Send to server  passed!!
D/QC-time-services(  339): Daemon:Received base = 2, unit = 1, operation = 0,value = 1483076943302
D/QC-time-services(  339): Daemon:genoff_opr: Base = 2, val = 1483076943302, operation = 0
D/QC-time-services(  339): Daemon:rtc_get: Time read from RTC -- MM/DD/YY HH:MM:SS0/1/70 21:51:13
D/QC-time-services(  339): Daemon:Value read from RTC seconds = 78673000
D/QC-time-services(  339): Daemon:new time 1483076943302 
D/QC-time-services(  339): Daemon: delta 1482998270302 genoff 1482998270302 
D/QC-time-services(  339): Daemon:genoff_persistent_update: Writing genoff = 1482998270302 to memory
D/QC-time-services(  339): Daemon:Opening File: /data/time/ats_2
D/QC-time-services(  339): Daemon:time_persistent_memory_opr:Genoff write operation 
D/QC-time-services(  339): Updating the TOD offset
D/QC-time-services(  339): Daemon:genoff_persistent_update: Writing genoff = 1482998270302 to memory
D/QC-time-services(  339): Daemon:Opening File: /data/time/ats_1
D/QC-time-services(  339): Daemon:time_persistent_memory_opr:Genoff write operation 
E/QC-time-services(  339): Daemon:Update to modem bit set
D/QC-time-services(  339): Daemon:genoff_send_modem: Sending data to MODEM !
D/QC-time-services(  339): Daemon: Base = 2, Value being sent to MODEM = 1167033470302
E/QC-time-services( 2018): Receive Passed == base = 2, unit = 1, operation = 0, result = 0
E/QC-time-services(  339): Daemon:tod_update_ind_cb: Got Update from modem msg_id 40
E/QC-time-services(  339): Daemon: Time-services: Waiting to acceptconnection
I/ActivityManager( 1039): Start proc com.motorola.context for broadcast com.motorola.context/.receiver.DateChangeBroadcastReceiver: pid=2033 uid=10010 gids={50010, 3001, 3002, 3003}
D/dalvikvm(  263): GC_EXPLICIT freed 41K, 75% free 2821K/11124K, paused 1ms+2ms, total 16ms
D/dalvikvm(  263): GC_EXPLICIT freed <1K, 75% free 2821K/11124K, paused 1ms+1ms, total 16ms
I/SBar.MSimNetwCntrl( 1115): onDataActivity[0]: received on subscription :0direction=0
D/SBar.MSimNetwCntrl( 1115): updateTelephonySignalStrength[0]: iconList[iconLevel]=7f020291/zz_moto_stat_sys_signal_2_fully_wide iconLevel=2 mMSimMobileInetCondition=0 mMSimMobileInetConditionSB=1
D/SBar.MSimNetwCntrl( 1115): updateDataIcon[0]: subscription=0
D/SBar.MSimNetwCntrl( 1115): updateDataIcon[0]: dataSub=0
D/SBar.MSimNetwCntrl( 1115): updateDataIcon[0]: SimState=READY
D/dalvikvm(  263): GC_EXPLICIT freed <1K, 75% free 2821K/11124K, paused 1ms+1ms, total 16ms
I/SBar.MSimNetwCntrl( 1115): notifySignalsChangedCallbacks[0]: isEmergencyOnly(0)=false enabled=true sim=(none)="(empty)" signal=zz_moto_stat_sys_signal_2_wide="Phone two bars." roaming=(none)="Not roaming."
I/SBar.MSimNetwCntrl( 1115):  type=zz_moto_stat_sys_data_connected_e_wide="Edge" activity=zz_moto_stat_sys_data_connected_signal_none_wide="(empty)"
I/SBar.MSimNetwCntrl( 1115):  slot=1="1" network="AIRCEL"
I/SBar.MSimNetwCntrl( 1115): refreshSignalCluster[0]: mobile: mMSimHasMobileDataFeature[0]=true DataTypeShown=zz_moto_stat_sys_data_fully_connected_e_wide Activity=zz_moto_stat_sys_data_fully_connected_signal_none_wide in=false out=false Accessibility="Edge"
I/ActivityManager( 1039): Killing 1428:android.process.acore/u0a9 (adj 15): empty #9
W/ContextImpl( 1267): Calling a method in the system process without a qualified user: android.app.ContextImpl.sendBroadcast:1252 android.content.ContextWrapper.sendBroadcast:365 com.motorola.motocare.util.TriggerHelper$TriggerBuilder.send:76 com.motorola.motocare.internal.frameworkevents.ProcessKillTrigger.sendTrigger:147 com.motorola.motocare.internal.frameworkevents.ProcessKillTrigger.handleFrameworkEvent:164 
E/ChimeraRcvrProxy( 2366): Chimera config error: com.google.android.chimera.config.InvalidConfigException: No registered Chimera receiver impl for ComponentInfo{com.google.android.gms/com.google.android.gms.reminders.notification.NotificationReceiver}
E/ChimeraRcvrProxy( 2366): com.google.android.gms.reminders.notification.NotificationReceiver dropping broadcast android.intent.action.TIME_SET
I/CalendarProvider2( 2000): Sending notification intent: Intent { act=android.intent.action.PROVIDER_CHANGED dat=content://com.android.calendar }
W/ContentResolver( 2000): Failed to get type for: content://com.android.calendar (Unknown URL content://com.android.calendar)
D/AlertReceiver( 1966): onReceive: a=android.intent.action.PROVIDER_CHANGED Intent { act=android.intent.action.PROVIDER_CHANGED dat=content://com.android.calendar flg=0x10 cmp=com.android.calendar/.alerts.AlertReceiver }
I/SBar.MSimNetwCntrl( 1115): onDataActivity[0]: received on subscription :0direction=2
D/SBar.MSimNetwCntrl( 1115): updateTelephonySignalStrength[0]: iconList[iconLevel]=7f020291/zz_moto_stat_sys_signal_2_fully_wide iconLevel=2 mMSimMobileInetCondition=0 mMSimMobileInetConditionSB=1
D/SBar.MSimNetwCntrl( 1115): updateDataIcon[0]: subscription=0
D/SBar.MSimNetwCntrl( 1115): updateDataIcon[0]: dataSub=0
D/SBar.MSimNetwCntrl( 1115): updateDataIcon[0]: SimState=READY
D/AlertService( 1966): 0 Action = android.intent.action.PROVIDER_CHANGED
I/SBar.MSimNetwCntrl( 1115): notifySignalsChangedCallbacks[0]: isEmergencyOnly(0)=false enabled=true sim=(none)="(empty)" signal=zz_moto_stat_sys_signal_2_wide="Phone two bars." roaming=(none)="Not roaming."
I/SBar.MSimNetwCntrl( 1115):  type=zz_moto_stat_sys_data_connected_e_wide="Edge" activity=zz_moto_stat_sys_data_connected_signal_out_wide="(empty)"
I/SBar.MSimNetwCntrl( 1115):  slot=1="1" network="AIRCEL"
I/SBar.MSimNetwCntrl( 1115): refreshSignalCluster[0]: mobile: mMSimHasMobileDataFeature[0]=true DataTypeShown=zz_moto_stat_sys_data_fully_connected_e_wide Activity=zz_moto_stat_sys_data_fully_connected_signal_out_wide in=false out=false Accessibility="Edge"
I/SBar.MSimNetwCntrl( 1115): onDataActivity[0]: received on subscription :0direction=0
D/SBar.MSimNetwCntrl( 1115): updateTelephonySignalStrength[0]: iconList[iconLevel]=7f020291/zz_moto_stat_sys_signal_2_fully_wide iconLevel=2 mMSimMobileInetCondition=0 mMSimMobileInetConditionSB=1
D/SBar.MSimNetwCntrl( 1115): updateDataIcon[0]: subscription=0
D/SBar.MSimNetwCntrl( 1115): updateDataIcon[0]: dataSub=0
D/SBar.MSimNetwCntrl( 1115): updateDataIcon[0]: SimState=READY
I/SBar.MSimNetwCntrl( 1115): notifySignalsChangedCallbacks[0]: isEmergencyOnly(0)=false enabled=true sim=(none)="(empty)" signal=zz_moto_stat_sys_signal_2_wide="Phone two bars." roaming=(none)="Not roaming."
I/SBar.MSimNetwCntrl( 1115):  type=zz_moto_stat_sys_data_connected_e_wide="Edge" activity=zz_moto_stat_sys_data_connected_signal_none_wide="(empty)"
I/SBar.MSimNetwCntrl( 1115):  slot=1="1" network="AIRCEL"
I/SBar.MSimNetwCntrl( 1115): refreshSignalCluster[0]: mobile: mMSimHasMobileDataFeature[0]=true DataTypeShown=zz_moto_stat_sys_data_fully_connected_e_wide Activity=zz_moto_stat_sys_data_fully_connected_signal_none_wide in=false out=false Accessibility="Edge"
V/AlarmManager( 1039): sending alarm Alarm{42392b38 type 3 com.google.android.gms}
W/ContextImpl( 1267): Calling a method in the system process without a qualified user: android.app.ContextImpl.sendBroadcast:1252 android.content.ContextWrapper.sendBroadcast:365 com.motorola.motocare.util.TriggerHelper$TriggerBuilder.send:76 com.motorola.motocare.internal.frameworkevents.PauseResumeTrigger.handleFrameworkEvent:53 com.motorola.motocare.internal.frameworkevents.FwEventMonitor$FrameworkListener.processFrameworkEvent:114 
D/UsbDeviceManager( 1039): MSG_USER_PRESENT
D/3CDM.DeviceAdminPushReceiver( 1950): Received an Intent - Action: android.intent.action.USER_PRESENT
D/3CDM.DeviceAdminPushReceiver( 1950): Type: null
D/3CDM.DeviceAdminPushReceiver( 1950): Data: null
D/3CDM.Service( 1950): android.intent.action.USER_PRESENT
D/PhoneStatusBar( 1115): disable: < expand icons alerts ticker system_info back* home* recent* clock* search >
D/3CDM.Service( 1950): Phone was locked and now it is unlocked now.
